ARM Linker, 5.03 [Build 24] [MDK-ARM Standard]

==============================================================================

Section Cross References

    app.o(.text) refers to iwdg_driver.o(.text) for IWDG_Feed
    app.o(.text) refers to timer.o(.text) for TimerProc
    app.o(.text) refers to sys_time.o(.text) for sys_time_proc
    app.o(.text) refers to serial.o(.text) for Serial_CheckRcvIdleTime
    app.o(.text) refers to beep.o(.text) for RunToggle
    app.o(.text) refers to display.o(.text) for Disp_SecondTask
    app.o(.text) refers to sapp.o(.text) for SHZNAPP_SerialUnknowProc
    app.o(.text) refers to voslog.o(.text) for VOS_SetLogLevel
    app.o(.text) refers to uartcmd.o(.text) for UartCmdSetLogLevel
    app.o(.text) refers to gpio.o(.text) for stm32_gpio_init
    app.o(.text) refers to dica.o(.text) for Ioctrl_input_init
    app.o(.text) refers to relay.o(.text) for InitRelays
    app.o(.text) refers to rtc_driver.o(.text) for RTC_Config
    app.o(.text) refers to osal_snv.o(.text) for osal_snv_init
    app.o(.text) refers to config.o(.text) for Config_Init
    app.o(.text) refers to cancmd.o(.text) for CanCmdInit
    app.o(.text) refers to keyboard.o(.text) for KeyboardInit
    app.o(.text) refers to multiplex.o(.text) for MultiplexInit
    app.o(.text) refers to adc.o(.text) for ADC_Meas_Init
    app.o(.text) refers to valve.o(.text) for ValveInit
    app.o(.text) refers to qmi.o(.text) for appQmiInit
    app.o(.text) refers to msg.o(.text) for MessageAlloc
    app.o(.text) refers to bsp.o(.text) for BSP_Init
    app.o(.text) refers to task.o(.text) for VOS_CreateTask
    app.o(.text) refers to os_task.o(.text) for OSTaskNameSet
    app.o(.text) refers to os_time.o(.text) for OSTimeDlyHMSM
    app.o(.text) refers to cpu_a.o(.text) for CPU_IntDis
    app.o(.text) refers to misc.o(.text) for NVIC_SetVectorTable
    app.o(.text) refers to os_core.o(.text) for OSInit
    app.o(.text) refers to app.o(.data) for .data
    app.o(.text) refers to sapp.o(.data) for sappItfType
    app.o(.text) refers to sapp.o(.constdata) for sbBuf
    app.o(.text) refers to app.o(.bss) for .bss
    stm32f10x_it.o(.text) refers to os_cpu_a.o(.text) for OS_CPU_SR_Save
    stm32f10x_it.o(.text) refers to os_core.o(.text) for OSTimeTick
    stm32f10x_it.o(.text) refers to stm32f10x_can.o(.text) for CAN_GetITStatus
    stm32f10x_it.o(.text) refers to cancmd.o(.text) for SndCanData
    stm32f10x_it.o(.text) refers to msg.o(.text) for MessageAlloc
    stm32f10x_it.o(.text) refers to stm32f10x_usart.o(.text) for USART_GetITStatus
    stm32f10x_it.o(.text) refers to serial.o(.text) for Serial_FillRcvBuf
    stm32f10x_it.o(.text) refers to uartcmd.o(.text) for UartCmdPutData
    stm32f10x_it.o(.text) refers to stm32f10x_tim.o(.text) for TIM_GetITStatus
    stm32f10x_it.o(.text) refers to timer_driver.o(.text) for TIM_event_handler
    stm32f10x_it.o(.text) refers to stm32f10x_exti.o(.text) for EXTI_GetITStatus
    stm32f10x_it.o(.text) refers to gpio.o(.text) for sensor_event_handler
    stm32f10x_it.o(.text) refers to os_core.o(.data) for OSRunning
    stm32f10x_it.o(.text) refers to serial.o(.bss) for Serial
    stm32f10x_it.o(.text) refers to stm32f10x_adc.o(.text) for ADC_GetITStatus
    stm32f10x_it.o(.text) refers to adc.o(.text) for AdcDmaHandler
    stm32f10x_it.o(.text) refers to printf8.o(i.__0printf$8) for __2printf
    config.o(.text) refers to osal_snv.o(.text) for osal_snv_write
    config.o(.text) refers to memseta.o(.text) for __aeabi_memclr4
    config.o(.text) refers to strcpy.o(.text) for strcpy
    config.o(.text) refers to memcpya.o(.text) for __aeabi_memcpy
    config.o(.text) refers to sapp.o(.text) for SHZNAPP_SerialResp
    config.o(.text) refers to os_cpu_a.o(.text) for OS_CPU_SR_Save
    config.o(.text) refers to stm32f10x_flash.o(.text) for FLASH_Unlock
    config.o(.text) refers to iwdg_driver.o(.text) for IWDG_Feed
    config.o(.text) refers to serial.o(.text) for SerialInit
    config.o(.text) refers to rtc_driver.o(.text) for RTC_Set
    config.o(.text) refers to beep.o(.text) for MainBeepWithDuration
    config.o(.text) refers to config.o(.constdata) for .constdata
    config.o(.text) refers to config.o(.data) for .data
    config.o(.text) refers to config.o(.bss) for .bss
    config.o(.text) refers to sapp.o(.constdata) for sbBuf
    config.o(.text) refers to sapp.o(.data) for sappItfPort
    config.o(.text) refers to rtc_driver.o(.bss) for timer
    relay.o(.text) refers to gpio.o(.text) for stm32_gpio_cfgpin
    relay.o(.text) refers to memseta.o(.text) for __aeabi_memclr4
    relay.o(.text) refers to sys_time.o(.text) for sys_timeout
    relay.o(.text) refers to relay.o(.constdata) for .constdata
    relay.o(.text) refers to relay.o(.bss) for .bss
    dica.o(.text) refers to stm32f10x_gpio.o(.text) for GPIO_PinRemapConfig
    dica.o(.text) refers to gpio.o(.text) for stm32_gpio_cfgpin
    dica.o(.text) refers to dica.o(.constdata) for .constdata
[...]
    TIM_InternalClockConfig                  0x080078c5   Thumb Code    10  stm32f10x_tim.o(.text)
    TIM_SelectInputTrigger                   0x080078cf   Thumb Code    12  stm32f10x_tim.o(.text)
    TIM_ITRxExternalClockConfig              0x080078db   Thumb Code    18  stm32f10x_tim.o(.text)
    TIM_TIxExternalClockConfig               0x080078ed   Thumb Code    46  stm32f10x_tim.o(.text)
    TIM_ETRConfig                            0x0800791b   Thumb Code    24  stm32f10x_tim.o(.text)
    TIM_ETRClockMode1Config                  0x08007933   Thumb Code    18  stm32f10x_tim.o(.text)
    TIM_ETRClockMode2Config                  0x08007945   Thumb Code    18  stm32f10x_tim.o(.text)
    TIM_PrescalerConfig                      0x08007957   Thumb Code     6  stm32f10x_tim.o(.text)
    TIM_CounterModeConfig                    0x0800795d   Thumb Code    12  stm32f10x_tim.o(.text)
    TIM_EncoderInterfaceConfig               0x08007969   Thumb Code    50  stm32f10x_tim.o(.text)
    TIM_ForcedOC1Config                      0x0800799b   Thumb Code    12  stm32f10x_tim.o(.text)
    TIM_ForcedOC2Config                      0x080079a7   Thumb Code    20  stm32f10x_tim.o(.text)
    TIM_ForcedOC3Config                      0x080079bb   Thumb Code    12  stm32f10x_tim.o(.text)
    TIM_ForcedOC4Config                      0x080079c7   Thumb Code    20  stm32f10x_tim.o(.text)
    TIM_ARRPreloadConfig                     0x080079db   Thumb Code    20  stm32f10x_tim.o(.text)
    TIM_SelectCOM                            0x080079ef   Thumb Code    20  stm32f10x_tim.o(.text)
    TIM_SelectCCDMA                          0x08007a03   Thumb Code    20  stm32f10x_tim.o(.text)
    TIM_CCPreloadControl                     0x08007a17   Thumb Code    20  stm32f10x_tim.o(.text)
    TIM_OC1PreloadConfig                     0x08007a2b   Thumb Code    12  stm32f10x_tim.o(.text)
    TIM_OC2PreloadConfig                     0x08007a37   Thumb Code    20  stm32f10x_tim.o(.text)
    TIM_OC3PreloadConfig                     0x08007a4b   Thumb Code    12  stm32f10x_tim.o(.text)
    TIM_OC4PreloadConfig                     0x08007a57   Thumb Code    20  stm32f10x_tim.o(.text)
    TIM_OC1FastConfig                        0x08007a6b   Thumb Code    12  stm32f10x_tim.o(.text)
    TIM_OC2FastConfig                        0x08007a77   Thumb Code    20  stm32f10x_tim.o(.text)
    TIM_OC3FastConfig                        0x08007a8b   Thumb Code    12  stm32f10x_tim.o(.text)
    TIM_OC4FastConfig                        0x08007a97   Thumb Code    20  stm32f10x_tim.o(.text)
    TIM_ClearOC1Ref                          0x08007aab   Thumb Code    12  stm32f10x_tim.o(.text)
    TIM_ClearOC2Ref                          0x08007ab7   Thumb Code    20  stm32f10x_tim.o(.text)
    TIM_ClearOC3Ref                          0x08007acb   Thumb Code    12  stm32f10x_tim.o(.text)
    TIM_ClearOC4Ref                          0x08007ad7   Thumb Code    20  stm32f10x_tim.o(.text)
    TIM_OC1PolarityConfig                    0x08007aeb   Thumb Code    12  stm32f10x_tim.o(.text)
    TIM_OC1NPolarityConfig                   0x08007af7   Thumb Code    12  stm32f10x_tim.o(.text)
    TIM_OC2PolarityConfig                    0x08007b03   Thumb Code    20  stm32f10x_tim.o(.text)
    TIM_OC2NPolarityConfig                   0x08007b17   Thumb Code    20  stm32f10x_tim.o(.text)
    TIM_OC3PolarityConfig                    0x08007b2b   Thumb Code    20  stm32f10x_tim.o(.text)
    TIM_OC3NPolarityConfig                   0x08007b3f   Thumb Code    20  stm32f10x_tim.o(.text)
    TIM_OC4PolarityConfig                    0x08007b53   Thumb Code    20  stm32f10x_tim.o(.text)
    TIM_CCxCmd                               0x08007b67   Thumb Code    22  stm32f10x_tim.o(.text)
    TIM_CCxNCmd                              0x08007b7d   Thumb Code    22  stm32f10x_tim.o(.text)
    TIM_SelectOCxM                           0x08007b93   Thumb Code    70  stm32f10x_tim.o(.text)
    TIM_UpdateDisableConfig                  0x08007bd9   Thumb Code    20  stm32f10x_tim.o(.text)
    TIM_UpdateRequestConfig                  0x08007bed   Thumb Code    20  stm32f10x_tim.o(.text)
    TIM_SelectHallSensor                     0x08007c01   Thumb Code    20  stm32f10x_tim.o(.text)
    TIM_SelectOnePulseMode                   0x08007c15   Thumb Code    16  stm32f10x_tim.o(.text)
    TIM_SelectOutputTrigger                  0x08007c25   Thumb Code    16  stm32f10x_tim.o(.text)
    TIM_SelectSlaveMode                      0x08007c35   Thumb Code    16  stm32f10x_tim.o(.text)
    TIM_SelectMasterSlaveMode                0x08007c45   Thumb Code    16  stm32f10x_tim.o(.text)
    TIM_SetCounter                           0x08007c55   Thumb Code     4  stm32f10x_tim.o(.text)
    TIM_SetAutoreload                        0x08007c59   Thumb Code     4  stm32f10x_tim.o(.text)
    TIM_SetCompare1                          0x08007c5d   Thumb Code     4  stm32f10x_tim.o(.text)
    TIM_SetCompare2                          0x08007c61   Thumb Code     4  stm32f10x_tim.o(.text)
    TIM_SetCompare3                          0x08007c65   Thumb Code     4  stm32f10x_tim.o(.text)
    TIM_SetCompare4                          0x08007c69   Thumb Code     6  stm32f10x_tim.o(.text)
    TIM_SetClockDivision                     0x08007c6f   Thumb Code    16  stm32f10x_tim.o(.text)
    TIM_GetCapture1                          0x08007c7f   Thumb Code     4  stm32f10x_tim.o(.text)
    TIM_GetCapture2                          0x08007c83   Thumb Code     4  stm32f10x_tim.o(.text)
    TIM_GetCapture3                          0x08007c87   Thumb Code     4  stm32f10x_tim.o(.text)
    TIM_GetCapture4                          0x08007c8b   Thumb Code     6  stm32f10x_tim.o(.text)
    TIM_GetCounter                           0x08007c91   Thumb Code     4  stm32f10x_tim.o(.text)
    TIM_GetPrescaler                         0x08007c95   Thumb Code     4  stm32f10x_tim.o(.text)
    TIM_GetFlagStatus                        0x08007c99   Thumb Code    14  stm32f10x_tim.o(.text)
    TIM_ClearFlag                            0x08007ca7   Thumb Code     6  stm32f10x_tim.o(.text)
    TIM_GetITStatus                          0x08007cad   Thumb Code    24  stm32f10x_tim.o(.text)
    TIM_ClearITPendingBit                    0x08007cc5   Thumb Code     6  stm32f10x_tim.o(.text)
    RTC_ITConfig                             0x08007cf9   Thumb Code    18  stm32f10x_rtc.o(.text)
    RTC_EnterConfigMode                      0x08007d0b   Thumb Code    14  stm32f10x_rtc.o(.text)
    RTC_ExitConfigMode                       0x08007d19   Thumb Code    14  stm32f10x_rtc.o(.text)
    RTC_GetCounter                           0x08007d27   Thumb Code    18  stm32f10x_rtc.o(.text)
    RTC_SetCounter                           0x08007d39   Thumb Code    26  stm32f10x_rtc.o(.text)
    RTC_SetPrescaler                         0x08007d53   Thumb Code    28  stm32f10x_rtc.o(.text)
    RTC_SetAlarm                             0x08007d6f   Thumb Code    26  stm32f10x_rtc.o(.text)
    RTC_GetDivider                           0x08007d89   Thumb Code    20  stm32f10x_rtc.o(.text)
    RTC_WaitForLastTask                      0x08007d9d   Thumb Code    12  stm32f10x_rtc.o(.text)
    RTC_WaitForSynchro                       0x08007da9   Thumb Code    20  stm32f10x_rtc.o(.text)
    RTC_GetFlagStatus                        0x08007dbd   Thumb Code    18  stm32f10x_rtc.o(.text)
    RTC_ClearFlag                            0x08007dcf   Thumb Code    12  stm32f10x_rtc.o(.text)
    RTC_GetITStatus                          0x08007ddb   Thumb Code    28  stm32f10x_rtc.o(.text)
    RTC_ClearITPendingBit                    0x08007df7   Thumb Code    12  stm32f10x_rtc.o(.text)
    FLASH_SetLatency                         0x08007e09   Thumb Code    14  stm32f10x_flash.o(.text)
    FLASH_HalfCycleAccessCmd                 0x08007e17   Thumb Code    18  stm32f10x_flash.o(.text)
    FLASH_PrefetchBufferCmd                  0x08007e29   Thumb Code    18  stm32f10x_flash.o(.text)
    FLASH_Unlock                             0x08007e3b   Thumb Code    12  stm32f10x_flash.o(.text)
    FLASH_UnlockBank1                        0x08007e47   Thumb Code    12  stm32f10x_flash.o(.text)
    FLASH_Lock                               0x08007e53   Thumb Code    12  stm32f10x_flash.o(.text)
    FLASH_LockBank1                          0x08007e5f   Thumb Code    12  stm32f10x_flash.o(.text)
    FLASH_GetBank1Status                     0x08007e6b   Thumb Code    34  stm32f10x_flash.o(.text)
    FLASH_WaitForLastOperation               0x08007e8d   Thumb Code    34  stm32f10x_flash.o(.text)
    FLASH_ErasePage                          0x08007eaf   Thumb Code    60  stm32f10x_flash.o(.text)
    FLASH_EraseAllPages                      0x08007eeb   Thumb Code    56  stm32f10x_flash.o(.text)
    FLASH_WaitForLastBank1Operation          0x08007f23   Thumb Code    34  stm32f10x_flash.o(.text)
    FLASH_EraseAllBank1Pages                 0x08007f45   Thumb Code    56  stm32f10x_flash.o(.text)
    FLASH_GetReadOutProtectionStatus         0x08007f7d   Thumb Code    14  stm32f10x_flash.o(.text)
    FLASH_EraseOptionBytes                   0x08007f8b   Thumb Code   108  stm32f10x_flash.o(.text)
    FLASH_ProgramWord                        0x08007ff7   Thumb Code    76  stm32f10x_flash.o(.text)
    FLASH_ProgramHalfWord                    0x08008043   Thumb Code    52  stm32f10x_flash.o(.text)
    FLASH_ProgramOptionByteData              0x08008077   Thumb Code    62  stm32f10x_flash.o(.text)
    FLASH_EnableWriteProtection              0x080080b5   Thumb Code   158  stm32f10x_flash.o(.text)
    FLASH_ReadOutProtection                  0x08008153   Thumb Code   118  stm32f10x_flash.o(.text)
    FLASH_UserOptionByteConfig               0x080081c9   Thumb Code    96  stm32f10x_flash.o(.text)
    FLASH_GetUserOptionByte                  0x08008229   Thumb Code     8  stm32f10x_flash.o(.text)
    FLASH_GetWriteProtectionOptionByte       0x08008231   Thumb Code     6  stm32f10x_flash.o(.text)
    FLASH_GetPrefetchBufferStatus            0x08008237   Thumb Code    14  stm32f10x_flash.o(.text)
    FLASH_ITConfig                           0x08008245   Thumb Code    18  stm32f10x_flash.o(.text)
    FLASH_GetFlagStatus                      0x08008257   Thumb Code    28  stm32f10x_flash.o(.text)
    FLASH_ClearFlag                          0x08008273   Thumb Code     6  stm32f10x_flash.o(.text)
    FLASH_GetStatus                          0x08008279   Thumb Code    34  stm32f10x_flash.o(.text)
    ADC_DeInit                               0x080082a1   Thumb Code    56  stm32f10x_adc.o(.text)
    ADC_Init                                 0x080082d9   Thumb Code    62  stm32f10x_adc.o(.text)
    ADC_StructInit                           0x08008317   Thumb Code    18  stm32f10x_adc.o(.text)
    ADC_Cmd                                  0x08008329   Thumb Code    20  stm32f10x_adc.o(.text)
    ADC_DMACmd                               0x0800833d   Thumb Code    20  stm32f10x_adc.o(.text)
    ADC_ITConfig                             0x08008351   Thumb Code    18  stm32f10x_adc.o(.text)
    ADC_ResetCalibration                     0x08008363   Thumb Code    10  stm32f10x_adc.o(.text)
    ADC_GetResetCalibrationStatus            0x0800836d   Thumb Code    14  stm32f10x_adc.o(.text)
    ADC_StartCalibration                     0x0800837b   Thumb Code    10  stm32f10x_adc.o(.text)
    ADC_GetCalibrationStatus                 0x08008385   Thumb Code    14  stm32f10x_adc.o(.text)
    ADC_SoftwareStartConvCmd                 0x08008393   Thumb Code    20  stm32f10x_adc.o(.text)
    ADC_GetSoftwareStartConvStatus           0x080083a7   Thumb Code    14  stm32f10x_adc.o(.text)
    ADC_DiscModeChannelCountConfig           0x080083b5   Thumb Code    16  stm32f10x_adc.o(.text)
    ADC_DiscModeCmd                          0x080083c5   Thumb Code    20  stm32f10x_adc.o(.text)
    ADC_RegularChannelConfig                 0x080083d9   Thumb Code   116  stm32f10x_adc.o(.text)
    ADC_ExternalTrigConvCmd                  0x0800844d   Thumb Code    20  stm32f10x_adc.o(.text)
    ADC_GetConversionValue                   0x08008461   Thumb Code     6  stm32f10x_adc.o(.text)
    ADC_GetDualModeConversionValue           0x08008467   Thumb Code     8  stm32f10x_adc.o(.text)
    ADC_AutoInjectedConvCmd                  0x0800846f   Thumb Code    20  stm32f10x_adc.o(.text)
    ADC_InjectedDiscModeCmd                  0x08008483   Thumb Code    20  stm32f10x_adc.o(.text)
    ADC_ExternalTrigInjectedConvConfig       0x08008497   Thumb Code    12  stm32f10x_adc.o(.text)
    ADC_ExternalTrigInjectedConvCmd          0x080084a3   Thumb Code    20  stm32f10x_adc.o(.text)
    ADC_SoftwareStartInjectedConvCmd         0x080084b7   Thumb Code    20  stm32f10x_adc.o(.text)
    ADC_GetSoftwareStartInjectedConvCmdStatus 0x080084cb   Thumb Code    14  stm32f10x_adc.o(.text)
    ADC_InjectedChannelConfig                0x080084d9   Thumb Code    74  stm32f10x_adc.o(.text)
    ADC_InjectedSequencerLengthConfig        0x08008523   Thumb Code    16  stm32f10x_adc.o(.text)
    ADC_SetInjectedOffset                    0x08008533   Thumb Code    10  stm32f10x_adc.o(.text)
    ADC_GetInjectedConversionValue           0x0800853d   Thumb Code    14  stm32f10x_adc.o(.text)
    ADC_AnalogWatchdogCmd                    0x0800854b   Thumb Code    12  stm32f10x_adc.o(.text)
    ADC_AnalogWatchdogThresholdsConfig       0x08008557   Thumb Code     6  stm32f10x_adc.o(.text)
    ADC_AnalogWatchdogSingleChannelConfig    0x0800855d   Thumb Code    12  stm32f10x_adc.o(.text)
    ADC_TempSensorVrefintCmd                 0x08008569   Thumb Code    24  stm32f10x_adc.o(.text)
    ADC_GetFlagStatus                        0x08008581   Thumb Code    14  stm32f10x_adc.o(.text)
    ADC_ClearFlag                            0x0800858f   Thumb Code     6  stm32f10x_adc.o(.text)
    ADC_GetITStatus                          0x08008595   Thumb Code    28  stm32f10x_adc.o(.text)
    ADC_ClearITPendingBit                    0x080085b1   Thumb Code     8  stm32f10x_adc.o(.text)
    CAN_DeInit                               0x080085d1   Thumb Code    38  stm32f10x_can.o(.text)
    CAN_Init                                 0x080085f7   Thumb Code   232  stm32f10x_can.o(.text)
    CAN_FilterInit                           0x080086df   Thumb Code   190  stm32f10x_can.o(.text)
    CAN_StructInit                           0x0800879d   Thumb Code    32  stm32f10x_can.o(.text)
    CAN_SlaveStartBank                       0x080087bd   Thumb Code    38  stm32f10x_can.o(.text)
    CAN_ITConfig                             0x080087e3   Thumb Code    16  stm32f10x_can.o(.text)
    CAN_Transmit                             0x080087f3   Thumb Code   152  stm32f10x_can.o(.text)
    CAN_TransmitStatus                       0x0800888b   Thumb Code   118  stm32f10x_can.o(.text)
    CAN_CancelTransmit                       0x08008901   Thumb Code    36  stm32f10x_can.o(.text)
    CAN_FIFORelease                          0x08008925   Thumb Code    12  stm32f10x_can.o(.text)
    CAN_MessagePending                       0x08008931   Thumb Code    22  stm32f10x_can.o(.text)
    CAN_Receive                              0x08008947   Thumb Code   114  stm32f10x_can.o(.text)
    CAN_DBGFreeze                            0x080089b9   Thumb Code    20  stm32f10x_can.o(.text)
    CAN_Sleep                                0x080089cd   Thumb Code    30  stm32f10x_can.o(.text)
    CAN_WakeUp                               0x080089eb   Thumb Code    42  stm32f10x_can.o(.text)
    CAN_GetFlagStatus                        0x08008a15   Thumb Code    14  stm32f10x_can.o(.text)
    CAN_ClearFlag                            0x08008a23   Thumb Code     8  stm32f10x_can.o(.text)
    CAN_GetITStatus                          0x08008a2b   Thumb Code   142  stm32f10x_can.o(.text)
    CAN_ClearITPendingBit                    0x08008ab9   Thumb Code   136  stm32f10x_can.o(.text)
    DMA_DeInit                               0x08008b4d   Thumb Code   216  stm32f10x_dma.o(.text)
    DMA_Init                                 0x08008c25   Thumb Code    58  stm32f10x_dma.o(.text)
    DMA_StructInit                           0x08008c5f   Thumb Code    26  stm32f10x_dma.o(.text)
    DMA_Cmd                                  0x08008c79   Thumb Code    20  stm32f10x_dma.o(.text)
    DMA_ITConfig                             0x08008c8d   Thumb Code    16  stm32f10x_dma.o(.text)
    DMA_GetCurrDataCounter                   0x08008c9d   Thumb Code     6  stm32f10x_dma.o(.text)
    DMA_GetFlagStatus                        0x08008ca3   Thumb Code    28  stm32f10x_dma.o(.text)
    DMA_ClearFlag                            0x08008cbf   Thumb Code    20  stm32f10x_dma.o(.text)
    DMA_GetITStatus                          0x08008cd3   Thumb Code    28  stm32f10x_dma.o(.text)
    DMA_ClearITPendingBit                    0x08008cef   Thumb Code    20  stm32f10x_dma.o(.text)
    IWDG_WriteAccessCmd                      0x08008d0d   Thumb Code     6  stm32f10x_iwdg.o(.text)
    IWDG_SetPrescaler                        0x08008d13   Thumb Code     6  stm32f10x_iwdg.o(.text)
    IWDG_SetReload                           0x08008d19   Thumb Code     6  stm32f10x_iwdg.o(.text)
    IWDG_ReloadCounter                       0x08008d1f   Thumb Code    10  stm32f10x_iwdg.o(.text)
    IWDG_Enable                              0x08008d29   Thumb Code    10  stm32f10x_iwdg.o(.text)
    IWDG_GetFlagStatus                       0x08008d33   Thumb Code    16  stm32f10x_iwdg.o(.text)
    USART_DeInit                             0x08008d49   Thumb Code    96  stm32f10x_usart.o(.text)
    USART_Init                               0x08008da9   Thumb Code   176  stm32f10x_usart.o(.text)
    USART_StructInit                         0x08008e59   Thumb Code    22  stm32f10x_usart.o(.text)
    USART_ClockInit                          0x08008e6f   Thumb Code    30  stm32f10x_usart.o(.text)
    USART_ClockStructInit                    0x08008e8d   Thumb Code    12  stm32f10x_usart.o(.text)
    USART_Cmd                                0x08008e99   Thumb Code    20  stm32f10x_usart.o(.text)
    USART_ITConfig                           0x08008ead   Thumb Code    48  stm32f10x_usart.o(.text)
    USART_DMACmd                             0x08008edd   Thumb Code    16  stm32f10x_usart.o(.text)
    USART_SetAddress                         0x08008eed   Thumb Code    16  stm32f10x_usart.o(.text)
    USART_WakeUpConfig                       0x08008efd   Thumb Code    16  stm32f10x_usart.o(.text)
    USART_ReceiverWakeUpCmd                  0x08008f0d   Thumb Code    20  stm32f10x_usart.o(.text)
    USART_LINBreakDetectLengthConfig         0x08008f21   Thumb Code    16  stm32f10x_usart.o(.text)
    USART_LINCmd                             0x08008f31   Thumb Code    20  stm32f10x_usart.o(.text)
    USART_SendData                           0x08008f45   Thumb Code     8  stm32f10x_usart.o(.text)
    USART_ReceiveData                        0x08008f4d   Thumb Code     8  stm32f10x_usart.o(.text)
    USART_SendBreak                          0x08008f55   Thumb Code    10  stm32f10x_usart.o(.text)
    USART_SetGuardTime                       0x08008f5f   Thumb Code    16  stm32f10x_usart.o(.text)
    USART_SetPrescaler                       0x08008f6f   Thumb Code    16  stm32f10x_usart.o(.text)
    USART_SmartCardCmd                       0x08008f7f   Thumb Code    20  stm32f10x_usart.o(.text)
    USART_SmartCardNACKCmd                   0x08008f93   Thumb Code    20  stm32f10x_usart.o(.text)
    USART_HalfDuplexCmd                      0x08008fa7   Thumb Code    20  stm32f10x_usart.o(.text)
    USART_OverSampling8Cmd                   0x08008fbb   Thumb Code    20  stm32f10x_usart.o(.text)
    USART_OneBitMethodCmd                    0x08008fcf   Thumb Code    20  stm32f10x_usart.o(.text)
    USART_IrDAConfig                         0x08008fe3   Thumb Code    16  stm32f10x_usart.o(.text)
    USART_IrDACmd                            0x08008ff3   Thumb Code    20  stm32f10x_usart.o(.text)
    USART_GetFlagStatus                      0x08009007   Thumb Code    14  stm32f10x_usart.o(.text)
    USART_ClearFlag                          0x08009015   Thumb Code     6  stm32f10x_usart.o(.text)
    USART_GetITStatus                        0x0800901b   Thumb Code    62  stm32f10x_usart.o(.text)
    USART_ClearITPendingBit                  0x08009059   Thumb Code    12  stm32f10x_usart.o(.text)
    NVIC_PriorityGroupConfig                 0x08009079   Thumb Code    10  misc.o(.text)
    NVIC_Init                                0x08009083   Thumb Code    90  misc.o(.text)
    NVIC_SetVectorTable                      0x080090dd   Thumb Code    14  misc.o(.text)
    NVIC_SystemLPConfig                      0x080090eb   Thumb Code    20  misc.o(.text)
    SysTick_CLKSourceConfig                  0x080090ff   Thumb Code    24  misc.o(.text)
    Reset_Handler                            0x08009129   Thumb Code     8  startup_stm32f10x_hd.o(.text)
    ADC3_IRQHandler                          0x08009143   Thumb Code     0  startup_stm32f10x_hd.o(.text)
    DMA1_Channel2_IRQHandler                 0x08009143   Thumb Code     0  startup_stm32f10x_hd.o(.text)
    DMA1_Channel3_IRQHandler                 0x08009143   Thumb Code     0  startup_stm32f10x_hd.o(.text)
    DMA1_Channel4_IRQHandler                 0x08009143   Thumb Code     0  startup_stm32f10x_hd.o(.text)
    DMA1_Channel5_IRQHandler                 0x08009143   Thumb Code     0  startup_stm32f10x_hd.o(.text)
    DMA1_Channel6_IRQHandler                 0x08009143   Thumb Code     0  startup_stm32f10x_hd.o(.text)
    DMA1_Channel7_IRQHandler                 0x08009143   Thumb Code     0  startup_stm32f10x_hd.o(.text)
    DMA2_Channel1_IRQHandler                 0x08009143   Thumb Code     0  startup_stm32f10x_hd.o(.text)
    DMA2_Channel2_IRQHandler                 0x08009143   Thumb Code     0  startup_stm32f10x_hd.o(.text)
    DMA2_Channel3_IRQHandler                 0x08009143   Thumb Code     0  startup_stm32f10x_hd.o(.text)
    DMA2_Channel4_5_IRQHandler               0x08009143   Thumb Code     0  startup_stm32f10x_hd.o(.text)
    FLASH_IRQHandler                         0x08009143   Thumb Code     0  startup_stm32f10x_hd.o(.text)
    FSMC_IRQHandler                          0x08009143   Thumb Code     0  startup_stm32f10x_hd.o(.text)
    I2C1_ER_IRQHandler                       0x08009143   Thumb Code     0  startup_stm32f10x_hd.o(.text)
    I2C2_ER_IRQHandler                       0x08009143   Thumb Code     0  startup_stm32f10x_hd.o(.text)
    I2C2_EV_IRQHandler                       0x08009143   Thumb Code     0  startup_stm32f10x_hd.o(.text)
    PVD_IRQHandler                           0x08009143   Thumb Code     0  startup_stm32f10x_hd.o(.text)
    RCC_IRQHandler                           0x08009143   Thumb Code     0  startup_stm32f10x_hd.o(.text)
    RTCAlarm_IRQHandler                      0x08009143   Thumb Code     0  startup_stm32f10x_hd.o(.text)
    SDIO_IRQHandler                          0x08009143   Thumb Code     0  startup_stm32f10x_hd.o(.text)
    SPI3_IRQHandler                          0x08009143   Thumb Code     0  startup_stm32f10x_hd.o(.text)
    TAMPER_IRQHandler                        0x08009143   Thumb Code     0  startup_stm32f10x_hd.o(.text)
    TIM1_BRK_IRQHandler                      0x08009143   Thumb Code     0  startup_stm32f10x_hd.o(.text)
    TIM1_TRG_COM_IRQHandler                  0x08009143   Thumb Code     0  startup_stm32f10x_hd.o(.text)
    TIM5_IRQHandler                          0x08009143   Thumb Code     0  startup_stm32f10x_hd.o(.text)
    TIM6_IRQHandler                          0x08009143   Thumb Code     0  startup_stm32f10x_hd.o(.text)
    TIM7_IRQHandler                          0x08009143   Thumb Code     0  startup_stm32f10x_hd.o(.text)
    TIM8_BRK_IRQHandler                      0x08009143   Thumb Code     0  startup_stm32f10x_hd.o(.text)
    TIM8_CC_IRQHandler                       0x08009143   Thumb Code     0  startup_stm32f10x_hd.o(.text)
    TIM8_TRG_COM_IRQHandler                  0x08009143   Thumb Code     0  startup_stm32f10x_hd.o(.text)
    TIM8_UP_IRQHandler                       0x08009143   Thumb Code     0  startup_stm32f10x_hd.o(.text)
    USBWakeUp_IRQHandler                     0x08009143   Thumb Code     0  startup_stm32f10x_hd.o(.text)
    WWDG_IRQHandler                          0x08009143   Thumb Code     0  startup_stm32f10x_hd.o(.text)
    SystemInit                               0x080091f5   Thumb Code    50  system_stm32f10x.o(.text)
    SystemCoreClockUpdate                    0x08009227   Thumb Code    86  system_stm32f10x.o(.text)
    InitMem                                  0x08009299   Thumb Code   150  memory.o(.text)
    AllocMem                                 0x0800932f   Thumb Code   100  memory.o(.text)
    FreeMem                                  0x08009393   Thumb Code    48  memory.o(.text)
    MemCheck                                 0x080093c3   Thumb Code     2  memory.o(.text)
    InitTimer                                0x080093d1   Thumb Code    18  timer.o(.text)
    FreeTimerSlot                            0x080093e3   Thumb Code    10  timer.o(.text)
    RmvTimer                                 0x080093ed   Thumb Code    26  timer.o(.text)
    CheckTimer                               0x08009407   Thumb Code    20  timer.o(.text)
    ModTimer                                 0x0800941b   Thumb Code    60  timer.o(.text)
    AddTimer                                 0x08009457   Thumb Code    98  timer.o(.text)
    TimerProc                                0x080094b9   Thumb Code   102  timer.o(.text)
    MessageQueueFull                         0x08009529   Thumb Code    32  msg.o(.text)
    MessageQueueEmpty                        0x08009549   Thumb Code    18  msg.o(.text)
    MessageQueueInit                         0x0800955b   Thumb Code    42  msg.o(.text)
    createMessageQueue                       0x08009585   Thumb Code    74  msg.o(.text)
    queueMessage                             0x080095cf   Thumb Code    68  msg.o(.text)
    waitMessage                              0x08009613   Thumb Code    72  msg.o(.text)
    MessageQueueDestroy                      0x0800965b   Thumb Code    52  msg.o(.text)
    MessageAlloc                             0x0800968f   Thumb Code    36  msg.o(.text)
    MessageFree                              0x080096b3   Thumb Code    10  msg.o(.text)
    MessageSend                              0x080096bd   Thumb Code    40  msg.o(.text)
    VOS_TaskInit                             0x080096ed   Thumb Code    14  task.o(.text)
    VOS_TaskEntry                            0x080096fb   Thumb Code    24  task.o(.text)
    VOS_CreateTask                           0x08009713   Thumb Code   152  task.o(.text)
    VOS_DestroyTask                          0x080097ab   Thumb Code    40  task.o(.text)
    VOS_GetTaskByPid                         0x080097d3   Thumb Code    20  task.o(.text)
    VOS_GetTaskQueueByPid                    0x080097e7   Thumb Code    24  task.o(.text)
    VOS_logger                               0x08009809   Thumb Code    46  voslog.o(.text)
    VOS_SetLogLevel                          0x08009837   Thumb Code    10  voslog.o(.text)
    keyboard_get_keystate                    0x08009871   Thumb Code    30  keyboard.o(.text)
    keyboard_get_linestate                   0x0800988f   Thumb Code     6  keyboard.o(.text)
    KeyboardInit                             0x08009895   Thumb Code    18  keyboard.o(.text)
    keyboard_report                          0x080098a7   Thumb Code    34  keyboard.o(.text)
    keyboard_to                              0x080098c9   Thumb Code    56  keyboard.o(.text)
    keyboard_sh                              0x08009901   Thumb Code    74  keyboard.o(.text)
    RegisterKey                              0x0800994b   Thumb Code   158  keyboard.o(.text)
    UnregisterKey                            0x080099e9   Thumb Code    94  keyboard.o(.text)
    stm32_gpio_cfgpin                        0x08009b33   Thumb Code    34  gpio.o(.text)
    stm32_gpio_getcfg                        0x08009b55   Thumb Code    28  gpio.o(.text)
    stm32_gpio_get_value                     0x08009b71   Thumb Code    26  gpio.o(.text)
    stm32_gpio_set_value                     0x08009b8b   Thumb Code    30  gpio.o(.text)
    stm32_gpio_toggle_value                  0x08009ba9   Thumb Code    26  gpio.o(.text)
    stm32_gpio_cfg_irq                       0x08009bc3   Thumb Code   130  gpio.o(.text)
    stm32_gpio_disable_irq                   0x08009c45   Thumb Code    34  gpio.o(.text)
    stm32_gpio_get_ext_state                 0x08009c67   Thumb Code    26  gpio.o(.text)
    stm32_gpio_get_ext_line                  0x08009c81   Thumb Code    14  gpio.o(.text)
    CheckSensor                              0x08009c8f   Thumb Code    20  gpio.o(.text)
    InstallSensorHandler                     0x08009ca3   Thumb Code   118  gpio.o(.text)
    UninstallSensorHandler                   0x08009d19   Thumb Code    48  gpio.o(.text)
    UninstallSingleSensorHandler             0x08009d49   Thumb Code    68  gpio.o(.text)
    sensor_event_handler                     0x08009d8d   Thumb Code   108  gpio.o(.text)
    stm32_gpio_init                          0x08009df9   Thumb Code    26  gpio.o(.text)
    SysTick_Configuration                    0x08009e31   Thumb Code    64  bsp.o(.text)
    BSP_Init                                 0x08009e71   Thumb Code    48  bsp.o(.text)
    BSP_IntDisAll                            0x08009ea1   Thumb Code     2  bsp.o(.text)
    SysTick_Delay                            0x08009ea3   Thumb Code    44  bsp.o(.text)
    STM_EVAL_CANInit                         0x08009ef5   Thumb Code   178  can_driver.o(.text)
    CANSendMsgNoWait                         0x08009fa7   Thumb Code    96  can_driver.o(.text)
    STM32_CANSendMsgNoWait                   0x0800a007   Thumb Code   112  can_driver.o(.text)
    IWDG_Init                                0x0800a085   Thumb Code    50  iwdg_driver.o(.text)
    IWDG_Feed                                0x0800a0b7   Thumb Code     4  iwdg_driver.o(.text)
    IWDG_Stop                                0x0800a0bb   Thumb Code     6  iwdg_driver.o(.text)
    IWDG_Start                               0x0800a0c1   Thumb Code    20  iwdg_driver.o(.text)
    RTC_InitBackupRegister                   0x0800a0d5   Thumb Code    26  rtc_driver.o(.text)
    RTC_ReadBackup                           0x0800a0ef   Thumb Code    68  rtc_driver.o(.text)
    RTC_WriteBackup                          0x0800a133   Thumb Code    88  rtc_driver.o(.text)
    Is_Leap_Year                             0x0800a18b   Thumb Code    38  rtc_driver.o(.text)
    RTC_Set                                  0x0800a1b1   Thumb Code   190  rtc_driver.o(.text)
    RTC_Config                               0x0800a26f   Thumb Code   224  rtc_driver.o(.text)
    RTC_Calc_Second                          0x0800a34f   Thumb Code   160  rtc_driver.o(.text)
    RTC_Get_Week                             0x0800a3ef   Thumb Code    74  rtc_driver.o(.text)
    RTC_Get_Helper                           0x0800a439   Thumb Code   218  rtc_driver.o(.text)
    RTC_Get                                  0x0800a513   Thumb Code    16  rtc_driver.o(.text)
    RTC_Get_Second                           0x0800a523   Thumb Code     4  rtc_driver.o(.text)
    RTC_Calibrate                            0x0800a527   Thumb Code     4  rtc_driver.o(.text)
    TIM_Init_CMP                             0x0800a531   Thumb Code   232  timer_driver.o(.text)
    TIM_Init_PWM                             0x0800a619   Thumb Code   524  timer_driver.o(.text)
    TIM_PwmStart                             0x0800a825   Thumb Code    26  timer_driver.o(.text)
    TIM_PwmStop                              0x0800a83f   Thumb Code    32  timer_driver.o(.text)
    TIM_Init_General                         0x0800a85f   Thumb Code   242  timer_driver.o(.text)
    TIM_Init_ETR                             0x0800a951   Thumb Code   386  timer_driver.o(.text)
    TIM_SwitchOuputMode                      0x0800aad3   Thumb Code    36  timer_driver.o(.text)
    TIM_InstallHandler                       0x0800aaf7   Thumb Code    50  timer_driver.o(.text)
    TIM_UninstallHandler                     0x0800ab29   Thumb Code    38  timer_driver.o(.text)
    TIM_event_handler                        0x0800ab4f   Thumb Code    30  timer_driver.o(.text)
    sys_arch_timeouts                        0x0800ab89   Thumb Code     4  sys_time.o(.text)
    __sys_untimeout                          0x0800ab8d   Thumb Code    50  sys_time.o(.text)
    sys_untimeout                            0x0800abbf   Thumb Code    30  sys_time.o(.text)
    __sys_timeout                            0x0800abdd   Thumb Code    66  sys_time.o(.text)
    sys_timeout                              0x0800ac1f   Thumb Code    58  sys_time.o(.text)
    sys_time_match                           0x0800ac59   Thumb Code    24  sys_time.o(.text)
    sys_time_ticking                         0x0800ac71   Thumb Code    28  sys_time.o(.text)
    sys_time_proc                            0x0800ac8d   Thumb Code    68  sys_time.o(.text)
    sys_inittime                             0x0800acd1   Thumb Code     8  sys_time.o(.text)
    STM_EVAL_COMInit                         0x0800acdd   Thumb Code   154  serial_driver.o(.text)
    FLASH_PagesMask                          0x0800ad7d   Thumb Code    20  common.o(.text)
    HAL_SYSTEM_RESET                         0x0800ad91   Thumb Code    20  common.o(.text)
    FLASH_DisableWriteProtectionPages        0x0800ada5   Thumb Code   108  common.o(.text)
    FLASH_Prepare                            0x0800ae11   Thumb Code    36  common.o(.text)
    checkRC                                  0x0800ae35   Thumb Code    22  common.o(.text)
    GetDeviceElecId                          0x0800ae4b   Thumb Code    20  common.o(.text)
    CmpDeviceElecId                          0x0800ae5f   Thumb Code    32  common.o(.text)
    HashDeviceElecId                         0x0800ae7f   Thumb Code    20  common.o(.text)
    Flash_IsProtected                        0x0800ae93   Thumb Code    12  common.o(.text)
    osal_snv_reset                           0x0800b11d   Thumb Code    40  osal_snv.o(.text)
    osal_snv_init                            0x0800b145   Thumb Code    20  osal_snv.o(.text)
    osal_snv_write                           0x0800b159   Thumb Code   220  osal_snv.o(.text)
    osal_snv_read                            0x0800b235   Thumb Code    40  osal_snv.o(.text)
    osal_snv_compact                         0x0800b25d   Thumb Code    46  osal_snv.o(.text)
    appForceBoot                             0x0800b329   Thumb Code    28  sbl_app.o(.text)
    DMA_ADC_Configuration                    0x0800b345   Thumb Code   218  adc_driver.o(.text)
    hal_SPI2_CS_LOW                          0x0800b429   Thumb Code     2  hal_spi_driver.o(.text)
    hal_SPI2_CS_HIGH                         0x0800b42b   Thumb Code     2  hal_spi_driver.o(.text)
    hal_SPI2_LowLevel_DeInit                 0x0800b42d   Thumb Code    78  hal_spi_driver.o(.text)
    hal_SPI2_LowLevel_Init                   0x0800b47b   Thumb Code    76  hal_spi_driver.o(.text)
    hal_SPI2_DeInit                          0x0800b4c7   Thumb Code     2  hal_spi_driver.o(.text)
    hal_SPI2_SendByte                        0x0800b4c9   Thumb Code    48  hal_spi_driver.o(.text)
    hal_SPI2_ReadByte                        0x0800b4f9   Thumb Code     4  hal_spi_driver.o(.text)
    hal_SPI2_Init                            0x0800b4fd   Thumb Code    90  hal_spi_driver.o(.text)
    hal_SPI1_LowLevel_DeInit                 0x0800b557   Thumb Code    78  hal_spi_driver.o(.text)
    hal_SPI1_LowLevel_Init                   0x0800b5a5   Thumb Code    80  hal_spi_driver.o(.text)
    hal_SPI1_DeInit                          0x0800b5f5   Thumb Code     2  hal_spi_driver.o(.text)
    hal_SPI1_SendByte                        0x0800b5f7   Thumb Code    48  hal_spi_driver.o(.text)
    hal_SPI1_CS_LOW                          0x0800b627   Thumb Code     2  hal_spi_driver.o(.text)
    hal_SPI1_CS_HIGH                         0x0800b629   Thumb Code     2  hal_spi_driver.o(.text)
    hal_SPI1_ReadByte                        0x0800b62b   Thumb Code     4  hal_spi_driver.o(.text)
    hal_SPI1_Init                            0x0800b62f   Thumb Code    88  hal_spi_driver.o(.text)
    hal_spi_Init                             0x0800b687   Thumb Code    66  hal_spi_driver.o(.text)
    OS_CPU_SR_Save                           0x0800b6dd   Thumb Code     0  os_cpu_a.o(.text)
    OS_CPU_SR_Restore                        0x0800b6e5   Thumb Code     0  os_cpu_a.o(.text)
    OSStartHighRdy                           0x0800b6eb   Thumb Code     0  os_cpu_a.o(.text)
    OSCtxSw                                  0x0800b70b   Thumb Code     0  os_cpu_a.o(.text)
    OSIntCtxSw                               0x0800b715   Thumb Code     0  os_cpu_a.o(.text)
    PendSV_Handler                           0x0800b71f   Thumb Code     0  os_cpu_a.o(.text)
    CPU_IntDis                               0x0800b785   Thumb Code     0  cpu_a.o(.text)
    CPU_IntEn                                0x0800b789   Thumb Code     0  cpu_a.o(.text)
    CPU_SR_Save                              0x0800b78d   Thumb Code     0  cpu_a.o(.text)
    CPU_SR_Restore                           0x0800b795   Thumb Code     0  cpu_a.o(.text)
    OS_StrCopy                               0x0800b79d   Thumb Code    28  os_core.o(.text)
    OSEventNameGet                           0x0800b7b9   Thumb Code    96  os_core.o(.text)
    OS_StrLen                                0x0800b819   Thumb Code    20  os_core.o(.text)
    OSEventNameSet                           0x0800b82d   Thumb Code   106  os_core.o(.text)
    OS_TaskIdle                              0x0800b897   Thumb Code    22  os_core.o(.text)
    OS_MemClr                                0x0800b8ad   Thumb Code    18  os_core.o(.text)
    OSInit                                   0x0800b8bf   Thumb Code   234  os_core.o(.text)
    OSIntEnter                               0x0800b9a9   Thumb Code    20  os_core.o(.text)
    OSIntExit                                0x0800b9df   Thumb Code    76  os_core.o(.text)
    OSSchedLock                              0x0800ba2b   Thumb Code    38  os_core.o(.text)
    OS_Sched                                 0x0800ba51   Thumb Code    58  os_core.o(.text)
    OSSchedUnlock                            0x0800ba8b   Thumb Code    52  os_core.o(.text)
    OSStart                                  0x0800babf   Thumb Code    38  os_core.o(.text)
    OSTimeTick                               0x0800bae5   Thumb Code   130  os_core.o(.text)
    OSVersion                                0x0800bb67   Thumb Code     6  os_core.o(.text)
    OS_Dummy                                 0x0800bb6d   Thumb Code     2  os_core.o(.text)
    OS_EventTaskRdy                          0x0800bb6f   Thumb Code   150  os_core.o(.text)
    OS_EventTaskWait                         0x0800bc05   Thumb Code    68  os_core.o(.text)
    OS_EventTOAbort                          0x0800bc49   Thumb Code    48  os_core.o(.text)
    OS_EventWaitListInit                     0x0800bc79   Thumb Code    22  os_core.o(.text)
    OS_MemCopy                               0x0800bc8f   Thumb Code    20  os_core.o(.text)
    OS_TaskStatStkChk                        0x0800bca3   Thumb Code    50  os_core.o(.text)
    OS_TCBInit                               0x0800bcd5   Thumb Code   208  os_core.o(.text)
    OSMboxAccept                             0x0800bdad   Thumb Code    34  os_mbox.o(.text)
    OSMboxCreate                             0x0800bdcf   Thumb Code    60  os_mbox.o(.text)
    OSMboxDel                                0x0800be0b   Thumb Code   212  os_mbox.o(.text)
    OSMboxPend                               0x0800bedf   Thumb Code   196  os_mbox.o(.text)
    OSMboxPendAbort                          0x0800bfa3   Thumb Code   118  os_mbox.o(.text)
    OSMboxPost                               0x0800c019   Thumb Code    88  os_mbox.o(.text)
    OSMboxPostOpt                            0x0800c071   Thumb Code   120  os_mbox.o(.text)
    OSMboxQuery                              0x0800c0e9   Thumb Code    78  os_mbox.o(.text)
    OSTaskChangePrio                         0x0800c149   Thumb Code   304  os_task.o(.text)
    OSTaskCreate                             0x0800c279   Thumb Code   132  os_task.o(.text)
    OS_TaskStkClr                            0x0800c2fd   Thumb Code    22  os_task.o(.text)
    OSTaskCreateExt                          0x0800c313   Thumb Code   152  os_task.o(.text)
    OSTaskDel                                0x0800c3ab   Thumb Code   292  os_task.o(.text)
    OSTaskDelReq                             0x0800c4cf   Thumb Code    88  os_task.o(.text)
    OSTaskNameGet                            0x0800c527   Thumb Code   156  os_task.o(.text)
    OSTaskNameSet                            0x0800c5c3   Thumb Code   130  os_task.o(.text)
    OSTaskResume                             0x0800c645   Thumb Code   126  os_task.o(.text)
    OSTaskStkChk                             0x0800c6c3   Thumb Code   126  os_task.o(.text)
    OSTaskSuspend                            0x0800c741   Thumb Code   148  os_task.o(.text)
    OSTaskQuery                              0x0800c7d5   Thumb Code    94  os_task.o(.text)
    OSTimeDly                                0x0800c84d   Thumb Code    74  os_time.o(.text)
    OSTimeDlyHMSM                            0x0800c897   Thumb Code   128  os_time.o(.text)
    OSTimeDlyResume                          0x0800c917   Thumb Code   132  os_time.o(.text)
    OSTimeGet                                0x0800c99b   Thumb Code    18  os_time.o(.text)
    OSTimeSet                                0x0800c9ad   Thumb Code    20  os_time.o(.text)
    VOS_CreateSem                            0x0800c9d9   Thumb Code    24  vos.o(.text)
    VOS_SemP                                 0x0800c9f1   Thumb Code    16  vos.o(.text)
    VOS_SemV                                 0x0800ca01   Thumb Code    24  vos.o(.text)
    VOS_DestroySem                           0x0800ca19   Thumb Code    20  vos.o(.text)
    CopyRight_Init                           0x0800ca2d   Thumb Code    24  copyright.o(.text)
    CopyRight_return_type                    0x0800ca45   Thumb Code    82  copyright.o(.text)
    CopyRight_VersionCheck                   0x0800ca97   Thumb Code    14  copyright.o(.text)
    halAssertHandler                         0x0800caad   Thumb Code     2  hal_assert.o(.text)
    halAssertHazardLights                    0x0800caaf   Thumb Code     2  hal_assert.o(.text)
    HalFlashRead                             0x0800cab1   Thumb Code    26  hal_flash.o(.text)
    HalFlashWrite                            0x0800cacb   Thumb Code    66  hal_flash.o(.text)
    HalFlashErase                            0x0800cb0d   Thumb Code    38  hal_flash.o(.text)
    OSInitHookBegin                          0x0800cb33   Thumb Code     2  os_cpu_c.o(.text)
    OSInitHookEnd                            0x0800cb35   Thumb Code     2  os_cpu_c.o(.text)
    OSTaskCreateHook                         0x0800cb37   Thumb Code     4  os_cpu_c.o(.text)
    OSTaskDelHook                            0x0800cb3b   Thumb Code     4  os_cpu_c.o(.text)
    OSTaskIdleHook                           0x0800cb3f   Thumb Code     4  os_cpu_c.o(.text)
    OSTaskStatHook                           0x0800cb43   Thumb Code     4  os_cpu_c.o(.text)
    OSTaskStkInit                            0x0800cb47   Thumb Code   114  os_cpu_c.o(.text)
    OSTaskSwHook                             0x0800cbb9   Thumb Code     4  os_cpu_c.o(.text)
    OSTCBInitHook                            0x0800cbbd   Thumb Code     4  os_cpu_c.o(.text)
    OSTimeTickHook                           0x0800cbc1   Thumb Code     4  os_cpu_c.o(.text)
    OSFlagAccept                             0x0800cbc5   Thumb Code   162  os_flag.o(.text)
    OSFlagCreate                             0x0800cc67   Thumb Code    72  os_flag.o(.text)
    OS_FlagUnlink                            0x0800ccaf   Thumb Code    32  os_flag.o(.text)
    OSFlagDel                                0x0800cd15   Thumb Code   198  os_flag.o(.text)
    OSFlagNameGet                            0x0800cddb   Thumb Code    88  os_flag.o(.text)
    OSFlagNameSet                            0x0800ce33   Thumb Code   100  os_flag.o(.text)
    OSFlagPend                               0x0800ceeb   Thumb Code   382  os_flag.o(.text)
    OSFlagPendGetFlagsRdy                    0x0800d069   Thumb Code    20  os_flag.o(.text)
    OSFlagPost                               0x0800d07d   Thumb Code   188  os_flag.o(.text)
    OSFlagQuery                              0x0800d139   Thumb Code    46  os_flag.o(.text)
    OS_FlagInit                              0x0800d167   Thumb Code    58  os_flag.o(.text)
    OSSemAccept                              0x0800d1ad   Thumb Code    36  os_sem.o(.text)
    OSSemCreate                              0x0800d1d1   Thumb Code    60  os_sem.o(.text)
    OSSemDel                                 0x0800d20d   Thumb Code   212  os_sem.o(.text)
    OSSemPend                                0x0800d2e1   Thumb Code   168  os_sem.o(.text)
    OSSemPendAbort                           0x0800d389   Thumb Code   118  os_sem.o(.text)
    OSSemPost                                0x0800d3ff   Thumb Code    88  os_sem.o(.text)
    OSSemQuery                               0x0800d457   Thumb Code    78  os_sem.o(.text)
    OSSemSet                                 0x0800d4a5   Thumb Code    60  os_sem.o(.text)
    __rt_ctype_table                         0x0800d4f1   Thumb Code     4  ctype_o.o(.text)
    rand                                     0x0800d4f9   Thumb Code    20  rand.o(.text)
    srand                                    0x0800d50d   Thumb Code     6  rand.o(.text)
    __aeabi_memcpy                           0x0800d51d   Thumb Code    36  memcpya.o(.text)
    __aeabi_memcpy4                          0x0800d51d   Thumb Code     0  memcpya.o(.text)
    __aeabi_memcpy8                          0x0800d51d   Thumb Code     0  memcpya.o(.text)
    __aeabi_memset                           0x0800d541   Thumb Code    14  memseta.o(.text)
    __aeabi_memset4                          0x0800d541   Thumb Code     0  memseta.o(.text)
    __aeabi_memset8                          0x0800d541   Thumb Code     0  memseta.o(.text)
    __aeabi_memclr                           0x0800d54f   Thumb Code     4  memseta.o(.text)
    __aeabi_memclr4                          0x0800d54f   Thumb Code     0  memseta.o(.text)
    __aeabi_memclr8                          0x0800d54f   Thumb Code     0  memseta.o(.text)
    _memset$wrapper                          0x0800d553   Thumb Code    18  memseta.o(.text)
    strchr                                   0x0800d565   Thumb Code    20  strchr.o(.text)
    strlen                                   0x0800d579   Thumb Code    14  strlen.o(.text)
    strcmp                                   0x0800d587   Thumb Code    28  strcmp.o(.text)
    memcmp                                   0x0800d5a3   Thumb Code    26  memcmp.o(.text)
    strcpy                                   0x0800d5bd   Thumb Code    18  strcpy.o(.text)
    strncmp                                  0x0800d5cf   Thumb Code    30  strncmp.o(.text)
    atoi                                     0x0800d5ed   Thumb Code    26  atoi.o(.text)
    __aeabi_uidiv                            0x0800d607   Thumb Code     0  uidiv.o(.text)
    __aeabi_uidivmod                         0x0800d607   Thumb Code    44  uidiv.o(.text)
    __aeabi_uldivmod                         0x0800d633   Thumb Code    98  uldiv.o(.text)
    strtol                                   0x0800d695   Thumb Code   112  strtol.o(.text)
    __I$use$fp                               0x0800d705   Thumb Code     0  iusefp.o(.text)
    __aeabi_dadd                             0x0800d705   Thumb Code   322  dadd.o(.text)
    __aeabi_dsub                             0x0800d847   Thumb Code     6  dadd.o(.text)
    __aeabi_drsub                            0x0800d84d   Thumb Code     6  dadd.o(.text)
    __aeabi_dmul                             0x0800d853   Thumb Code   228  dmul.o(.text)
    __aeabi_ddiv                             0x0800d937   Thumb Code   222  ddiv.o(.text)
    __aeabi_d2ulz                            0x0800da15   Thumb Code    48  dfixul.o(.text)
    __aeabi_cdrcmple                         0x0800da45   Thumb Code    38  cdrcmple.o(.text)
    __scatterload                            0x0800da6d   Thumb Code    28  init.o(.text)
    __scatterload_rt2                        0x0800da6d   Thumb Code     0  init.o(.text)
    __aeabi_llsl                             0x0800da91   Thumb Code    30  llshl.o(.text)
    _ll_shift_l                              0x0800da91   Thumb Code     0  llshl.o(.text)
    __aeabi_llsr                             0x0800daaf   Thumb Code    32  llushr.o(.text)
    _ll_ushift_r                             0x0800daaf   Thumb Code     0  llushr.o(.text)
    __aeabi_lasr                             0x0800dacf   Thumb Code    36  llsshr.o(.text)
    _ll_sshift_r                             0x0800dacf   Thumb Code     0  llsshr.o(.text)
    _strtoul                                 0x0800daf3   Thumb Code   158  _strtoul.o(.text)
    _double_round                            0x0800db91   Thumb Code    26  depilogue.o(.text)
    _double_epilogue                         0x0800dbab   Thumb Code   164  depilogue.o(.text)
    _chval                                   0x0800dc4f   Thumb Code    28  _chval.o(.text)
    __decompress                             0x0800dc6b   Thumb Code     0  __dczerorl2.o(.text)
    __decompress1                            0x0800dc6b   Thumb Code    92  __dczerorl2.o(.text)
    __0printf$8                              0x0800dcc9   Thumb Code    22  printf8.o(i.__0printf$8)
    __1printf$8                              0x0800dcc9   Thumb Code     0  printf8.o(i.__0printf$8)
    __2printf                                0x0800dcc9   Thumb Code     0  printf8.o(i.__0printf$8)
    __0sprintf$8                             0x0800dce9   Thumb Code    34  printf8.o(i.__0sprintf$8)
    __1sprintf$8                             0x0800dce9   Thumb Code     0  printf8.o(i.__0sprintf$8)
    __2sprintf                               0x0800dce9   Thumb Code     0  printf8.o(i.__0sprintf$8)
    __0vprintf                               0x0800dd11   Thumb Code     8  printfa.o(i.__0vprintf)
    __1vprintf                               0x0800dd11   Thumb Code     0  printfa.o(i.__0vprintf)
    __2vprintf                               0x0800dd11   Thumb Code     0  printfa.o(i.__0vprintf)
    __c89vprintf                             0x0800dd11   Thumb Code     0  printfa.o(i.__0vprintf)
    vprintf                                  0x0800dd11   Thumb Code     0  printfa.o(i.__0vprintf)
    __0vsprintf                              0x0800dd21   Thumb Code    30  printfa.o(i.__0vsprintf)
    __1vsprintf                              0x0800dd21   Thumb Code     0  printfa.o(i.__0vsprintf)
    __2vsprintf                              0x0800dd21   Thumb Code     0  printfa.o(i.__0vsprintf)
    __c89vsprintf                            0x0800dd21   Thumb Code     0  printfa.o(i.__0vsprintf)
    vsprintf                                 0x0800dd21   Thumb Code     0  printfa.o(i.__0vsprintf)
    __aeabi_errno_addr                       0x0800dd45   Thumb Code     4  errno.o(i.__aeabi_errno_addr)
    __rt_errno_addr                          0x0800dd45   Thumb Code     0  errno.o(i.__aeabi_errno_addr)
    __scatterload_copy                       0x0800dd4d   Thumb Code    14  handlers.o(i.__scatterload_copy)
    __scatterload_null                       0x0800dd5b   Thumb Code     2  handlers.o(i.__scatterload_null)
    __scatterload_zeroinit                   0x0800dd5d   Thumb Code    14  handlers.o(i.__scatterload_zeroinit)
    LocalCfgOffset                           0x0800ea80   Data           3  config.o(.constdata)
    LocalCfgSize                             0x0800ea83   Data           3  config.o(.constdata)
    version                                  0x0800ea86   Data          20  config.o(.constdata)
    relays                                   0x0800ea9a   Data           5  relay.o(.constdata)
    aRelayDefaults                           0x0800ea9f   Data           5  relay.o(.constdata)
    inputs                                   0x0800eaa4   Data           3  dica.o(.constdata)
    Serial_DataBits                          0x0800eaa8   Data           4  serial.o(.constdata)
    Serial_StopBits                          0x0800eaac   Data           6  serial.o(.constdata)
    Serial_Parity                            0x0800eab2   Data           6  serial.o(.constdata)
    sbBuf                                    0x0800eb1c   Data           4  sapp.o(.constdata)
    STM32F10x_STR                            0x0800eb20   Data          52  printf.o(.constdata)
    aPca9502Defaults                         0x0800eb59   Data           3  pca9502.o(.constdata)
    auchCRCHi                                0x0800eb5c   Data         256  qmi.o(.constdata)
    auchCRCLo                                0x0800ec5c   Data         256  qmi.o(.constdata)
    BackupRegs                               0x0800ed5c   Data          41  rtc_driver.o(.constdata)
    table_week                               0x0800ed85   Data          12  rtc_driver.o(.constdata)
    mon_table                                0x0800ed91   Data          12  rtc_driver.o(.constdata)
    TIMER_IRQ                                0x0800eda0   Data           8  timer_driver.o(.constdata)
    TIMER_IRQ_UP                             0x0800eda8   Data           8  timer_driver.o(.constdata)
    TIMER_CLK                                0x0800edb0   Data          16  timer_driver.o(.constdata)
    COM_USART                                0x0800edc0   Data          20  serial_driver.o(.constdata)
    COM_TX_PORT                              0x0800edd4   Data          20  serial_driver.o(.constdata)
    COM_RX_PORT                              0x0800ede8   Data          20  serial_driver.o(.constdata)
    COM_USART_CLK                            0x0800edfc   Data          20  serial_driver.o(.constdata)
    COM_TX_PORT_CLK                          0x0800ee10   Data          20  serial_driver.o(.constdata)
    COM_RX_PORT_CLK                          0x0800ee24   Data          20  serial_driver.o(.constdata)
    COM_TX_PIN                               0x0800ee38   Data          10  serial_driver.o(.constdata)
    COM_RX_PIN                               0x0800ee42   Data          10  serial_driver.o(.constdata)
    OSUnMapTbl                               0x0800ee4c   Data         256  os_core.o(.constdata)
    __ctype_table                            0x0800ef4c   Data         129  ctype_o.o(.constdata)
    Region$$Table$$Base                      0x0800f008   Number         0  anon$$obj.o(Region$$Table)
    Region$$Table$$Limit                     0x0800f028   Number         0  anon$$obj.o(Region$$Table)
    ulAppTime                                0x20000000   Data           4  app.o(.data)
    jiffies                                  0x20000004   Data           4  app.o(.data)
    ulAppSecond                              0x20000008   Data           4  app.o(.data)
    ulAppTicks                               0x2000000c   Data           4  app.o(.data)
    gusDeviceId                              0x20000010   Data           2  config.o(.data)
    gusOperMode                              0x20000012   Data           2  config.o(.data)
    gSerialTester                            0x20000014   Data           2  serial.o(.data)
    sappItfType                              0x2000001d   Data           1  sapp.o(.data)
    sappItfPort                              0x2000001e   Data           1  sapp.o(.data)
    sappTgtType                              0x2000001f   Data           1  sapp.o(.data)
    sbFcs                                    0x20000020   Data           1  sapp.o(.data)
    sbIdx                                    0x20000021   Data           1  sapp.o(.data)
    sbLen                                    0x20000022   Data           1  sapp.o(.data)
    sappFlags                                0x20000024   Data           1  sapp.o(.data)
    ucSndbufAllocMask                        0x20000028   Data           1  cancmd.o(.data)
    ucSndBufFront                            0x20000029   Data           1  cancmd.o(.data)
    ucSndBufRear                             0x2000002a   Data           1  cancmd.o(.data)
    ucCanOutFlag                             0x2000002b   Data           1  cancmd.o(.data)
    ucCanBusySecond                          0x2000002c   Data           1  cancmd.o(.data)
    ucZombieCcbIndex                         0x2000002d   Data           1  cancmd.o(.data)
    CanAddress                               0x2000002e   Data           2  cancmd.o(.data)
    CanHashAddr                              0x20000030   Data           2  cancmd.o(.data)
    gCanSndEmptyCB                           0x20000034   Data           4  cancmd.o(.data)
    aSndBufQueue                             0x20000038   Data           8  cancmd.o(.data)
    SystemCoreClock                          0x20000054   Data           4  system_stm32f10x.o(.data)
    AHBPrescTable                            0x20000058   Data          16  system_stm32f10x.o(.data)
    memStat                                  0x20000068   Data           2  memory.o(.data)
    CAN                                      0x20000180   Data           4  can_driver.o(.data)
    CAN_TX_PORT                              0x20000184   Data           4  can_driver.o(.data)
    CAN_RX_PORT                              0x20000188   Data           4  can_driver.o(.data)
    TIMER_Def                                0x20000190   Data          16  timer_driver.o(.data)
    default_timeouts                         0x200001a0   Data           4  sys_time.o(.data)
    BlockNbr                                 0x200001a4   Data           4  common.o(.data)
    UserMemoryMask                           0x200001a8   Data           4  common.o(.data)
    FlashProtection                          0x200001ac   Data           4  common.o(.data)
    OSIntNesting                             0x200001b8   Data           1  os_core.o(.data)
    OSLockNesting                            0x200001b9   Data           1  os_core.o(.data)
    OSPrioCur                                0x200001ba   Data           1  os_core.o(.data)
    OSPrioHighRdy                            0x200001bb   Data           1  os_core.o(.data)
    OSRdyGrp                                 0x200001bc   Data           1  os_core.o(.data)
    OSRunning                                0x200001bd   Data           1  os_core.o(.data)
    OSTaskCtr                                0x200001be   Data           1  os_core.o(.data)
    OSCtxSwCtr                               0x200001c0   Data           4  os_core.o(.data)
    OSEventFreeList                          0x200001c4   Data           4  os_core.o(.data)
    OSIdleCtr                                0x200001c8   Data           4  os_core.o(.data)
    OSTCBCur                                 0x200001cc   Data           4  os_core.o(.data)
    OSTCBFreeList                            0x200001d0   Data           4  os_core.o(.data)
    OSTCBHighRdy                             0x200001d4   Data           4  os_core.o(.data)
    OSTCBList                                0x200001d8   Data           4  os_core.o(.data)
    OSTime                                   0x200001dc   Data           4  os_core.o(.data)
    OSRdyTbl                                 0x200001e0   Data           8  os_core.o(.data)
    OSFlagFreeList                           0x200001e8   Data           4  os_core.o(.data)
    __stdout                                 0x200001f4   Data           4  stdout.o(.data)
    Config_buff                              0x20000bfc   Data        2048  config.o(.bss)
    gAdmin                                   0x200013fc   Data          34  config.o(.bss)
    gTslibLinearCfg                          0x20001420   Data          28  config.o(.bss)
    aPulseCtrl                               0x2000143c   Data         160  relay.o(.bss)
    Serial                                   0x200014f0   Data        2220  serial.o(.bss)
    UartCmdStru                              0x20001d9c   Data         520  uartcmd.o(.bss)
    rpcBuf                                   0x20001fa4   Data         196  sapp.o(.bss)
    Display                                  0x20002068   Data          92  display.o(.bss)
    CanCcb                                   0x200020d4   Data         288  cancmd.o(.bss)
    CanRcvBuff                               0x200021f4   Data         128  cancmd.o(.bss)
    CanSndBuff                               0x20002274   Data         192  cancmd.o(.bss)
    to4Callback                              0x20002334   Data          24  cancmd.o(.bss)
    to4DelayExcu                             0x2000234c   Data          24  cancmd.o(.bss)
    ADC_ConvertedValue                       0x20002388   Data         192  adc.o(.bss)
    ModbusSheduler                           0x20002490   Data         404  qmi.o(.bss)
    aucModbus_buff                           0x20002624   Data          32  qmi.o(.bss)
    gaMultiplex                              0x20002644   Data         216  multiplex.o(.bss)
    gValve                                   0x2000271c   Data         192  valve.o(.bss)
    memblock                                 0x200027dc   Data        4000  memory.o(.bss)
    memIndex                                 0x2000377c   Data          40  memory.o(.bss)
    memOffset                                0x200037a4   Data          80  memory.o(.bss)
    TimerArray                               0x200037f4   Data         192  timer.o(.bss)
    TimerIndex                               0x200038b4   Data          16  timer.o(.bss)
    EXTI_PORT                                0x20003b98   Data          64  gpio.o(.bss)
    aSensorHandler                           0x20003bd8   Data         384  gpio.o(.bss)
    timer                                    0x20003d58   Data          10  rtc_driver.o(.bss)
    aTimerHandler                            0x20003d64   Data          64  timer_driver.o(.bss)
    OSEventTbl                               0x20003db4   Data         360  os_core.o(.bss)
    OSTaskIdleStk                            0x20003f1c   Data         512  os_core.o(.bss)
    OSTCBPrioTbl                             0x2000411c   Data         256  os_core.o(.bss)
    OSTCBTbl                                 0x2000421c   Data        1496  os_core.o(.bss)
    OSFlagTbl                                0x200047f4   Data         140  os_core.o(.bss)
    __initial_sp                             0x20004c80   Data           0  startup_stm32f10x_hd.o(STACK)



==============================================================================

Memory Map of the image

  Image Entry point : 0x08003131

  Load Region LR_IROM1 (Base: 0x08003000, Size: 0x0000c224, Max: 0x00020000, ABSOLUTE, COMPRESSED[0x0000c0d4])

    Execution Region ER_IROM1 (Base: 0x08003000, Size: 0x0000c028, Max: 0x00020000, ABSOLUTE)

    Base Addr    Size         Type   Attr      Idx    E Section Name        Object

    0x08003000   0x00000130   Data   RO         1036    RESET               startup_stm32f10x_hd.o
    0x08003130   0x00000000   Code   RO         1803  * .ARM.Collect$$$$00000000  mc_w.l(entry.o)
    0x08003130   0x00000004   Code   RO         2118    .ARM.Collect$$$$00000001  mc_w.l(entry2.o)
    0x08003134   0x00000004   Code   RO         2121    .ARM.Collect$$$$00000004  mc_w.l(entry5.o)
    0x08003138   0x00000000   Code   RO         2123    .ARM.Collect$$$$00000008  mc_w.l(entry7b.o)
    0x08003138   0x00000000   Code   RO         2125    .ARM.Collect$$$$0000000A  mc_w.l(entry8b.o)
    0x08003138   0x00000008   Code   RO         2126    .ARM.Collect$$$$0000000B  mc_w.l(entry9a.o)
    0x08003140   0x00000000   Code   RO         2128    .ARM.Collect$$$$0000000D  mc_w.l(entry10a.o)
    0x08003140   0x00000000   Code   RO         2130    .ARM.Collect$$$$0000000F  mc_w.l(entry11a.o)
    0x08003140   0x00000004   Code   RO         2119    .ARM.Collect$$$$00002712  mc_w.l(entry2.o)
    0x08003144   0x000002a8   Code   RO            1    .text               app.o
    0x080033ec   0x000006c4   Code   RO          269    .text               stm32f10x_it.o
    0x08003ab0   0x000003b8   Code   RO          319    .text               config.o
    0x08003e68   0x000000a4   Code   RO          356    .text               relay.o
    0x08003f0c   0x00000038   Code   RO          399    .text               dica.o
    0x08003f44   0x000000a4   Code   RO          433    .text               beep.o
    0x08003fe8   0x000005cc   Code   RO          446    .text               serial.o
    0x080045b4   0x000001bc   Code   RO          493    .text               uartcmd.o
    0x08004770   0x00000304   Code   RO          521    .text               at.o
    0x08004a74   0x000002bc   Code   RO          548    .text               sapp.o
    0x08004d30   0x00000034   Code   RO          572    .text               printf.o
    0x08004d64   0x00000428   Code   RO          587    .text               display.o
    0x0800518c   0x0000009c   Code   RO          639    .text               ad840x.o
    0x08005228   0x00000ba4   Code   RO          661    .text               cancmd.o
    0x08005dcc   0x00000160   Code   RO          708    .text               pca9502.o
    0x08005f2c   0x000001e4   Code   RO          727    .text               adc.o
    0x08006110   0x000003f4   Code   RO          748    .text               qmi.o
    0x08006504   0x0000005a   Code   RO          769    .text               list.o
    0x0800655e   0x00000002   PAD
    0x08006560   0x0000007c   Code   RO          782    .text               multiplex.o
    0x080065dc   0x00000348   Code   RO          800    .text               valve.o
    0x08006924   0x00000098   Code   RO          822    .text               stm32f10x_bkp.o
    0x080069bc   0x000000e8   Code   RO          834    .text               stm32f10x_exti.o
    0x08006aa4   0x00000260   Code   RO          846    .text               stm32f10x_gpio.o
    0x08006d04   0x000000ac   Code   RO          858    .text               stm32f10x_pwr.o
    0x08006db0   0x000002b8   Code   RO          870    .text               stm32f10x_rcc.o
    0x08007068   0x00000274   Code   RO          884    .text               stm32f10x_spi.o
    0x080072dc   0x00000a1c   Code   RO          896    .text               stm32f10x_tim.o
    0x08007cf8   0x00000110   Code   RO          909    .text               stm32f10x_rtc.o
    0x08007e08   0x00000498   Code   RO          922    .text               stm32f10x_flash.o
    0x080082a0   0x00000330   Code   RO          935    .text               stm32f10x_adc.o
    0x080085d0   0x0000057c   Code   RO          947    .text               stm32f10x_can.o
    0x08008b4c   0x000001c0   Code   RO          960    .text               stm32f10x_dma.o
    0x08008d0c   0x0000003c   Code   RO          984    .text               stm32f10x_iwdg.o
    0x08008d48   0x00000330   Code   RO          999    .text               stm32f10x_usart.o
    0x08009078   0x000000b0   Code   RO         1011    .text               misc.o
    0x08009128   0x00000024   Code   RO         1037    .text               startup_stm32f10x_hd.o
    0x0800914c   0x0000014c   Code   RO         1041    .text               system_stm32f10x.o
    0x08009298   0x00000138   Code   RO         1072    .text               0862100000STM32F103.lib(memory.o)
    0x080093d0   0x00000158   Code   RO         1107    .text               0862100000STM32F103.lib(timer.o)
    0x08009528   0x000001c4   Code   RO         1135    .text               0862100000STM32F103.lib(msg.o)
    0x080096ec   0x0000011c   Code   RO         1173    .text               0862100000STM32F103.lib(task.o)
    0x08009808   0x00000068   Code   RO         1191    .text               0862100000STM32F103.lib(voslog.o)
    0x08009870   0x000001e0   Code   RO         1209    .text               0862100000STM32F103.lib(keyboard.o)
    0x08009a50   0x000003e0   Code   RO         1312    .text               0862100000STM32F103.lib(gpio.o)
    0x08009e30   0x000000c4   Code   RO         1337    .text               0862100000STM32F103.lib(bsp.o)
    0x08009ef4   0x00000190   Code   RO         1377    .text               0862100000STM32F103.lib(can_driver.o)
    0x0800a084   0x00000050   Code   RO         1415    .text               0862100000STM32F103.lib(iwdg_driver.o)
    0x0800a0d4   0x0000045c   Code   RO         1430    .text               0862100000STM32F103.lib(rtc_driver.o)
    0x0800a530   0x00000658   Code   RO         1475    .text               0862100000STM32F103.lib(timer_driver.o)
    0x0800ab88   0x00000154   Code   RO         1495    .text               0862100000STM32F103.lib(sys_time.o)
    0x0800acdc   0x000000a0   Code   RO         1511    .text               0862100000STM32F103.lib(serial_driver.o)
    0x0800ad7c   0x0000013c   Code   RO         1530    .text               0862100000STM32F103.lib(common.o)
    0x0800aeb8   0x00000470   Code   RO         1560    .text               0862100000STM32F103.lib(osal_snv.o)
    0x0800b328   0x0000001c   Code   RO         1583    .text               0862100000STM32F103.lib(sbl_app.o)
    0x0800b344   0x000000e4   Code   RO         1598    .text               0862100000STM32F103.lib(adc_driver.o)
    0x0800b428   0x000002b4   Code   RO         1610    .text               0862100000STM32F103.lib(hal_spi_driver.o)
    0x0800b6dc   0x000000a8   Code   RO         1627    .text               0862100000STM32F103.lib(os_cpu_a.o)
    0x0800b784   0x00000016   Code   RO         1630    .text               0862100000STM32F103.lib(cpu_a.o)
    0x0800b79a   0x00000002   PAD
    0x0800b79c   0x00000610   Code   RO         1633    .text               0862100000STM32F103.lib(os_core.o)
    0x0800bdac   0x0000039c   Code   RO         1656    .text               0862100000STM32F103.lib(os_mbox.o)
    0x0800c148   0x00000704   Code   RO         1668    .text               0862100000STM32F103.lib(os_task.o)
    0x0800c84c   0x0000018c   Code   RO         1681    .text               0862100000STM32F103.lib(os_time.o)
    0x0800c9d8   0x00000054   Code   RO         1693    .text               0862100000STM32F103.lib(vos.o)
    0x0800ca2c   0x00000080   Code   RO         1715    .text               0862100000STM32F103.lib(copyright.o)
    0x0800caac   0x00000004   Code   RO         1732    .text               0862100000STM32F103.lib(hal_assert.o)
    0x0800cab0   0x00000082   Code   RO         1747    .text               0862100000STM32F103.lib(hal_flash.o)
    0x0800cb32   0x00000092   Code   RO         1759    .text               0862100000STM32F103.lib(os_cpu_c.o)
    0x0800cbc4   0x000005e8   Code   RO         1778    .text               0862100000STM32F103.lib(os_flag.o)
    0x0800d1ac   0x00000344   Code   RO         1791    .text               0862100000STM32F103.lib(os_sem.o)
    0x0800d4f0   0x00000008   Code   RO         1806    .text               mc_w.l(ctype_o.o)
    0x0800d4f8   0x00000024   Code   RO         1834    .text               mc_w.l(rand.o)
    0x0800d51c   0x00000024   Code   RO         1837    .text               mc_w.l(memcpya.o)
    0x0800d540   0x00000024   Code   RO         1839    .text               mc_w.l(memseta.o)
    0x0800d564   0x00000014   Code   RO         1841    .text               mc_w.l(strchr.o)
    0x0800d578   0x0000000e   Code   RO         1843    .text               mc_w.l(strlen.o)
    0x0800d586   0x0000001c   Code   RO         1845    .text               mc_w.l(strcmp.o)
    0x0800d5a2   0x0000001a   Code   RO         1847    .text               mc_w.l(memcmp.o)
    0x0800d5bc   0x00000012   Code   RO         1849    .text               mc_w.l(strcpy.o)
    0x0800d5ce   0x0000001e   Code   RO         1851    .text               mc_w.l(strncmp.o)
    0x0800d5ec   0x0000001a   Code   RO         2116    .text               mc_w.l(atoi.o)
    0x0800d606   0x0000002c   Code   RO         2133    .text               mc_w.l(uidiv.o)
    0x0800d632   0x00000062   Code   RO         2135    .text               mc_w.l(uldiv.o)
    0x0800d694   0x00000070   Code   RO         2144    .text               mc_w.l(strtol.o)
    0x0800d704   0x00000000   Code   RO         2146    .text               mc_w.l(iusefp.o)
    0x0800d704   0x0000014e   Code   RO         2147    .text               mf_w.l(dadd.o)
    0x0800d852   0x000000e4   Code   RO         2149    .text               mf_w.l(dmul.o)
    0x0800d936   0x000000de   Code   RO         2151    .text               mf_w.l(ddiv.o)
    0x0800da14   0x00000030   Code   RO         2153    .text               mf_w.l(dfixul.o)
    0x0800da44   0x00000028   Code   RO         2155    .text               mf_w.l(cdrcmple.o)
    0x0800da6c   0x00000024   Code   RO         2157    .text               mc_w.l(init.o)
    0x0800da90   0x0000001e   Code   RO         2159    .text               mc_w.l(llshl.o)
    0x0800daae   0x00000020   Code   RO         2161    .text               mc_w.l(llushr.o)
    0x0800dace   0x00000024   Code   RO         2163    .text               mc_w.l(llsshr.o)
    0x0800daf2   0x0000009e   Code   RO         2165    .text               mc_w.l(_strtoul.o)
    0x0800db90   0x000000be   Code   RO         2167    .text               mf_w.l(depilogue.o)
    0x0800dc4e   0x0000001c   Code   RO         2169    .text               mc_w.l(_chval.o)
    0x0800dc6a   0x0000005c   Code   RO         2179    .text               mc_w.l(__dczerorl2.o)
    0x0800dcc6   0x00000002   PAD
    0x0800dcc8   0x00000020   Code   RO         2062    i.__0printf$8       mc_w.l(printf8.o)
    0x0800dce8   0x00000028   Code   RO         2064    i.__0sprintf$8      mc_w.l(printf8.o)
    0x0800dd10   0x00000010   Code   RO         2092    i.__0vprintf        mc_w.l(printfa.o)
    0x0800dd20   0x00000024   Code   RO         2094    i.__0vsprintf       mc_w.l(printfa.o)
    0x0800dd44   0x00000008   Code   RO         2137    i.__aeabi_errno_addr  mc_w.l(errno.o)
    0x0800dd4c   0x0000000e   Code   RO         2173    i.__scatterload_copy  mc_w.l(handlers.o)
    0x0800dd5a   0x00000002   Code   RO         2174    i.__scatterload_null  mc_w.l(handlers.o)
    0x0800dd5c   0x0000000e   Code   RO         2175    i.__scatterload_zeroinit  mc_w.l(handlers.o)
    0x0800dd6a   0x00000002   PAD
    0x0800dd6c   0x0000015c   Code   RO         2095    i._fp_digits        mc_w.l(printfa.o)
    0x0800dec8   0x00000408   Code   RO         2069    i._printf_core      mc_w.l(printf8.o)
    0x0800e2d0   0x000006f0   Code   RO         2096    i._printf_core      mc_w.l(printfa.o)
    0x0800e9c0   0x00000026   Code   RO         2070    i._printf_post_padding  mc_w.l(printf8.o)
    0x0800e9e6   0x00000026   Code   RO         2097    i._printf_post_padding  mc_w.l(printfa.o)
    0x0800ea0c   0x00000030   Code   RO         2071    i._printf_pre_padding  mc_w.l(printf8.o)
    0x0800ea3c   0x00000030   Code   RO         2098    i._printf_pre_padding  mc_w.l(printfa.o)
    0x0800ea6c   0x0000000a   Code   RO         2073    i._sputc            mc_w.l(printf8.o)
    0x0800ea76   0x0000000a   Code   RO         2100    i._sputc            mc_w.l(printfa.o)
    0x0800ea80   0x0000001a   Data   RO          325    .constdata          config.o
    0x0800ea9a   0x0000000a   Data   RO          358    .constdata          relay.o
    0x0800eaa4   0x00000003   Data   RO          400    .constdata          dica.o
    0x0800eaa7   0x00000001   PAD
    0x0800eaa8   0x00000010   Data   RO          448    .constdata          serial.o
    0x0800eab8   0x00000064   Data   RO          522    .constdata          at.o
    0x0800eb1c   0x00000004   Data   RO          550    .constdata          sapp.o
    0x0800eb20   0x00000034   Data   RO          573    .constdata          printf.o
    0x0800eb54   0x00000002   Data   RO          641    .constdata          ad840x.o
    0x0800eb56   0x00000006   Data   RO          710    .constdata          pca9502.o
    0x0800eb5c   0x00000200   Data   RO          750    .constdata          qmi.o
    0x0800ed5c   0x00000041   Data   RO         1432    .constdata          0862100000STM32F103.lib(rtc_driver.o)
    0x0800ed9d   0x00000003   PAD
    0x0800eda0   0x00000020   Data   RO         1477    .constdata          0862100000STM32F103.lib(timer_driver.o)
    0x0800edc0   0x0000008c   Data   RO         1512    .constdata          0862100000STM32F103.lib(serial_driver.o)
    0x0800ee4c   0x00000100   Data   RO         1636    .constdata          0862100000STM32F103.lib(os_core.o)
    0x0800ef4c   0x00000081   Data   RO         1807    .constdata          mc_w.l(ctype_o.o)
    0x0800efcd   0x00000003   PAD
    0x0800efd0   0x00000004   Data   RO         1808    .constdata          mc_w.l(ctype_o.o)
    0x0800efd4   0x00000016   Data   RO          523    .conststring        at.o
    0x0800efea   0x0000001c   Data   RO         1314    .conststring        0862100000STM32F103.lib(gpio.o)
    0x0800f006   0x00000002   PAD
    0x0800f008   0x00000020   Data   RO         2171    Region$$Table       anon$$obj.o


    Execution Region RW_IRAM1 (Base: 0x20000000, Size: 0x00004c80, Max: 0x00005000, ABSOLUTE, COMPRESSED[0x000000ac])

    Base Addr    Size         Type   Attr      Idx    E Section Name        Object

    0x20000000   0x00000010   Data   RW            3    .data               app.o
    0x20000010   0x00000004   Data   RW          326    .data               config.o
    0x20000014   0x00000002   Data   RW          449    .data               serial.o
    0x20000016   0x00000002   PAD
    0x20000018   0x00000004   Data   RW          495    .data               uartcmd.o
    0x2000001c   0x00000001   Data   RW          524    .data               at.o
    0x2000001d   0x00000008   Data   RW          551    .data               sapp.o
    0x20000025   0x00000003   PAD
    0x20000028   0x00000018   Data   RW          663    .data               cancmd.o
    0x20000040   0x00000014   Data   RW          871    .data               stm32f10x_rcc.o
    0x20000054   0x00000014   Data   RW         1042    .data               system_stm32f10x.o
    0x20000068   0x00000002   Data   RW         1074    .data               0862100000STM32F103.lib(memory.o)
    0x2000006a   0x00000002   PAD
    0x2000006c   0x00000004   Data   RW         1137    .data               0862100000STM32F103.lib(msg.o)
    0x20000070   0x00000004   Data   RW         1175    .data               0862100000STM32F103.lib(task.o)
    0x20000074   0x00000004   Data   RW         1192    .data               0862100000STM32F103.lib(voslog.o)
    0x20000078   0x00000002   Data   RW         1211    .data               0862100000STM32F103.lib(keyboard.o)
    0x2000007a   0x00000002   PAD
    0x2000007c   0x00000008   Data   RW         1315    .data               0862100000STM32F103.lib(gpio.o)
    0x20000084   0x000000fc   Data   RW         1316    .data               0862100000STM32F103.lib(gpio.o)
    0x20000180   0x0000000c   Data   RW         1383    .data               0862100000STM32F103.lib(can_driver.o)
    0x2000018c   0x00000002   Data   RW         1433    .data               0862100000STM32F103.lib(rtc_driver.o)
    0x2000018e   0x00000002   PAD
    0x20000190   0x00000010   Data   RW         1478    .data               0862100000STM32F103.lib(timer_driver.o)
    0x200001a0   0x00000004   Data   RW         1496    .data               0862100000STM32F103.lib(sys_time.o)
    0x200001a4   0x0000000c   Data   RW         1532    .data               0862100000STM32F103.lib(common.o)
    0x200001b0   0x00000006   Data   RW         1561    .data               0862100000STM32F103.lib(osal_snv.o)
    0x200001b6   0x00000002   PAD
    0x200001b8   0x00000030   Data   RW         1637    .data               0862100000STM32F103.lib(os_core.o)
    0x200001e8   0x00000004   Data   RW         1638    .data               0862100000STM32F103.lib(os_core.o)
    0x200001ec   0x00000001   Data   RW         1716    .data               0862100000STM32F103.lib(copyright.o)
    0x200001ed   0x00000003   PAD
    0x200001f0   0x00000004   Data   RW         1835    .data               mc_w.l(rand.o)
    0x200001f4   0x00000004   Data   RW         2132    .data               mc_w.l(stdout.o)
    0x200001f8   0x00000004   Data   RW         2140    .data               mc_w.l(errno.o)
    0x200001fc   0x00000a00   Zero   RW            2    .bss                app.o
    0x20000bfc   0x00000840   Zero   RW          320    .bss                config.o
    0x2000143c   0x000000a0   Zero   RW          357    .bss                relay.o
    0x200014dc   0x000008c0   Zero   RW          447    .bss                serial.o
    0x20001d9c   0x00000208   Zero   RW          494    .bss                uartcmd.o
    0x20001fa4   0x000000c4   Zero   RW          549    .bss                sapp.o
    0x20002068   0x0000005c   Zero   RW          588    .bss                display.o
    0x200020c4   0x00000010   Zero   RW          640    .bss                ad840x.o
    0x200020d4   0x00000290   Zero   RW          662    .bss                cancmd.o
    0x20002364   0x00000024   Zero   RW          709    .bss                pca9502.o
    0x20002388   0x00000108   Zero   RW          728    .bss                adc.o
    0x20002490   0x000001b4   Zero   RW          749    .bss                qmi.o
    0x20002644   0x000000d8   Zero   RW          783    .bss                multiplex.o
    0x2000271c   0x000000c0   Zero   RW          801    .bss                valve.o
    0x200027dc   0x00001018   Zero   RW         1073    .bss                0862100000STM32F103.lib(memory.o)
    0x200037f4   0x000000d0   Zero   RW         1108    .bss                0862100000STM32F103.lib(timer.o)
    0x200038c4   0x000001b0   Zero   RW         1136    .bss                0862100000STM32F103.lib(msg.o)
    0x20003a74   0x00000024   Zero   RW         1174    .bss                0862100000STM32F103.lib(task.o)
    0x20003a98   0x00000100   Zero   RW         1210    .bss                0862100000STM32F103.lib(keyboard.o)
    0x20003b98   0x000001c0   Zero   RW         1313    .bss                0862100000STM32F103.lib(gpio.o)
    0x20003d58   0x0000000a   Zero   RW         1431    .bss                0862100000STM32F103.lib(rtc_driver.o)
    0x20003d62   0x00000002   PAD
    0x20003d64   0x00000040   Zero   RW         1476    .bss                0862100000STM32F103.lib(timer_driver.o)
    0x20003da4   0x00000010   Zero   RW         1611    .bss                0862100000STM32F103.lib(hal_spi_driver.o)
    0x20003db4   0x00000a40   Zero   RW         1634    .bss                0862100000STM32F103.lib(os_core.o)
    0x200047f4   0x0000008c   Zero   RW         1635    .bss                0862100000STM32F103.lib(os_core.o)
    0x20004880   0x00000400   Zero   RW         1034    STACK               startup_stm32f10x_hd.o


==============================================================================

Image component sizes


      Code (inc. data)   RO Data    RW Data    ZI Data      Debug   Object Name

       156          8          2          0         16       1843   ad840x.o
       484         54          0          0        264       3777   adc.o
       680         86          0         16       2560     313546   app.o
       772        112        122          1          0       2792   at.o
       164          0          0          0          0       1934   beep.o
      2980        152          0         24        656      18545   cancmd.o
       952         66         26          4       2112      11053   config.o
         0          0          0          0          0         32   core_cm3.o
        56          8          3          0          0       1461   dica.o
      1064         16          0          0         92       7284   display.o
        90          0          0          0          0       1808   list.o
       176         18          0          0          0       1513   misc.o
       124          4          0          0        216       1690   multiplex.o
       352          8          6          0         36       2603   pca9502.o
        52         14         52          0          0       1080   printf.o
      1012         70        512          0        436       6363   qmi.o
       164          8         10          0        160       2938   relay.o
       700         18          4          8        196       4986   sapp.o
      1484         22         16          2       2240      13186   serial.o
        36          8        304          0       1024        812   startup_stm32f10x_hd.o
       816         24          0          0          0       9269   stm32f10x_adc.o
       152          8          0          0          0       3220   stm32f10x_bkp.o
      1404          8          0          0          0       6785   stm32f10x_can.o
       448         10          0          0          0       3259   stm32f10x_dma.o
       232          8          0          0          0       1947   stm32f10x_exti.o
      1176         24          0          0          0       7844   stm32f10x_flash.o
       608         36          0          0          0       4785   stm32f10x_gpio.o
      1732        226          0          0          0       7473   stm32f10x_it.o
        60          6          0          0          0       1109   stm32f10x_iwdg.o
       172         12          0          0          0       1691   stm32f10x_pwr.o
       696         32          0         20          0       7824   stm32f10x_rcc.o
       272          6          0          0          0       2820   stm32f10x_rtc.o
       628         14          0          0          0       5606   stm32f10x_spi.o
      2588         64          0          0          0      17738   stm32f10x_tim.o
       816         20          0          0          0       7124   stm32f10x_usart.o
       332         28          0         20          0       1751   system_stm32f10x.o
       444         24          0          4        520       4215   uartcmd.o
       840         94          0          0        192       3420   valve.o

    ----------------------------------------------------------------------
     24916       1316       1090        104      10720     497126   Object Totals
         0          0         32          0          0          0   (incl. Generated)
         2          0          1          5          0          0   (incl. Padding)

    ----------------------------------------------------------------------

      Code (inc. data)   RO Data    RW Data    ZI Data      Debug   Library Member Name

       228         10          0          0          0        732   adc_driver.o
       196         16          0          0          0      16832   bsp.o
       400         14          0         12          0       3995   can_driver.o
       316         26          0         12          0       9714   common.o
       128          8          0          1          0       2218   copyright.o
        22          0          0          0          0        220   cpu_a.o
       992          8         28        260        448       7522   gpio.o
         4          0          0          0          0        481   hal_assert.o
       130          0          0          0          0       1363   hal_flash.o
       692         20          0          0         16       4861   hal_spi_driver.o
        80          0          0          0          0        695   iwdg_driver.o
       480         10          0          2        256     286224   keyboard.o
       312         12          0          2       4120      11474   memory.o
       452          8          0          4        432      14169   msg.o
      1552         48        256         52       2764      14836   os_core.o
       168         40          0          0          0        276   os_cpu_a.o
       146          0          0          0          0      10841   os_cpu_c.o
      1512         38          0          0          0       5114   os_flag.o
       924         18          0          0          0       3446   os_mbox.o
       836         16          0          0          0       3174   os_sem.o
      1796         68          0          0          0       5703   os_task.o
       396         24          0          0          0       1686   os_time.o
      1136         12          0          6          0       6285   osal_snv.o
      1116         30         65          2         10       5187   rtc_driver.o
        28          0          0          0          0        415   sbl_app.o
       160          6        140          0          0       1712   serial_driver.o
       340          4          0          4          0       2984   sys_time.o
       284         10          0          4         36       2071   task.o
       344         10          0          0        208       4563   timer.o
      1624         72         32         16         64       5844   timer_driver.o
        84          0          0          0          0      10285   vos.o
       104         48          0          4          0        877   voslog.o
        92          0          0          0          0          0   __dczerorl2.o
        28          0          0          0          0         68   _chval.o
       158          0          0          0          0         92   _strtoul.o
        26          0          0          0          0         80   atoi.o
         8          4        133          0          0         68   ctype_o.o
         0          0          0          0          0          0   entry.o
         0          0          0          0          0          0   entry10a.o
         0          0          0          0          0          0   entry11a.o
         8          4          0          0          0          0   entry2.o
         4          0          0          0          0          0   entry5.o
         0          0          0          0          0          0   entry7b.o
         0          0          0          0          0          0   entry8b.o
         8          4          0          0          0          0   entry9a.o
         8          4          0          4          0         68   errno.o
        30          0          0          0          0          0   handlers.o
        36          8          0          0          0         68   init.o
         0          0          0          0          0          0   iusefp.o
        30          0          0          0          0         68   llshl.o
        36          0          0          0          0         68   llsshr.o
        32          0          0          0          0         68   llushr.o
        26          0          0          0          0         80   memcmp.o
        36          0          0          0          0         68   memcpya.o
        36          0          0          0          0        108   memseta.o
      1200         60          0          0          0        504   printf8.o
      2272         94          0          0          0        576   printfa.o
        36         10          0          4          0        136   rand.o
         0          0          0          4          0          0   stdout.o
        20          0          0          0          0         68   strchr.o
        28          0          0          0          0         76   strcmp.o
        18          0          0          0          0         68   strcpy.o
        14          0          0          0          0         68   strlen.o
        30          0          0          0          0         80   strncmp.o
       112          0          0          0          0         88   strtol.o
        44          0          0          0          0         80   uidiv.o
        98          0          0          0          0         92   uldiv.o
        40          2          0          0          0         68   cdrcmple.o
       334          0          0          0          0        144   dadd.o
       222          0          0          0          0        100   ddiv.o
       190          0          0          0          0        176   depilogue.o
        48          0          0          0          0         68   dfixul.o
       228          0          0          0          0         92   dmul.o

    ----------------------------------------------------------------------
     22524        766        662        404       8356     449187   Library Totals
         6          0          8         11          2          0   (incl. Padding)

    ----------------------------------------------------------------------

      Code (inc. data)   RO Data    RW Data    ZI Data      Debug   Library Name

     16982        576        521        381       8354     445799   0862100000STM32F103.lib
      4474        188        133         12          0       2740   mc_w.l
      1062          2          0          0          0        648   mf_w.l

    ----------------------------------------------------------------------
     22524        766        662        404       8356     449187   Library Totals

    ----------------------------------------------------------------------

==============================================================================


      Code (inc. data)   RO Data    RW Data    ZI Data      Debug   

     47440       2082       1752        508      19076     935185   Grand Totals
     47440       2082       1752        172      19076     935185   ELF Image Totals (compressed)
     47440       2082       1752        172          0          0   ROM Totals

==============================================================================

    Total RO  Size (Code + RO Data)                49192 (  48.04kB)
    Total RW  Size (RW Data + ZI Data)             19584 (  19.13kB)
    Total ROM Size (Code + RO Data + RW Data)      49364 (  48.21kB)

==============================================================================

