<!doctype html public "-//w3c//dtd html 4.0 transitional//en">
<html><head>
<title>Static Call Graph - [.\objhd_IAP\0860210008PWEA_Main_V_1_0.axf]</title></head>
<body><HR>
<H1>Static Call Graph for image .\objhd_IAP\0860210008PWEA_Main_V_1_0.axf</H1><HR>
<BR><P>#&#060CALLGRAPH&#062# ARM Linker, 5.03 [Build 24]: Last Updated: Wed Dec 07 19:07:22 2016
<BR><P>
<H3>Maximum Stack Usage =        292 bytes + Unknown(Functions without stacksize, Cycles, Untraceable Function Pointers)</H3><H3>
Call chain for Maximum Stack Depth:</H3>
Main_Entry &rArr; Msg_proc &rArr; PidCanProcess &rArr; RcvCanData &rArr; CanRcvFrame &rArr; SHZNAPP_SerialAppProc &rArr; appAtCmd &rArr; Config_SetItem &rArr; osal_snv_write &rArr; compactPage &rArr; setActivePage &rArr; writeWord &rArr; HalFlashWrite &rArr; FLASH_ProgramWord &rArr; FLASH_WaitForLastOperation
<P>
<H3>
Functions with no stack information
</H3><UL>
 <LI><a href="#[9a]">OS_CPU_SR_Save</a>
 <LI><a href="#[9b]">OS_CPU_SR_Restore</a>
 <LI><a href="#[268]">OSStartHighRdy</a>
 <LI><a href="#[266]">OSCtxSw</a>
 <LI><a href="#[263]">OSIntCtxSw</a>
 <LI><a href="#[d]">PendSV_Handler</a>
 <LI><a href="#[94]">CPU_IntDis</a>
 <LI><a href="#[3ae]">CPU_IntEn</a>
 <LI><a href="#[3af]">CPU_SR_Save</a>
 <LI><a href="#[3b0]">CPU_SR_Restore</a>
</UL>
</UL>
<P>
<H3>
Mutually Recursive functions
</H3> <LI><a href="#[22f]">halAssertHandler</a>&nbsp;&nbsp;&nbsp;&rArr;&nbsp;&nbsp;&nbsp;<a href="#[22f]">halAssertHandler</a><BR>
 <LI><a href="#[7]">HardFault_Handler</a>&nbsp;&nbsp;&nbsp;&rArr;&nbsp;&nbsp;&nbsp;<a href="#[7]">HardFault_Handler</a><BR>
 <LI><a href="#[8]">MemManage_Handler</a>&nbsp;&nbsp;&nbsp;&rArr;&nbsp;&nbsp;&nbsp;<a href="#[8]">MemManage_Handler</a><BR>
 <LI><a href="#[9]">BusFault_Handler</a>&nbsp;&nbsp;&nbsp;&rArr;&nbsp;&nbsp;&nbsp;<a href="#[9]">BusFault_Handler</a><BR>
 <LI><a href="#[a]">UsageFault_Handler</a>&nbsp;&nbsp;&nbsp;&rArr;&nbsp;&nbsp;&nbsp;<a href="#[a]">UsageFault_Handler</a><BR>
 <LI><a href="#[3e]">ADC3_IRQHandler</a>&nbsp;&nbsp;&nbsp;&rArr;&nbsp;&nbsp;&nbsp;<a href="#[3e]">ADC3_IRQHandler</a><BR>
</UL>
<P>
<H3>
Function Pointers
</H3><UL>
 <LI><a href="#[21]">ADC1_2_IRQHandler</a> from stm32f10x_it.o(.text) referenced from startup_stm32f10x_hd.o(RESET)
 <LI><a href="#[3e]">ADC3_IRQHandler</a> from startup_stm32f10x_hd.o(.text) referenced from startup_stm32f10x_hd.o(RESET)
 <LI><a href="#[4f]">ADC_TIM2Handler</a> from adc.o(.text) referenced from adc.o(.text)
 <LI><a href="#[4c]">AppTaskRoot</a> from app.o(.text) referenced from app.o(.text)
 <LI><a href="#[9]">BusFault_Handler</a> from stm32f10x_it.o(.text) referenced from startup_stm32f10x_hd.o(RESET)
 <LI><a href="#[24]">CAN1_RX1_IRQHandler</a> from stm32f10x_it.o(.text) referenced from startup_stm32f10x_hd.o(RESET)
 <LI><a href="#[25]">CAN1_SCE_IRQHandler</a> from stm32f10x_it.o(.text) referenced from startup_stm32f10x_hd.o(RESET)
 <LI><a href="#[146]">CanCcbHeartBeat</a> from cancmd.o(.text) referenced from cancmd.o(.text)
 <LI><a href="#[4e]">CanCcbHeartBeatTimer</a> from cancmd.o(.text) referenced 3 times from cancmd.o(.text)
 <LI><a href="#[147]">CanCcbHeartBeatTimer_msg_handler</a> from cancmd.o(.text) referenced from cancmd.o(.text)
 <LI><a href="#[145]">CanCcbHeartBeat_msg_handler</a> from cancmd.o(.text) referenced from cancmd.o(.text)
 <LI><a href="#[15a]">CanCcbRegister_msg_handler</a> from cancmd.o(.text) referenced from cancmd.o(.text)
 <LI><a href="#[15b]">CanCcb_Register</a> from cancmd.o(.text) referenced from cancmd.o(.text)
 <LI><a href="#[11f]">CanResetTimer</a> from cancmd.o(.text) referenced from cancmd.o(.text)
 <LI><a href="#[1a]">DMA1_Channel1_IRQHandler</a> from stm32f10x_it.o(.text) referenced from startup_stm32f10x_hd.o(RESET)
 <LI><a href="#[1b]">DMA1_Channel2_IRQHandler</a> from startup_stm32f10x_hd.o(.text) referenced from startup_stm32f10x_hd.o(RESET)
 <LI><a href="#[1c]">DMA1_Channel3_IRQHandler</a> from startup_stm32f10x_hd.o(.text) referenced from startup_stm32f10x_hd.o(RESET)
 <LI><a href="#[1d]">DMA1_Channel4_IRQHandler</a> from startup_stm32f10x_hd.o(.text) referenced from startup_stm32f10x_hd.o(RESET)
 <LI><a href="#[1e]">DMA1_Channel5_IRQHandler</a> from startup_stm32f10x_hd.o(.text) referenced from startup_stm32f10x_hd.o(RESET)
 <LI><a href="#[1f]">DMA1_Channel6_IRQHandler</a> from startup_stm32f10x_hd.o(.text) referenced from startup_stm32f10x_hd.o(RESET)
 <LI><a href="#[20]">DMA1_Channel7_IRQHandler</a> from startup_stm32f10x_hd.o(.text) referenced from startup_stm32f10x_hd.o(RESET)
 <LI><a href="#[47]">DMA2_Channel1_IRQHandler</a> from startup_stm32f10x_hd.o(.text) referenced from startup_stm32f10x_hd.o(RESET)
 <LI><a href="#[48]">DMA2_Channel2_IRQHandler</a> from startup_stm32f10x_hd.o(.text) referenced from startup_stm32f10x_hd.o(RESET)
 <LI><a href="#[49]">DMA2_Channel3_IRQHandler</a> from startup_stm32f10x_hd.o(.text) referenced from startup_stm32f10x_hd.o(RESET)
 <LI><a href="#[4a]">DMA2_Channel4_5_IRQHandler</a> from startup_stm32f10x_hd.o(.text) referenced from startup_stm32f10x_hd.o(RESET)
 <LI><a href="#[c]">DebugMon_Handler</a> from stm32f10x_it.o(.text) referenced from startup_stm32f10x_hd.o(RESET)
 <LI><a href="#[4d]">Disp_PressureAdcCb</a> from display.o(.text) referenced from display.o(.text)
 <LI><a href="#[15]">EXTI0_IRQHandler</a> from stm32f10x_it.o(.text) referenced from startup_stm32f10x_hd.o(RESET)
 <LI><a href="#[37]">EXTI15_10_IRQHandler</a> from stm32f10x_it.o(.text) referenced from startup_stm32f10x_hd.o(RESET)
 <LI><a href="#[16]">EXTI1_IRQHandler</a> from stm32f10x_it.o(.text) referenced from startup_stm32f10x_hd.o(RESET)
 <LI><a href="#[17]">EXTI2_IRQHandler</a> from stm32f10x_it.o(.text) referenced from startup_stm32f10x_hd.o(RESET)
 <LI><a href="#[18]">EXTI3_IRQHandler</a> from stm32f10x_it.o(.text) referenced from startup_stm32f10x_hd.o(RESET)
 <LI><a href="#[19]">EXTI4_IRQHandler</a> from stm32f10x_it.o(.text) referenced from startup_stm32f10x_hd.o(RESET)
 <LI><a href="#[26]">EXTI9_5_IRQHandler</a> from stm32f10x_it.o(.text) referenced from startup_stm32f10x_hd.o(RESET)
 <LI><a href="#[13]">FLASH_IRQHandler</a> from startup_stm32f10x_hd.o(.text) referenced from startup_stm32f10x_hd.o(RESET)
 <LI><a href="#[3f]">FSMC_IRQHandler</a> from startup_stm32f10x_hd.o(.text) referenced from startup_stm32f10x_hd.o(RESET)
 <LI><a href="#[7]">HardFault_Handler</a> from stm32f10x_it.o(.text) referenced from startup_stm32f10x_hd.o(RESET)
 <LI><a href="#[2f]">I2C1_ER_IRQHandler</a> from startup_stm32f10x_hd.o(.text) referenced from startup_stm32f10x_hd.o(RESET)
 <LI><a href="#[2e]">I2C1_EV_IRQHandler</a> from stm32f10x_it.o(.text) referenced from startup_stm32f10x_hd.o(RESET)
 <LI><a href="#[31]">I2C2_ER_IRQHandler</a> from startup_stm32f10x_hd.o(.text) referenced from startup_stm32f10x_hd.o(RESET)
 <LI><a href="#[30]">I2C2_EV_IRQHandler</a> from startup_stm32f10x_hd.o(.text) referenced from startup_stm32f10x_hd.o(RESET)
 <LI><a href="#[8f]">Main_Entry</a> from app.o(.text) referenced from app.o(.text)
 <LI><a href="#[8]">MemManage_Handler</a> from stm32f10x_it.o(.text) referenced from startup_stm32f10x_hd.o(RESET)
 <LI><a href="#[174]">Modbus_CommActionDelayTimeoutHandler</a> from qmi.o(.text) referenced from qmi.o(.text)
 <LI><a href="#[171]">Modbus_CommActionDelay_msg_cb</a> from qmi.o(.text) referenced from qmi.o(.text)
 <LI><a href="#[177]">Modbus_CommStateTimeoutHandler</a> from qmi.o(.text) referenced from qmi.o(.text)
 <LI><a href="#[176]">Modbus_CommStateTimeout_msg_cb</a> from qmi.o(.text) referenced from qmi.o(.text)
 <LI><a href="#[17e]">Modbus_Scheduler_cb</a> from qmi.o(.text) referenced from qmi.o(.text)
 <LI><a href="#[17d]">Modbus_Scheduler_msg_cb</a> from qmi.o(.text) referenced from qmi.o(.text)
 <LI><a href="#[6]">NMI_Handler</a> from stm32f10x_it.o(.text) referenced from startup_stm32f10x_hd.o(RESET)
 <LI><a href="#[54]">OSIntExit</a> from os_core.o(.text) referenced from os_cpu_a.o(.text)
 <LI><a href="#[53]">OSTaskSwHook</a> from os_cpu_c.o(.text) referenced from os_cpu_a.o(.text)
 <LI><a href="#[25c]">OS_TaskIdle</a> from os_core.o(.text) referenced from os_core.o(.text)
 <LI><a href="#[10]">PVD_IRQHandler</a> from startup_stm32f10x_hd.o(.text) referenced from startup_stm32f10x_hd.o(RESET)
 <LI><a href="#[d]">PendSV_Handler</a> from os_cpu_a.o(.text) referenced from startup_stm32f10x_hd.o(RESET)
 <LI><a href="#[14]">RCC_IRQHandler</a> from startup_stm32f10x_hd.o(.text) referenced from startup_stm32f10x_hd.o(RESET)
 <LI><a href="#[38]">RTCAlarm_IRQHandler</a> from startup_stm32f10x_hd.o(.text) referenced from startup_stm32f10x_hd.o(RESET)
 <LI><a href="#[12]">RTC_IRQHandler</a> from stm32f10x_it.o(.text) referenced from startup_stm32f10x_hd.o(RESET)
 <LI><a href="#[d9]">RelayPulse_cb</a> from relay.o(.text) referenced from relay.o(.text)
 <LI><a href="#[5]">Reset_Handler</a> from startup_stm32f10x_hd.o(.text) referenced from startup_stm32f10x_hd.o(RESET)
 <LI><a href="#[40]">SDIO_IRQHandler</a> from startup_stm32f10x_hd.o(.text) referenced from startup_stm32f10x_hd.o(RESET)
 <LI><a href="#[32]">SPI1_IRQHandler</a> from stm32f10x_it.o(.text) referenced from startup_stm32f10x_hd.o(RESET)
 <LI><a href="#[33]">SPI2_IRQHandler</a> from stm32f10x_it.o(.text) referenced from startup_stm32f10x_hd.o(RESET)
 <LI><a href="#[42]">SPI3_IRQHandler</a> from startup_stm32f10x_hd.o(.text) referenced from startup_stm32f10x_hd.o(RESET)
 <LI><a href="#[b]">SVC_Handler</a> from stm32f10x_it.o(.text) referenced from startup_stm32f10x_hd.o(RESET)
 <LI><a href="#[e]">SysTick_Handler</a> from stm32f10x_it.o(.text) referenced from startup_stm32f10x_hd.o(RESET)
 <LI><a href="#[51]">SystemInit</a> from system_stm32f10x.o(.text) referenced from startup_stm32f10x_hd.o(.text)
 <LI><a href="#[11]">TAMPER_IRQHandler</a> from startup_stm32f10x_hd.o(.text) referenced from startup_stm32f10x_hd.o(RESET)
 <LI><a href="#[27]">TIM1_BRK_IRQHandler</a> from startup_stm32f10x_hd.o(.text) referenced from startup_stm32f10x_hd.o(RESET)
 <LI><a href="#[2a]">TIM1_CC_IRQHandler</a> from stm32f10x_it.o(.text) referenced from startup_stm32f10x_hd.o(RESET)
 <LI><a href="#[29]">TIM1_TRG_COM_IRQHandler</a> from startup_stm32f10x_hd.o(.text) referenced from startup_stm32f10x_hd.o(RESET)
 <LI><a href="#[28]">TIM1_UP_IRQHandler</a> from stm32f10x_it.o(.text) referenced from startup_stm32f10x_hd.o(RESET)
 <LI><a href="#[2b]">TIM2_IRQHandler</a> from stm32f10x_it.o(.text) referenced from startup_stm32f10x_hd.o(RESET)
 <LI><a href="#[2c]">TIM3_IRQHandler</a> from stm32f10x_it.o(.text) referenced from startup_stm32f10x_hd.o(RESET)
 <LI><a href="#[2d]">TIM4_IRQHandler</a> from stm32f10x_it.o(.text) referenced from startup_stm32f10x_hd.o(RESET)
 <LI><a href="#[41]">TIM5_IRQHandler</a> from startup_stm32f10x_hd.o(.text) referenced from startup_stm32f10x_hd.o(RESET)
 <LI><a href="#[45]">TIM6_IRQHandler</a> from startup_stm32f10x_hd.o(.text) referenced from startup_stm32f10x_hd.o(RESET)
 <LI><a href="#[46]">TIM7_IRQHandler</a> from startup_stm32f10x_hd.o(.text) referenced from startup_stm32f10x_hd.o(RESET)
 <LI><a href="#[3a]">TIM8_BRK_IRQHandler</a> from startup_stm32f10x_hd.o(.text) referenced from startup_stm32f10x_hd.o(RESET)
 <LI><a href="#[3d]">TIM8_CC_IRQHandler</a> from startup_stm32f10x_hd.o(.text) referenced from startup_stm32f10x_hd.o(RESET)
 <LI><a href="#[3c]">TIM8_TRG_COM_IRQHandler</a> from startup_stm32f10x_hd.o(.text) referenced from startup_stm32f10x_hd.o(RESET)
 <LI><a href="#[3b]">TIM8_UP_IRQHandler</a> from startup_stm32f10x_hd.o(.text) referenced from startup_stm32f10x_hd.o(RESET)
 <LI><a href="#[43]">UART4_IRQHandler</a> from stm32f10x_it.o(.text) referenced from startup_stm32f10x_hd.o(RESET)
 <LI><a href="#[44]">UART5_IRQHandler</a> from stm32f10x_it.o(.text) referenced from startup_stm32f10x_hd.o(RESET)
 <LI><a href="#[34]">USART1_IRQHandler</a> from stm32f10x_it.o(.text) referenced from startup_stm32f10x_hd.o(RESET)
 <LI><a href="#[35]">USART2_IRQHandler</a> from stm32f10x_it.o(.text) referenced from startup_stm32f10x_hd.o(RESET)
 <LI><a href="#[36]">USART3_IRQHandler</a> from stm32f10x_it.o(.text) referenced from startup_stm32f10x_hd.o(RESET)
 <LI><a href="#[39]">USBWakeUp_IRQHandler</a> from startup_stm32f10x_hd.o(.text) referenced from startup_stm32f10x_hd.o(RESET)
 <LI><a href="#[22]">USB_HP_CAN1_TX_IRQHandler</a> from stm32f10x_it.o(.text) referenced from startup_stm32f10x_hd.o(RESET)
 <LI><a href="#[23]">USB_LP_CAN1_RX0_IRQHandler</a> from stm32f10x_it.o(.text) referenced from startup_stm32f10x_hd.o(RESET)
 <LI><a href="#[f1]">UartCmdCallback</a> from uartcmd.o(.text) referenced from uartcmd.o(.text)
 <LI><a href="#[a]">UsageFault_Handler</a> from stm32f10x_it.o(.text) referenced from startup_stm32f10x_hd.o(RESET)
 <LI><a href="#[1cb]">VOS_TaskEntry</a> from task.o(.text) referenced from task.o(.text)
 <LI><a href="#[50]">ValveSwitchMeasChl</a> from valve.o(.text) referenced from valve.o(.text)
 <LI><a href="#[f]">WWDG_IRQHandler</a> from startup_stm32f10x_hd.o(.text) referenced from startup_stm32f10x_hd.o(RESET)
 <LI><a href="#[52]">__main</a> from entry.o(.ARM.Collect$$$$00000000) referenced from startup_stm32f10x_hd.o(.text)
 <LI><a href="#[56]">_sputc</a> from printf8.o(i._sputc) referenced from printf8.o(i.__0sprintf$8)
 <LI><a href="#[57]">_sputc</a> from printfa.o(i._sputc) referenced from printfa.o(i.__0vsprintf)
 <LI><a href="#[17b]">appQmi_ItfProcess</a> from qmi.o(.text) referenced from qmi.o(.text)
 <LI><a href="#[170]">appQmi_config_cb</a> from qmi.o(.text) referenced from qmi.o(.text)
 <LI><a href="#[55]">fputc</a> from printf.o(.text) referenced from printf8.o(i.__0printf$8)
 <LI><a href="#[55]">fputc</a> from printf.o(.text) referenced from printfa.o(i.__0vprintf)
 <LI><a href="#[255]">hal_SPI1_ReadByte</a> from hal_spi_driver.o(.text) referenced from hal_spi_driver.o(.text)
 <LI><a href="#[254]">hal_SPI1_SendByte</a> from hal_spi_driver.o(.text) referenced from hal_spi_driver.o(.text)
 <LI><a href="#[24d]">hal_SPI2_ReadByte</a> from hal_spi_driver.o(.text) referenced from hal_spi_driver.o(.text)
 <LI><a href="#[249]">hal_SPI2_SendByte</a> from hal_spi_driver.o(.text) referenced from hal_spi_driver.o(.text)
 <LI><a href="#[1d1]">keyboard_sh</a> from keyboard.o(.text) referenced from keyboard.o(.text)
 <LI><a href="#[1d0]">keyboard_to</a> from keyboard.o(.text) referenced 2 times from keyboard.o(.text)
 <LI><a href="#[4b]">main</a> from app.o(.text) referenced from entry9a.o(.ARM.Collect$$$$0000000B)
 <LI><a href="#[2]">stm32_gpiolib_get</a> from gpio.o(.text) referenced 14 times from gpio.o(.data)
 <LI><a href="#[0]">stm32_gpiolib_getcfg</a> from gpio.o(.text) referenced 2 times from gpio.o(.data)
 <LI><a href="#[3]">stm32_gpiolib_set</a> from gpio.o(.text) referenced 14 times from gpio.o(.data)
 <LI><a href="#[1]">stm32_gpiolib_setcfg</a> from gpio.o(.text) referenced 2 times from gpio.o(.data)
 <LI><a href="#[4]">stm32_gpiolib_toggle</a> from gpio.o(.text) referenced 14 times from gpio.o(.data)
</UL>
<P>
<H3>
Global Symbols
</H3>
<P><STRONG><a name="[52]"></a>__main</STRONG> (Thumb, 0 bytes, Stack size unknown bytes, entry.o(.ARM.Collect$$$$00000000))
<BR>[Address Reference Count : 1]<UL><LI> startup_stm32f10x_hd.o(.text)
</UL>
<P><STRONG><a name="[2c1]"></a>_main_stk</STRONG> (Thumb, 0 bytes, Stack size unknown bytes, entry2.o(.ARM.Collect$$$$00000001))

<P><STRONG><a name="[58]"></a>_main_scatterload</STRONG> (Thumb, 0 bytes, Stack size unknown bytes, entry5.o(.ARM.Collect$$$$00000004))
<BR><BR>[Calls]<UL><LI><a href="#[59]">&gt;&gt;</a>&nbsp;&nbsp;&nbsp;__scatterload
</UL>

<P><STRONG><a name="[2b2]"></a>__main_after_scatterload</STRONG> (Thumb, 0 bytes, Stack size unknown bytes, entry5.o(.ARM.Collect$$$$00000004))
<BR><BR>[Called By]<UL><LI><a href="#[59]">&gt;&gt;</a>&nbsp;&nbsp;&nbsp;__scatterload
</UL>

<P><STRONG><a name="[2c2]"></a>_main_clock</STRONG> (Thumb, 0 bytes, Stack size unknown bytes, entry7b.o(.ARM.Collect$$$$00000008))

<P><STRONG><a name="[2c3]"></a>_main_cpp_init</STRONG> (Thumb, 0 bytes, Stack size unknown bytes, entry8b.o(.ARM.Collect$$$$0000000A))

<P><STRONG><a name="[2c4]"></a>_main_init</STRONG> (Thumb, 0 bytes, Stack size unknown bytes, entry9a.o(.ARM.Collect$$$$0000000B))

<P><STRONG><a name="[2c5]"></a>__rt_final_cpp</STRONG> (Thumb, 0 bytes, Stack size unknown bytes, entry10a.o(.ARM.Collect$$$$0000000D))

<P><STRONG><a name="[2c6]"></a>__rt_final_exit</STRONG> (Thumb, 0 bytes, Stack size unknown bytes, entry11a.o(.ARM.Collect$$$$0000000F))

<P><STRONG><a name="[28c]"></a>App_TaskCreateHook</STRONG> (Thumb, 2 bytes, Stack size 0 bytes, app.o(.text))
<BR><BR>[Called By]<UL><LI><a href="#[26e]">&gt;&gt;</a>&nbsp;&nbsp;&nbsp;OSTaskCreateHook
</UL>

<P><STRONG><a name="[28d]"></a>App_TaskDelHook</STRONG> (Thumb, 2 bytes, Stack size 0 bytes, app.o(.text), UNUSED)
<BR><BR>[Called By]<UL><LI><a href="#[27d]">&gt;&gt;</a>&nbsp;&nbsp;&nbsp;OSTaskDelHook
</UL>

<P><STRONG><a name="[5a]"></a>App_TaskIdleHook</STRONG> (Thumb, 4 bytes, Stack size 0 bytes, app.o(.text))
<BR><BR>[Calls]<UL><LI><a href="#[5b]">&gt;&gt;</a>&nbsp;&nbsp;&nbsp;IWDG_Feed
</UL>
<BR>[Called By]<UL><LI><a href="#[25d]">&gt;&gt;</a>&nbsp;&nbsp;&nbsp;OSTaskIdleHook
</UL>

<P><STRONG><a name="[28f]"></a>App_TaskStatHook</STRONG> (Thumb, 2 bytes, Stack size 0 bytes, app.o(.text), UNUSED)
<BR><BR>[Called By]<UL><LI><a href="#[28e]">&gt;&gt;</a>&nbsp;&nbsp;&nbsp;OSTaskStatHook
</UL>

<P><STRONG><a name="[290]"></a>App_TaskSwHook</STRONG> (Thumb, 2 bytes, Stack size 0 bytes, app.o(.text))
<BR><BR>[Called By]<UL><LI><a href="#[53]">&gt;&gt;</a>&nbsp;&nbsp;&nbsp;OSTaskSwHook
</UL>

<P><STRONG><a name="[291]"></a>App_TCBInitHook</STRONG> (Thumb, 2 bytes, Stack size 0 bytes, app.o(.text))
<BR><BR>[Called By]<UL><LI><a href="#[26d]">&gt;&gt;</a>&nbsp;&nbsp;&nbsp;OSTCBInitHook
</UL>

<P><STRONG><a name="[5c]"></a>App_TimeTickHook</STRONG> (Thumb, 74 bytes, Stack size 8 bytes, app.o(.text))
<BR><BR>[Stack]<UL><LI>Max Depth = 116 + Unknown Stack Size
<LI>Call Chain = App_TimeTickHook &rArr; TimerProc &rArr; MessageSend &rArr; queueMessage &rArr; VOS_SemP &rArr; OSSemPost &rArr; OS_EventTaskRdy
</UL>
<BR>[Calls]<UL><LI><a href="#[5e]">&gt;&gt;</a>&nbsp;&nbsp;&nbsp;sys_time_proc
<LI><a href="#[5d]">&gt;&gt;</a>&nbsp;&nbsp;&nbsp;TimerProc
<LI><a href="#[5f]">&gt;&gt;</a>&nbsp;&nbsp;&nbsp;Serial_CheckRcvIdleTime
</UL>
<BR>[Called By]<UL><LI><a href="#[269]">&gt;&gt;</a>&nbsp;&nbsp;&nbsp;OSTimeTickHook
</UL>

<P><STRONG><a name="[2c7]"></a>USER_Delay</STRONG> (Thumb, 12 bytes, Stack size 0 bytes, app.o(.text), UNUSED)

<P><STRONG><a name="[60]"></a>SecondTimer</STRONG> (Thumb, 14 bytes, Stack size 8 bytes, app.o(.text))
<BR><BR>[Stack]<UL><LI>Max Depth = 184 + Unknown Stack Size
<LI>Call Chain = SecondTimer &rArr; Disp_SecondTask &rArr; Disp_EcoReport &rArr; CanSndSappCmd2 &rArr; SHZNAPP_CanResp &rArr; CanSndBufPush &rArr; SndCanData &rArr; CanMsgSndCb &rArr; sys_timeout &rArr; __sys_timeout
</UL>
<BR>[Calls]<UL><LI><a href="#[61]">&gt;&gt;</a>&nbsp;&nbsp;&nbsp;RunToggle
<LI><a href="#[62]">&gt;&gt;</a>&nbsp;&nbsp;&nbsp;Disp_SecondTask
</UL>
<BR>[Called By]<UL><LI><a href="#[63]">&gt;&gt;</a>&nbsp;&nbsp;&nbsp;PidTimerProcess
</UL>

<P><STRONG><a name="[63]"></a>PidTimerProcess</STRONG> (Thumb, 40 bytes, Stack size 8 bytes, app.o(.text))
<BR><BR>[Stack]<UL><LI>Max Depth = 192 + Unknown Stack Size
<LI>Call Chain = PidTimerProcess &rArr; SecondTimer &rArr; Disp_SecondTask &rArr; Disp_EcoReport &rArr; CanSndSappCmd2 &rArr; SHZNAPP_CanResp &rArr; CanSndBufPush &rArr; SndCanData &rArr; CanMsgSndCb &rArr; sys_timeout &rArr; __sys_timeout
</UL>
<BR>[Calls]<UL><LI><a href="#[65]">&gt;&gt;</a>&nbsp;&nbsp;&nbsp;Beep
<LI><a href="#[64]">&gt;&gt;</a>&nbsp;&nbsp;&nbsp;Alarm
<LI><a href="#[60]">&gt;&gt;</a>&nbsp;&nbsp;&nbsp;SecondTimer
</UL>
<BR>[Called By]<UL><LI><a href="#[8b]">&gt;&gt;</a>&nbsp;&nbsp;&nbsp;Msg_proc
</UL>

<P><STRONG><a name="[66]"></a>MainSappProc</STRONG> (Thumb, 64 bytes, Stack size 8 bytes, app.o(.text))
<BR><BR>[Stack]<UL><LI>Max Depth = 244 + Unknown Stack Size
<LI>Call Chain = MainSappProc &rArr; SHZNAPP_SerialAppProc &rArr; appAtCmd &rArr; Config_SetItem &rArr; osal_snv_write &rArr; compactPage &rArr; setActivePage &rArr; writeWord &rArr; HalFlashWrite &rArr; FLASH_ProgramWord &rArr; FLASH_WaitForLastOperation
</UL>
<BR>[Calls]<UL><LI><a href="#[68]">&gt;&gt;</a>&nbsp;&nbsp;&nbsp;SHZNAPP_SerialUnknowProc
<LI><a href="#[69]">&gt;&gt;</a>&nbsp;&nbsp;&nbsp;SHZNAPP_SerialResp
<LI><a href="#[6b]">&gt;&gt;</a>&nbsp;&nbsp;&nbsp;SHZNAPP_SerialBootProc
<LI><a href="#[6a]">&gt;&gt;</a>&nbsp;&nbsp;&nbsp;SHZNAPP_SerialAppProc
<LI><a href="#[67]">&gt;&gt;</a>&nbsp;&nbsp;&nbsp;MainAlarmWithDuration
</UL>
<BR>[Called By]<UL><LI><a href="#[8b]">&gt;&gt;</a>&nbsp;&nbsp;&nbsp;Msg_proc
</UL>

<P><STRONG><a name="[2c8]"></a>InitKeys</STRONG> (Thumb, 2 bytes, Stack size 0 bytes, app.o(.text), UNUSED)

<P><STRONG><a name="[6c]"></a>MainInit</STRONG> (Thumb, 134 bytes, Stack size 8 bytes, app.o(.text))
<BR><BR>[Stack]<UL><LI>Max Depth = 180 + Unknown Stack Size
<LI>Call Chain = MainInit &rArr; osal_snv_init &rArr; initNV &rArr; compactPage &rArr; setActivePage &rArr; writeWord &rArr; HalFlashWrite &rArr; FLASH_ProgramWord &rArr; FLASH_WaitForLastOperation
</UL>
<BR>[Calls]<UL><LI><a href="#[6f]">&gt;&gt;</a>&nbsp;&nbsp;&nbsp;stm32_gpio_init
<LI><a href="#[79]">&gt;&gt;</a>&nbsp;&nbsp;&nbsp;osal_snv_init
<LI><a href="#[83]">&gt;&gt;</a>&nbsp;&nbsp;&nbsp;appQmiInit
<LI><a href="#[82]">&gt;&gt;</a>&nbsp;&nbsp;&nbsp;ValveInit
<LI><a href="#[6d]">&gt;&gt;</a>&nbsp;&nbsp;&nbsp;VOS_SetLogLevel
<LI><a href="#[6e]">&gt;&gt;</a>&nbsp;&nbsp;&nbsp;UartCmdSetLogLevel
<LI><a href="#[7a]">&gt;&gt;</a>&nbsp;&nbsp;&nbsp;UartCmdPrintf
<LI><a href="#[76]">&gt;&gt;</a>&nbsp;&nbsp;&nbsp;UartCmdInit
<LI><a href="#[72]">&gt;&gt;</a>&nbsp;&nbsp;&nbsp;RunInit
<LI><a href="#[73]">&gt;&gt;</a>&nbsp;&nbsp;&nbsp;Run
<LI><a href="#[78]">&gt;&gt;</a>&nbsp;&nbsp;&nbsp;RTC_Get
<LI><a href="#[77]">&gt;&gt;</a>&nbsp;&nbsp;&nbsp;RTC_Config
<LI><a href="#[80]">&gt;&gt;</a>&nbsp;&nbsp;&nbsp;MultiplexInit
<LI><a href="#[85]">&gt;&gt;</a>&nbsp;&nbsp;&nbsp;MainBeepWithDuration
<LI><a href="#[7d]">&gt;&gt;</a>&nbsp;&nbsp;&nbsp;KeyboardInit
<LI><a href="#[70]">&gt;&gt;</a>&nbsp;&nbsp;&nbsp;Ioctrl_input_init
<LI><a href="#[71]">&gt;&gt;</a>&nbsp;&nbsp;&nbsp;InitRelays
<LI><a href="#[7f]">&gt;&gt;</a>&nbsp;&nbsp;&nbsp;IWDG_Init
<LI><a href="#[7e]">&gt;&gt;</a>&nbsp;&nbsp;&nbsp;Disp_Init
<LI><a href="#[7b]">&gt;&gt;</a>&nbsp;&nbsp;&nbsp;Config_Init
<LI><a href="#[7c]">&gt;&gt;</a>&nbsp;&nbsp;&nbsp;CanCmdInit
<LI><a href="#[75]">&gt;&gt;</a>&nbsp;&nbsp;&nbsp;BeepInit
<LI><a href="#[74]">&gt;&gt;</a>&nbsp;&nbsp;&nbsp;AlarmInit
<LI><a href="#[84]">&gt;&gt;</a>&nbsp;&nbsp;&nbsp;AddTimer
<LI><a href="#[81]">&gt;&gt;</a>&nbsp;&nbsp;&nbsp;ADC_Meas_Init
</UL>
<BR>[Called By]<UL><LI><a href="#[86]">&gt;&gt;</a>&nbsp;&nbsp;&nbsp;PidSelfProcess
</UL>

<P><STRONG><a name="[86]"></a>PidSelfProcess</STRONG> (Thumb, 34 bytes, Stack size 8 bytes, app.o(.text))
<BR><BR>[Stack]<UL><LI>Max Depth = 188 + Unknown Stack Size
<LI>Call Chain = PidSelfProcess &rArr; MainInit &rArr; osal_snv_init &rArr; initNV &rArr; compactPage &rArr; setActivePage &rArr; writeWord &rArr; HalFlashWrite &rArr; FLASH_ProgramWord &rArr; FLASH_WaitForLastOperation
</UL>
<BR>[Calls]<UL><LI><a href="#[87]">&gt;&gt;</a>&nbsp;&nbsp;&nbsp;appQmi_msg_Handler
<LI><a href="#[6c]">&gt;&gt;</a>&nbsp;&nbsp;&nbsp;MainInit
</UL>
<BR>[Called By]<UL><LI><a href="#[8b]">&gt;&gt;</a>&nbsp;&nbsp;&nbsp;Msg_proc
</UL>

<P><STRONG><a name="[2c9]"></a>PidKeyboardProcess</STRONG> (Thumb, 4 bytes, Stack size 0 bytes, app.o(.text), UNUSED)

<P><STRONG><a name="[2ca]"></a>PidTouchProcess</STRONG> (Thumb, 4 bytes, Stack size 0 bytes, app.o(.text), UNUSED)

<P><STRONG><a name="[88]"></a>MainKickoff</STRONG> (Thumb, 28 bytes, Stack size 8 bytes, app.o(.text))
<BR><BR>[Stack]<UL><LI>Max Depth = 84 + Unknown Stack Size
<LI>Call Chain = MainKickoff &rArr; MessageSend &rArr; queueMessage &rArr; VOS_SemP &rArr; OSSemPost &rArr; OS_EventTaskRdy
</UL>
<BR>[Calls]<UL><LI><a href="#[8a]">&gt;&gt;</a>&nbsp;&nbsp;&nbsp;MessageSend
<LI><a href="#[89]">&gt;&gt;</a>&nbsp;&nbsp;&nbsp;MessageAlloc
</UL>
<BR>[Called By]<UL><LI><a href="#[4c]">&gt;&gt;</a>&nbsp;&nbsp;&nbsp;AppTaskRoot
</UL>

<P><STRONG><a name="[8b]"></a>Msg_proc</STRONG> (Thumb, 44 bytes, Stack size 0 bytes, app.o(.text))
<BR><BR>[Stack]<UL><LI>Max Depth = 292 + Unknown Stack Size
<LI>Call Chain = Msg_proc &rArr; PidCanProcess &rArr; RcvCanData &rArr; CanRcvFrame &rArr; SHZNAPP_SerialAppProc &rArr; appAtCmd &rArr; Config_SetItem &rArr; osal_snv_write &rArr; compactPage &rArr; setActivePage &rArr; writeWord &rArr; HalFlashWrite &rArr; FLASH_ProgramWord &rArr; FLASH_WaitForLastOperation
</UL>
<BR>[Calls]<UL><LI><a href="#[8c]">&gt;&gt;</a>&nbsp;&nbsp;&nbsp;PidSerialProcess
<LI><a href="#[8d]">&gt;&gt;</a>&nbsp;&nbsp;&nbsp;PidCanProcess
<LI><a href="#[8e]">&gt;&gt;</a>&nbsp;&nbsp;&nbsp;PidAdcProcess
<LI><a href="#[86]">&gt;&gt;</a>&nbsp;&nbsp;&nbsp;PidSelfProcess
<LI><a href="#[66]">&gt;&gt;</a>&nbsp;&nbsp;&nbsp;MainSappProc
<LI><a href="#[63]">&gt;&gt;</a>&nbsp;&nbsp;&nbsp;PidTimerProcess
</UL>
<BR>[Called By]<UL><LI><a href="#[8f]">&gt;&gt;</a>&nbsp;&nbsp;&nbsp;Main_Entry
</UL>

<P><STRONG><a name="[8f]"></a>Main_Entry</STRONG> (Thumb, 2 bytes, Stack size 0 bytes, app.o(.text))
<BR><BR>[Stack]<UL><LI>Max Depth = 292 + Unknown Stack Size
<LI>Call Chain = Main_Entry &rArr; Msg_proc &rArr; PidCanProcess &rArr; RcvCanData &rArr; CanRcvFrame &rArr; SHZNAPP_SerialAppProc &rArr; appAtCmd &rArr; Config_SetItem &rArr; osal_snv_write &rArr; compactPage &rArr; setActivePage &rArr; writeWord &rArr; HalFlashWrite &rArr; FLASH_ProgramWord &rArr; FLASH_WaitForLastOperation
</UL>
<BR>[Calls]<UL><LI><a href="#[8b]">&gt;&gt;</a>&nbsp;&nbsp;&nbsp;Msg_proc
</UL>
<BR>[Address Reference Count : 1]<UL><LI> app.o(.text)
</UL>
<P><STRONG><a name="[4b]"></a>main</STRONG> (Thumb, 84 bytes, Stack size 32 bytes, app.o(.text))
<BR><BR>[Stack]<UL><LI>Max Depth = 176 + Unknown Stack Size
<LI>Call Chain = main &rArr; OSInit &rArr; OSTaskCreateExt &rArr; OS_TCBInit
</UL>
<BR>[Calls]<UL><LI><a href="#[92]">&gt;&gt;</a>&nbsp;&nbsp;&nbsp;OSTaskNameSet
<LI><a href="#[98]">&gt;&gt;</a>&nbsp;&nbsp;&nbsp;OSTaskCreateExt
<LI><a href="#[99]">&gt;&gt;</a>&nbsp;&nbsp;&nbsp;OSStart
<LI><a href="#[97]">&gt;&gt;</a>&nbsp;&nbsp;&nbsp;OSInit
<LI><a href="#[95]">&gt;&gt;</a>&nbsp;&nbsp;&nbsp;NVIC_SetVectorTable
<LI><a href="#[96]">&gt;&gt;</a>&nbsp;&nbsp;&nbsp;NVIC_PriorityGroupConfig
<LI><a href="#[94]">&gt;&gt;</a>&nbsp;&nbsp;&nbsp;CPU_IntDis
</UL>
<BR>[Address Reference Count : 1]<UL><LI> entry9a.o(.ARM.Collect$$$$0000000B)
</UL>
<P><STRONG><a name="[6]"></a>NMI_Handler</STRONG> (Thumb, 2 bytes, Stack size 0 bytes, stm32f10x_it.o(.text))
<BR>[Address Reference Count : 1]<UL><LI> startup_stm32f10x_hd.o(RESET)
</UL>
<P><STRONG><a name="[7]"></a>HardFault_Handler</STRONG> (Thumb, 2 bytes, Stack size 0 bytes, stm32f10x_it.o(.text))
<BR><BR>[Calls]<UL><LI><a href="#[7]">&gt;&gt;</a>&nbsp;&nbsp;&nbsp;HardFault_Handler
</UL>
<BR>[Called By]<UL><LI><a href="#[7]">&gt;&gt;</a>&nbsp;&nbsp;&nbsp;HardFault_Handler
</UL>
<BR>[Address Reference Count : 1]<UL><LI> startup_stm32f10x_hd.o(RESET)
</UL>
<P><STRONG><a name="[8]"></a>MemManage_Handler</STRONG> (Thumb, 2 bytes, Stack size 0 bytes, stm32f10x_it.o(.text))
<BR><BR>[Calls]<UL><LI><a href="#[8]">&gt;&gt;</a>&nbsp;&nbsp;&nbsp;MemManage_Handler
</UL>
<BR>[Called By]<UL><LI><a href="#[8]">&gt;&gt;</a>&nbsp;&nbsp;&nbsp;MemManage_Handler
</UL>
<BR>[Address Reference Count : 1]<UL><LI> startup_stm32f10x_hd.o(RESET)
</UL>
<P><STRONG><a name="[9]"></a>BusFault_Handler</STRONG> (Thumb, 2 bytes, Stack size 0 bytes, stm32f10x_it.o(.text))
<BR><BR>[Calls]<UL><LI><a href="#[9]">&gt;&gt;</a>&nbsp;&nbsp;&nbsp;BusFault_Handler
</UL>
<BR>[Called By]<UL><LI><a href="#[9]">&gt;&gt;</a>&nbsp;&nbsp;&nbsp;BusFault_Handler
</UL>
<BR>[Address Reference Count : 1]<UL><LI> startup_stm32f10x_hd.o(RESET)
</UL>
<P><STRONG><a name="[a]"></a>UsageFault_Handler</STRONG> (Thumb, 2 bytes, Stack size 0 bytes, stm32f10x_it.o(.text))
<BR><BR>[Calls]<UL><LI><a href="#[a]">&gt;&gt;</a>&nbsp;&nbsp;&nbsp;UsageFault_Handler
</UL>
<BR>[Called By]<UL><LI><a href="#[a]">&gt;&gt;</a>&nbsp;&nbsp;&nbsp;UsageFault_Handler
</UL>
<BR>[Address Reference Count : 1]<UL><LI> startup_stm32f10x_hd.o(RESET)
</UL>
<P><STRONG><a name="[b]"></a>SVC_Handler</STRONG> (Thumb, 2 bytes, Stack size 0 bytes, stm32f10x_it.o(.text))
<BR>[Address Reference Count : 1]<UL><LI> startup_stm32f10x_hd.o(RESET)
</UL>
<P><STRONG><a name="[c]"></a>DebugMon_Handler</STRONG> (Thumb, 2 bytes, Stack size 0 bytes, stm32f10x_it.o(.text))
<BR>[Address Reference Count : 1]<UL><LI> startup_stm32f10x_hd.o(RESET)
</UL>
<P><STRONG><a name="[e]"></a>SysTick_Handler</STRONG> (Thumb, 36 bytes, Stack size 8 bytes, stm32f10x_it.o(.text))
<BR><BR>[Stack]<UL><LI>Max Depth = 140 + Unknown Stack Size
<LI>Call Chain = SysTick_Handler &rArr; OSTimeTick &rArr; OSTimeTickHook &rArr; App_TimeTickHook &rArr; TimerProc &rArr; MessageSend &rArr; queueMessage &rArr; VOS_SemP &rArr; OSSemPost &rArr; OS_EventTaskRdy
</UL>
<BR>[Calls]<UL><LI><a href="#[9a]">&gt;&gt;</a>&nbsp;&nbsp;&nbsp;OS_CPU_SR_Save
<LI><a href="#[9b]">&gt;&gt;</a>&nbsp;&nbsp;&nbsp;OS_CPU_SR_Restore
<LI><a href="#[9c]">&gt;&gt;</a>&nbsp;&nbsp;&nbsp;OSTimeTick
<LI><a href="#[54]">&gt;&gt;</a>&nbsp;&nbsp;&nbsp;OSIntExit
</UL>
<BR>[Address Reference Count : 1]<UL><LI> startup_stm32f10x_hd.o(RESET)
</UL>
<P><STRONG><a name="[33]"></a>SPI2_IRQHandler</STRONG> (Thumb, 2 bytes, Stack size 0 bytes, stm32f10x_it.o(.text))
<BR>[Address Reference Count : 1]<UL><LI> startup_stm32f10x_hd.o(RESET)
</UL>
<P><STRONG><a name="[32]"></a>SPI1_IRQHandler</STRONG> (Thumb, 2 bytes, Stack size 0 bytes, stm32f10x_it.o(.text))
<BR>[Address Reference Count : 1]<UL><LI> startup_stm32f10x_hd.o(RESET)
</UL>
<P><STRONG><a name="[22]"></a>USB_HP_CAN1_TX_IRQHandler</STRONG> (Thumb, 82 bytes, Stack size 8 bytes, stm32f10x_it.o(.text))
<BR><BR>[Stack]<UL><LI>Max Depth = 104 + Unknown Stack Size
<LI>Call Chain = USB_HP_CAN1_TX_IRQHandler &rArr; SndCanData &rArr; CanMsgSndCb &rArr; sys_timeout &rArr; __sys_timeout
</UL>
<BR>[Calls]<UL><LI><a href="#[9f]">&gt;&gt;</a>&nbsp;&nbsp;&nbsp;SndCanData
<LI><a href="#[9d]">&gt;&gt;</a>&nbsp;&nbsp;&nbsp;CAN_GetITStatus
<LI><a href="#[9e]">&gt;&gt;</a>&nbsp;&nbsp;&nbsp;CAN_ClearITPendingBit
</UL>
<BR>[Address Reference Count : 1]<UL><LI> startup_stm32f10x_hd.o(RESET)
</UL>
<P><STRONG><a name="[23]"></a>USB_LP_CAN1_RX0_IRQHandler</STRONG> (Thumb, 42 bytes, Stack size 8 bytes, stm32f10x_it.o(.text))
<BR><BR>[Stack]<UL><LI>Max Depth = 84 + Unknown Stack Size
<LI>Call Chain = USB_LP_CAN1_RX0_IRQHandler &rArr; MessageSend &rArr; queueMessage &rArr; VOS_SemP &rArr; OSSemPost &rArr; OS_EventTaskRdy
</UL>
<BR>[Calls]<UL><LI><a href="#[a0]">&gt;&gt;</a>&nbsp;&nbsp;&nbsp;CAN_Receive
<LI><a href="#[8a]">&gt;&gt;</a>&nbsp;&nbsp;&nbsp;MessageSend
<LI><a href="#[89]">&gt;&gt;</a>&nbsp;&nbsp;&nbsp;MessageAlloc
</UL>
<BR>[Address Reference Count : 1]<UL><LI> startup_stm32f10x_hd.o(RESET)
</UL>
<P><STRONG><a name="[24]"></a>CAN1_RX1_IRQHandler</STRONG> (Thumb, 42 bytes, Stack size 8 bytes, stm32f10x_it.o(.text))
<BR><BR>[Stack]<UL><LI>Max Depth = 84 + Unknown Stack Size
<LI>Call Chain = CAN1_RX1_IRQHandler &rArr; MessageSend &rArr; queueMessage &rArr; VOS_SemP &rArr; OSSemPost &rArr; OS_EventTaskRdy
</UL>
<BR>[Calls]<UL><LI><a href="#[a0]">&gt;&gt;</a>&nbsp;&nbsp;&nbsp;CAN_Receive
<LI><a href="#[8a]">&gt;&gt;</a>&nbsp;&nbsp;&nbsp;MessageSend
<LI><a href="#[89]">&gt;&gt;</a>&nbsp;&nbsp;&nbsp;MessageAlloc
</UL>
<BR>[Address Reference Count : 1]<UL><LI> startup_stm32f10x_hd.o(RESET)
</UL>
<P><STRONG><a name="[25]"></a>CAN1_SCE_IRQHandler</STRONG> (Thumb, 2 bytes, Stack size 0 bytes, stm32f10x_it.o(.text))
<BR>[Address Reference Count : 1]<UL><LI> startup_stm32f10x_hd.o(RESET)
</UL>
<P><STRONG><a name="[34]"></a>USART1_IRQHandler</STRONG> (Thumb, 36 bytes, Stack size 8 bytes, stm32f10x_it.o(.text))
<BR><BR>[Stack]<UL><LI>Max Depth = 24<LI>Call Chain = USART1_IRQHandler &rArr; USART_GetITStatus
</UL>
<BR>[Calls]<UL><LI><a href="#[a8]">&gt;&gt;</a>&nbsp;&nbsp;&nbsp;UartCmdPutData
<LI><a href="#[a3]">&gt;&gt;</a>&nbsp;&nbsp;&nbsp;USART_ReceiveData
<LI><a href="#[a2]">&gt;&gt;</a>&nbsp;&nbsp;&nbsp;USART_GetITStatus
</UL>
<BR>[Address Reference Count : 1]<UL><LI> startup_stm32f10x_hd.o(RESET)
</UL>
<P><STRONG><a name="[35]"></a>USART2_IRQHandler</STRONG> (Thumb, 4 bytes, Stack size 0 bytes, stm32f10x_it.o(.text))
<BR><BR>[Stack]<UL><LI>Max Depth = 48<LI>Call Chain = USART2_IRQHandler &rArr; USART_IRQCommHandler &rArr; Serial_FillRcvBuf
</UL>
<BR>[Calls]<UL><LI><a href="#[a1]">&gt;&gt;</a>&nbsp;&nbsp;&nbsp;USART_IRQCommHandler
</UL>
<BR>[Address Reference Count : 1]<UL><LI> startup_stm32f10x_hd.o(RESET)
</UL>
<P><STRONG><a name="[36]"></a>USART3_IRQHandler</STRONG> (Thumb, 4 bytes, Stack size 0 bytes, stm32f10x_it.o(.text))
<BR><BR>[Stack]<UL><LI>Max Depth = 48<LI>Call Chain = USART3_IRQHandler &rArr; USART_IRQCommHandler &rArr; Serial_FillRcvBuf
</UL>
<BR>[Calls]<UL><LI><a href="#[a1]">&gt;&gt;</a>&nbsp;&nbsp;&nbsp;USART_IRQCommHandler
</UL>
<BR>[Address Reference Count : 1]<UL><LI> startup_stm32f10x_hd.o(RESET)
</UL>
<P><STRONG><a name="[43]"></a>UART4_IRQHandler</STRONG> (Thumb, 4 bytes, Stack size 0 bytes, stm32f10x_it.o(.text))
<BR><BR>[Stack]<UL><LI>Max Depth = 48<LI>Call Chain = UART4_IRQHandler &rArr; USART_IRQCommHandler &rArr; Serial_FillRcvBuf
</UL>
<BR>[Calls]<UL><LI><a href="#[a1]">&gt;&gt;</a>&nbsp;&nbsp;&nbsp;USART_IRQCommHandler
</UL>
<BR>[Address Reference Count : 1]<UL><LI> startup_stm32f10x_hd.o(RESET)
</UL>
<P><STRONG><a name="[44]"></a>UART5_IRQHandler</STRONG> (Thumb, 4 bytes, Stack size 0 bytes, stm32f10x_it.o(.text))
<BR><BR>[Stack]<UL><LI>Max Depth = 48<LI>Call Chain = UART5_IRQHandler &rArr; USART_IRQCommHandler &rArr; Serial_FillRcvBuf
</UL>
<BR>[Calls]<UL><LI><a href="#[a1]">&gt;&gt;</a>&nbsp;&nbsp;&nbsp;USART_IRQCommHandler
</UL>
<BR>[Address Reference Count : 1]<UL><LI> startup_stm32f10x_hd.o(RESET)
</UL>
<P><STRONG><a name="[12]"></a>RTC_IRQHandler</STRONG> (Thumb, 36 bytes, Stack size 0 bytes, stm32f10x_it.o(.text))
<BR>[Address Reference Count : 1]<UL><LI> startup_stm32f10x_hd.o(RESET)
</UL>
<P><STRONG><a name="[28]"></a>TIM1_UP_IRQHandler</STRONG> (Thumb, 38 bytes, Stack size 8 bytes, stm32f10x_it.o(.text))
<BR><BR>[Stack]<UL><LI>Max Depth = 16<LI>Call Chain = TIM1_UP_IRQHandler &rArr; TIM_event_handler
</UL>
<BR>[Calls]<UL><LI><a href="#[ab]">&gt;&gt;</a>&nbsp;&nbsp;&nbsp;TIM_event_handler
<LI><a href="#[a9]">&gt;&gt;</a>&nbsp;&nbsp;&nbsp;TIM_GetITStatus
<LI><a href="#[aa]">&gt;&gt;</a>&nbsp;&nbsp;&nbsp;TIM_ClearITPendingBit
</UL>
<BR>[Address Reference Count : 1]<UL><LI> startup_stm32f10x_hd.o(RESET)
</UL>
<P><STRONG><a name="[2a]"></a>TIM1_CC_IRQHandler</STRONG> (Thumb, 56 bytes, Stack size 8 bytes, stm32f10x_it.o(.text))
<BR><BR>[Stack]<UL><LI>Max Depth = 16<LI>Call Chain = TIM1_CC_IRQHandler &rArr; TIM_event_handler
</UL>
<BR>[Calls]<UL><LI><a href="#[ab]">&gt;&gt;</a>&nbsp;&nbsp;&nbsp;TIM_event_handler
<LI><a href="#[ad]">&gt;&gt;</a>&nbsp;&nbsp;&nbsp;TIM_SetCompare1
<LI><a href="#[a9]">&gt;&gt;</a>&nbsp;&nbsp;&nbsp;TIM_GetITStatus
<LI><a href="#[ac]">&gt;&gt;</a>&nbsp;&nbsp;&nbsp;TIM_GetCapture1
<LI><a href="#[aa]">&gt;&gt;</a>&nbsp;&nbsp;&nbsp;TIM_ClearITPendingBit
</UL>
<BR>[Address Reference Count : 1]<UL><LI> startup_stm32f10x_hd.o(RESET)
</UL>
<P><STRONG><a name="[2b]"></a>TIM2_IRQHandler</STRONG> (Thumb, 116 bytes, Stack size 8 bytes, stm32f10x_it.o(.text))
<BR><BR>[Stack]<UL><LI>Max Depth = 16<LI>Call Chain = TIM2_IRQHandler &rArr; TIM_event_handler
</UL>
<BR>[Calls]<UL><LI><a href="#[ab]">&gt;&gt;</a>&nbsp;&nbsp;&nbsp;TIM_event_handler
<LI><a href="#[a9]">&gt;&gt;</a>&nbsp;&nbsp;&nbsp;TIM_GetITStatus
<LI><a href="#[aa]">&gt;&gt;</a>&nbsp;&nbsp;&nbsp;TIM_ClearITPendingBit
</UL>
<BR>[Address Reference Count : 1]<UL><LI> startup_stm32f10x_hd.o(RESET)
</UL>
<P><STRONG><a name="[2c]"></a>TIM3_IRQHandler</STRONG> (Thumb, 116 bytes, Stack size 8 bytes, stm32f10x_it.o(.text))
<BR><BR>[Stack]<UL><LI>Max Depth = 16<LI>Call Chain = TIM3_IRQHandler &rArr; TIM_event_handler
</UL>
<BR>[Calls]<UL><LI><a href="#[ab]">&gt;&gt;</a>&nbsp;&nbsp;&nbsp;TIM_event_handler
<LI><a href="#[a9]">&gt;&gt;</a>&nbsp;&nbsp;&nbsp;TIM_GetITStatus
<LI><a href="#[aa]">&gt;&gt;</a>&nbsp;&nbsp;&nbsp;TIM_ClearITPendingBit
</UL>
<BR>[Address Reference Count : 1]<UL><LI> startup_stm32f10x_hd.o(RESET)
</UL>
<P><STRONG><a name="[2d]"></a>TIM4_IRQHandler</STRONG> (Thumb, 116 bytes, Stack size 8 bytes, stm32f10x_it.o(.text))
<BR><BR>[Stack]<UL><LI>Max Depth = 16<LI>Call Chain = TIM4_IRQHandler &rArr; TIM_event_handler
</UL>
<BR>[Calls]<UL><LI><a href="#[ab]">&gt;&gt;</a>&nbsp;&nbsp;&nbsp;TIM_event_handler
<LI><a href="#[a9]">&gt;&gt;</a>&nbsp;&nbsp;&nbsp;TIM_GetITStatus
<LI><a href="#[aa]">&gt;&gt;</a>&nbsp;&nbsp;&nbsp;TIM_ClearITPendingBit
</UL>
<BR>[Address Reference Count : 1]<UL><LI> startup_stm32f10x_hd.o(RESET)
</UL>
<P><STRONG><a name="[26]"></a>EXTI9_5_IRQHandler</STRONG> (Thumb, 158 bytes, Stack size 8 bytes, stm32f10x_it.o(.text))
<BR><BR>[Stack]<UL><LI>Max Depth = 32<LI>Call Chain = EXTI9_5_IRQHandler &rArr; sensor_event_handler
</UL>
<BR>[Calls]<UL><LI><a href="#[b0]">&gt;&gt;</a>&nbsp;&nbsp;&nbsp;sensor_event_handler
<LI><a href="#[ae]">&gt;&gt;</a>&nbsp;&nbsp;&nbsp;EXTI_GetITStatus
<LI><a href="#[af]">&gt;&gt;</a>&nbsp;&nbsp;&nbsp;EXTI_ClearITPendingBit
</UL>
<BR>[Address Reference Count : 1]<UL><LI> startup_stm32f10x_hd.o(RESET)
</UL>
<P><STRONG><a name="[37]"></a>EXTI15_10_IRQHandler</STRONG> (Thumb, 154 bytes, Stack size 8 bytes, stm32f10x_it.o(.text))
<BR><BR>[Stack]<UL><LI>Max Depth = 32<LI>Call Chain = EXTI15_10_IRQHandler &rArr; sensor_event_handler
</UL>
<BR>[Calls]<UL><LI><a href="#[b0]">&gt;&gt;</a>&nbsp;&nbsp;&nbsp;sensor_event_handler
<LI><a href="#[ae]">&gt;&gt;</a>&nbsp;&nbsp;&nbsp;EXTI_GetITStatus
<LI><a href="#[af]">&gt;&gt;</a>&nbsp;&nbsp;&nbsp;EXTI_ClearITPendingBit
</UL>
<BR>[Address Reference Count : 1]<UL><LI> startup_stm32f10x_hd.o(RESET)
</UL>
<P><STRONG><a name="[15]"></a>EXTI0_IRQHandler</STRONG> (Thumb, 18 bytes, Stack size 8 bytes, stm32f10x_it.o(.text))
<BR><BR>[Stack]<UL><LI>Max Depth = 32<LI>Call Chain = EXTI0_IRQHandler &rArr; sensor_event_handler
</UL>
<BR>[Calls]<UL><LI><a href="#[b0]">&gt;&gt;</a>&nbsp;&nbsp;&nbsp;sensor_event_handler
<LI><a href="#[af]">&gt;&gt;</a>&nbsp;&nbsp;&nbsp;EXTI_ClearITPendingBit
</UL>
<BR>[Address Reference Count : 1]<UL><LI> startup_stm32f10x_hd.o(RESET)
</UL>
<P><STRONG><a name="[16]"></a>EXTI1_IRQHandler</STRONG> (Thumb, 18 bytes, Stack size 8 bytes, stm32f10x_it.o(.text))
<BR><BR>[Stack]<UL><LI>Max Depth = 32<LI>Call Chain = EXTI1_IRQHandler &rArr; sensor_event_handler
</UL>
<BR>[Calls]<UL><LI><a href="#[b0]">&gt;&gt;</a>&nbsp;&nbsp;&nbsp;sensor_event_handler
<LI><a href="#[af]">&gt;&gt;</a>&nbsp;&nbsp;&nbsp;EXTI_ClearITPendingBit
</UL>
<BR>[Address Reference Count : 1]<UL><LI> startup_stm32f10x_hd.o(RESET)
</UL>
<P><STRONG><a name="[17]"></a>EXTI2_IRQHandler</STRONG> (Thumb, 18 bytes, Stack size 8 bytes, stm32f10x_it.o(.text))
<BR><BR>[Stack]<UL><LI>Max Depth = 32<LI>Call Chain = EXTI2_IRQHandler &rArr; sensor_event_handler
</UL>
<BR>[Calls]<UL><LI><a href="#[b0]">&gt;&gt;</a>&nbsp;&nbsp;&nbsp;sensor_event_handler
<LI><a href="#[af]">&gt;&gt;</a>&nbsp;&nbsp;&nbsp;EXTI_ClearITPendingBit
</UL>
<BR>[Address Reference Count : 1]<UL><LI> startup_stm32f10x_hd.o(RESET)
</UL>
<P><STRONG><a name="[18]"></a>EXTI3_IRQHandler</STRONG> (Thumb, 18 bytes, Stack size 8 bytes, stm32f10x_it.o(.text))
<BR><BR>[Stack]<UL><LI>Max Depth = 32<LI>Call Chain = EXTI3_IRQHandler &rArr; sensor_event_handler
</UL>
<BR>[Calls]<UL><LI><a href="#[b0]">&gt;&gt;</a>&nbsp;&nbsp;&nbsp;sensor_event_handler
<LI><a href="#[af]">&gt;&gt;</a>&nbsp;&nbsp;&nbsp;EXTI_ClearITPendingBit
</UL>
<BR>[Address Reference Count : 1]<UL><LI> startup_stm32f10x_hd.o(RESET)
</UL>
<P><STRONG><a name="[19]"></a>EXTI4_IRQHandler</STRONG> (Thumb, 18 bytes, Stack size 8 bytes, stm32f10x_it.o(.text))
<BR><BR>[Stack]<UL><LI>Max Depth = 32<LI>Call Chain = EXTI4_IRQHandler &rArr; sensor_event_handler
</UL>
<BR>[Calls]<UL><LI><a href="#[b0]">&gt;&gt;</a>&nbsp;&nbsp;&nbsp;sensor_event_handler
<LI><a href="#[af]">&gt;&gt;</a>&nbsp;&nbsp;&nbsp;EXTI_ClearITPendingBit
</UL>
<BR>[Address Reference Count : 1]<UL><LI> startup_stm32f10x_hd.o(RESET)
</UL>
<P><STRONG><a name="[2e]"></a>I2C1_EV_IRQHandler</STRONG> (Thumb, 2 bytes, Stack size 0 bytes, stm32f10x_it.o(.text))
<BR>[Address Reference Count : 1]<UL><LI> startup_stm32f10x_hd.o(RESET)
</UL>
<P><STRONG><a name="[21]"></a>ADC1_2_IRQHandler</STRONG> (Thumb, 34 bytes, Stack size 16 bytes, stm32f10x_it.o(.text))
<BR><BR>[Stack]<UL><LI>Max Depth = 24<LI>Call Chain = ADC1_2_IRQHandler &rArr; ADC_GetITStatus
</UL>
<BR>[Calls]<UL><LI><a href="#[b1]">&gt;&gt;</a>&nbsp;&nbsp;&nbsp;ADC_GetITStatus
<LI><a href="#[b2]">&gt;&gt;</a>&nbsp;&nbsp;&nbsp;ADC_ClearITPendingBit
</UL>
<BR>[Address Reference Count : 1]<UL><LI> startup_stm32f10x_hd.o(RESET)
</UL>
<P><STRONG><a name="[1a]"></a>DMA1_Channel1_IRQHandler</STRONG> (Thumb, 4 bytes, Stack size 0 bytes, stm32f10x_it.o(.text))
<BR><BR>[Stack]<UL><LI>Max Depth = 84 + Unknown Stack Size
<LI>Call Chain = DMA1_Channel1_IRQHandler &rArr; AdcDmaHandler &rArr; MessageSend &rArr; queueMessage &rArr; VOS_SemP &rArr; OSSemPost &rArr; OS_EventTaskRdy
</UL>
<BR>[Calls]<UL><LI><a href="#[b3]">&gt;&gt;</a>&nbsp;&nbsp;&nbsp;AdcDmaHandler
</UL>
<BR>[Address Reference Count : 1]<UL><LI> startup_stm32f10x_hd.o(RESET)
</UL>
<P><STRONG><a name="[b4]"></a>hard_fault_handler_c</STRONG> (Thumb, 142 bytes, Stack size 0 bytes, stm32f10x_it.o(.text), UNUSED)
<BR><BR>[Calls]<UL><LI><a href="#[b5]">&gt;&gt;</a>&nbsp;&nbsp;&nbsp;__2printf
</UL>

<P><STRONG><a name="[10a]"></a>Config_GetVersion</STRONG> (Thumb, 4 bytes, Stack size 0 bytes, config.o(.text))
<BR><BR>[Called By]<UL><LI><a href="#[6b]">&gt;&gt;</a>&nbsp;&nbsp;&nbsp;SHZNAPP_SerialBootProc
</UL>

<P><STRONG><a name="[b6]"></a>Config_SetItem</STRONG> (Thumb, 4 bytes, Stack size 0 bytes, config.o(.text))
<BR><BR>[Stack]<UL><LI>Max Depth = 172<LI>Call Chain = Config_SetItem &rArr; osal_snv_write &rArr; compactPage &rArr; setActivePage &rArr; writeWord &rArr; HalFlashWrite &rArr; FLASH_ProgramWord &rArr; FLASH_WaitForLastOperation
</UL>
<BR>[Calls]<UL><LI><a href="#[b7]">&gt;&gt;</a>&nbsp;&nbsp;&nbsp;osal_snv_write
</UL>
<BR>[Called By]<UL><LI><a href="#[102]">&gt;&gt;</a>&nbsp;&nbsp;&nbsp;appAtCmd
</UL>

<P><STRONG><a name="[2cb]"></a>Config_Get_DevId</STRONG> (Thumb, 6 bytes, Stack size 0 bytes, config.o(.text), UNUSED)

<P><STRONG><a name="[2cc]"></a>Config_Get_OpMode</STRONG> (Thumb, 6 bytes, Stack size 0 bytes, config.o(.text), UNUSED)

<P><STRONG><a name="[7b]"></a>Config_Init</STRONG> (Thumb, 146 bytes, Stack size 16 bytes, config.o(.text))
<BR><BR>[Stack]<UL><LI>Max Depth = 64<LI>Call Chain = Config_Init &rArr; osal_snv_read &rArr; findItem &rArr; HalFlashRead
</UL>
<BR>[Calls]<UL><LI><a href="#[b9]">&gt;&gt;</a>&nbsp;&nbsp;&nbsp;osal_snv_read
<LI><a href="#[ba]">&gt;&gt;</a>&nbsp;&nbsp;&nbsp;strcpy
<LI><a href="#[b8]">&gt;&gt;</a>&nbsp;&nbsp;&nbsp;__aeabi_memclr4
</UL>
<BR>[Called By]<UL><LI><a href="#[6c]">&gt;&gt;</a>&nbsp;&nbsp;&nbsp;MainInit
</UL>

<P><STRONG><a name="[bb]"></a>Config_Sapp_Cmd</STRONG> (Thumb, 38 bytes, Stack size 16 bytes, config.o(.text), UNUSED)
<BR><BR>[Calls]<UL><LI><a href="#[69]">&gt;&gt;</a>&nbsp;&nbsp;&nbsp;SHZNAPP_SerialResp
<LI><a href="#[bc]">&gt;&gt;</a>&nbsp;&nbsp;&nbsp;__aeabi_memcpy
</UL>

<P><STRONG><a name="[bd]"></a>Config_SaveData</STRONG> (Thumb, 64 bytes, Stack size 24 bytes, config.o(.text))
<BR><BR>[Stack]<UL><LI>Max Depth = 52 + Unknown Stack Size
<LI>Call Chain = Config_SaveData &rArr; FLASH_ProgramWord &rArr; FLASH_WaitForLastOperation
</UL>
<BR>[Calls]<UL><LI><a href="#[be]">&gt;&gt;</a>&nbsp;&nbsp;&nbsp;FLASH_Unlock
<LI><a href="#[c0]">&gt;&gt;</a>&nbsp;&nbsp;&nbsp;FLASH_ProgramWord
<LI><a href="#[c1]">&gt;&gt;</a>&nbsp;&nbsp;&nbsp;FLASH_Lock
<LI><a href="#[bf]">&gt;&gt;</a>&nbsp;&nbsp;&nbsp;FLASH_ErasePage
<LI><a href="#[9a]">&gt;&gt;</a>&nbsp;&nbsp;&nbsp;OS_CPU_SR_Save
<LI><a href="#[9b]">&gt;&gt;</a>&nbsp;&nbsp;&nbsp;OS_CPU_SR_Restore
</UL>
<BR>[Called By]<UL><LI><a href="#[c4]">&gt;&gt;</a>&nbsp;&nbsp;&nbsp;ConfigSetParam
</UL>

<P><STRONG><a name="[c2]"></a>ConfigSetParam4Serial</STRONG> (Thumb, 16 bytes, Stack size 8 bytes, config.o(.text))
<BR><BR>[Stack]<UL><LI>Max Depth = 8<LI>Call Chain = ConfigSetParam4Serial
</UL>
<BR>[Calls]<UL><LI><a href="#[bc]">&gt;&gt;</a>&nbsp;&nbsp;&nbsp;__aeabi_memcpy
</UL>
<BR>[Called By]<UL><LI><a href="#[c4]">&gt;&gt;</a>&nbsp;&nbsp;&nbsp;ConfigSetParam
</UL>

<P><STRONG><a name="[c3]"></a>ConfigSetParam4Local</STRONG> (Thumb, 36 bytes, Stack size 16 bytes, config.o(.text))
<BR><BR>[Stack]<UL><LI>Max Depth = 16<LI>Call Chain = ConfigSetParam4Local
</UL>
<BR>[Calls]<UL><LI><a href="#[bc]">&gt;&gt;</a>&nbsp;&nbsp;&nbsp;__aeabi_memcpy
</UL>
<BR>[Called By]<UL><LI><a href="#[c4]">&gt;&gt;</a>&nbsp;&nbsp;&nbsp;ConfigSetParam
</UL>

<P><STRONG><a name="[2cd]"></a>ConfigGetParam4Serial</STRONG> (Thumb, 8 bytes, Stack size 0 bytes, config.o(.text), UNUSED)

<P><STRONG><a name="[c6]"></a>ConfigGetParam4Local</STRONG> (Thumb, 22 bytes, Stack size 0 bytes, config.o(.text))
<BR><BR>[Called By]<UL><LI><a href="#[c8]">&gt;&gt;</a>&nbsp;&nbsp;&nbsp;ConfigGetParam
<LI><a href="#[c4]">&gt;&gt;</a>&nbsp;&nbsp;&nbsp;ConfigSetParam
</UL>

<P><STRONG><a name="[c4]"></a>ConfigSetParam</STRONG> (Thumb, 150 bytes, Stack size 40 bytes, config.o(.text))
<BR><BR>[Stack]<UL><LI>Max Depth = 156 + Unknown Stack Size
<LI>Call Chain = ConfigSetParam &rArr; SerialInit &rArr; SerialInitPort &rArr; STM_EVAL_COMInit &rArr; USART_Init &rArr; RCC_GetClocksFreq
</UL>
<BR>[Calls]<UL><LI><a href="#[c7]">&gt;&gt;</a>&nbsp;&nbsp;&nbsp;SerialInit
<LI><a href="#[c6]">&gt;&gt;</a>&nbsp;&nbsp;&nbsp;ConfigGetParam4Local
<LI><a href="#[c3]">&gt;&gt;</a>&nbsp;&nbsp;&nbsp;ConfigSetParam4Local
<LI><a href="#[c2]">&gt;&gt;</a>&nbsp;&nbsp;&nbsp;ConfigSetParam4Serial
<LI><a href="#[bd]">&gt;&gt;</a>&nbsp;&nbsp;&nbsp;Config_SaveData
<LI><a href="#[5b]">&gt;&gt;</a>&nbsp;&nbsp;&nbsp;IWDG_Feed
<LI><a href="#[c5]">&gt;&gt;</a>&nbsp;&nbsp;&nbsp;__aeabi_memcpy4
<LI><a href="#[bc]">&gt;&gt;</a>&nbsp;&nbsp;&nbsp;__aeabi_memcpy
</UL>
<BR>[Called By]<UL><LI><a href="#[d0]">&gt;&gt;</a>&nbsp;&nbsp;&nbsp;Config_Entry
</UL>

<P><STRONG><a name="[c8]"></a>ConfigGetParam</STRONG> (Thumb, 84 bytes, Stack size 16 bytes, config.o(.text))
<BR><BR>[Stack]<UL><LI>Max Depth = 16<LI>Call Chain = ConfigGetParam
</UL>
<BR>[Calls]<UL><LI><a href="#[c6]">&gt;&gt;</a>&nbsp;&nbsp;&nbsp;ConfigGetParam4Local
<LI><a href="#[bc]">&gt;&gt;</a>&nbsp;&nbsp;&nbsp;__aeabi_memcpy
</UL>
<BR>[Called By]<UL><LI><a href="#[d0]">&gt;&gt;</a>&nbsp;&nbsp;&nbsp;Config_Entry
</UL>

<P><STRONG><a name="[c9]"></a>ConfigRs485Ctrl</STRONG> (Thumb, 24 bytes, Stack size 8 bytes, config.o(.text))
<BR><BR>[Stack]<UL><LI>Max Depth = 48<LI>Call Chain = ConfigRs485Ctrl &rArr; Serial_SndTest &rArr; Serial_FillSndBuf &rArr; SerialEnableTx &rArr; stm32_gpio_set_value
</UL>
<BR>[Calls]<UL><LI><a href="#[ca]">&gt;&gt;</a>&nbsp;&nbsp;&nbsp;Serial_SndTest
</UL>
<BR>[Called By]<UL><LI><a href="#[d0]">&gt;&gt;</a>&nbsp;&nbsp;&nbsp;Config_Entry
</UL>

<P><STRONG><a name="[2ce]"></a>ConfigReset</STRONG> (Thumb, 8 bytes, Stack size 0 bytes, config.o(.text), UNUSED)

<P><STRONG><a name="[cb]"></a>ConfigSetTime</STRONG> (Thumb, 52 bytes, Stack size 32 bytes, config.o(.text))
<BR><BR>[Stack]<UL><LI>Max Depth = 76<LI>Call Chain = ConfigSetTime &rArr; RTC_Set &rArr; RTC_SetCounter
</UL>
<BR>[Calls]<UL><LI><a href="#[cc]">&gt;&gt;</a>&nbsp;&nbsp;&nbsp;RTC_Set
</UL>
<BR>[Called By]<UL><LI><a href="#[d0]">&gt;&gt;</a>&nbsp;&nbsp;&nbsp;Config_Entry
</UL>

<P><STRONG><a name="[cd]"></a>ConfigGetTime</STRONG> (Thumb, 56 bytes, Stack size 16 bytes, config.o(.text))
<BR><BR>[Stack]<UL><LI>Max Depth = 64<LI>Call Chain = ConfigGetTime &rArr; RTC_Get &rArr; RTC_Get_Helper &rArr; RTC_Get_Week
</UL>
<BR>[Calls]<UL><LI><a href="#[78]">&gt;&gt;</a>&nbsp;&nbsp;&nbsp;RTC_Get
</UL>
<BR>[Called By]<UL><LI><a href="#[d0]">&gt;&gt;</a>&nbsp;&nbsp;&nbsp;Config_Entry
</UL>

<P><STRONG><a name="[ce]"></a>ConfigAdjTime</STRONG> (Thumb, 34 bytes, Stack size 16 bytes, config.o(.text))
<BR><BR>[Stack]<UL><LI>Max Depth = 16<LI>Call Chain = ConfigAdjTime
</UL>
<BR>[Calls]<UL><LI><a href="#[cf]">&gt;&gt;</a>&nbsp;&nbsp;&nbsp;RTC_Calibrate
</UL>
<BR>[Called By]<UL><LI><a href="#[d0]">&gt;&gt;</a>&nbsp;&nbsp;&nbsp;Config_Entry
</UL>

<P><STRONG><a name="[d0]"></a>Config_Entry</STRONG> (Thumb, 126 bytes, Stack size 16 bytes, config.o(.text))
<BR><BR>[Stack]<UL><LI>Max Depth = 172 + Unknown Stack Size
<LI>Call Chain = Config_Entry &rArr; ConfigSetParam &rArr; SerialInit &rArr; SerialInitPort &rArr; STM_EVAL_COMInit &rArr; USART_Init &rArr; RCC_GetClocksFreq
</UL>
<BR>[Calls]<UL><LI><a href="#[ce]">&gt;&gt;</a>&nbsp;&nbsp;&nbsp;ConfigAdjTime
<LI><a href="#[cd]">&gt;&gt;</a>&nbsp;&nbsp;&nbsp;ConfigGetTime
<LI><a href="#[cb]">&gt;&gt;</a>&nbsp;&nbsp;&nbsp;ConfigSetTime
<LI><a href="#[c9]">&gt;&gt;</a>&nbsp;&nbsp;&nbsp;ConfigRs485Ctrl
<LI><a href="#[c8]">&gt;&gt;</a>&nbsp;&nbsp;&nbsp;ConfigGetParam
<LI><a href="#[c4]">&gt;&gt;</a>&nbsp;&nbsp;&nbsp;ConfigSetParam
<LI><a href="#[85]">&gt;&gt;</a>&nbsp;&nbsp;&nbsp;MainBeepWithDuration
<LI><a href="#[67]">&gt;&gt;</a>&nbsp;&nbsp;&nbsp;MainAlarmWithDuration
</UL>
<BR>[Called By]<UL><LI><a href="#[d1]">&gt;&gt;</a>&nbsp;&nbsp;&nbsp;Config_Sapp_Entry
</UL>

<P><STRONG><a name="[d1]"></a>Config_Sapp_Entry</STRONG> (Thumb, 2 bytes, Stack size 0 bytes, config.o(.text))
<BR><BR>[Stack]<UL><LI>Max Depth = 172 + Unknown Stack Size
<LI>Call Chain = Config_Sapp_Entry &rArr; Config_Entry &rArr; ConfigSetParam &rArr; SerialInit &rArr; SerialInitPort &rArr; STM_EVAL_COMInit &rArr; USART_Init &rArr; RCC_GetClocksFreq
</UL>
<BR>[Calls]<UL><LI><a href="#[d0]">&gt;&gt;</a>&nbsp;&nbsp;&nbsp;Config_Entry
</UL>
<BR>[Called By]<UL><LI><a href="#[6a]">&gt;&gt;</a>&nbsp;&nbsp;&nbsp;SHZNAPP_SerialAppProc
</UL>

<P><STRONG><a name="[71]"></a>InitRelays</STRONG> (Thumb, 60 bytes, Stack size 32 bytes, relay.o(.text))
<BR><BR>[Stack]<UL><LI>Max Depth = 48<LI>Call Chain = InitRelays &rArr; stm32_gpio_set_value
</UL>
<BR>[Calls]<UL><LI><a href="#[d3]">&gt;&gt;</a>&nbsp;&nbsp;&nbsp;stm32_gpio_set_value
<LI><a href="#[d2]">&gt;&gt;</a>&nbsp;&nbsp;&nbsp;stm32_gpio_cfgpin
<LI><a href="#[b8]">&gt;&gt;</a>&nbsp;&nbsp;&nbsp;__aeabi_memclr4
</UL>
<BR>[Called By]<UL><LI><a href="#[6c]">&gt;&gt;</a>&nbsp;&nbsp;&nbsp;MainInit
</UL>

<P><STRONG><a name="[d4]"></a>RelayLogicCtrl</STRONG> (Thumb, 8 bytes, Stack size 0 bytes, relay.o(.text))
<BR><BR>[Stack]<UL><LI>Max Depth = 16<LI>Call Chain = RelayLogicCtrl &rArr; stm32_gpio_set_value
</UL>
<BR>[Calls]<UL><LI><a href="#[d3]">&gt;&gt;</a>&nbsp;&nbsp;&nbsp;stm32_gpio_set_value
</UL>
<BR>[Called By]<UL><LI><a href="#[da]">&gt;&gt;</a>&nbsp;&nbsp;&nbsp;RelayPulse
<LI><a href="#[d9]">&gt;&gt;</a>&nbsp;&nbsp;&nbsp;RelayPulse_cb
</UL>

<P><STRONG><a name="[d5]"></a>GetRelayLogicStatus</STRONG> (Thumb, 14 bytes, Stack size 8 bytes, relay.o(.text), UNUSED)
<BR><BR>[Calls]<UL><LI><a href="#[d6]">&gt;&gt;</a>&nbsp;&nbsp;&nbsp;stm32_gpio_get_value
</UL>

<P><STRONG><a name="[d7]"></a>RelayToggle</STRONG> (Thumb, 8 bytes, Stack size 0 bytes, relay.o(.text), UNUSED)
<BR><BR>[Calls]<UL><LI><a href="#[d8]">&gt;&gt;</a>&nbsp;&nbsp;&nbsp;stm32_gpio_toggle_value
</UL>

<P><STRONG><a name="[d9]"></a>RelayPulse_cb</STRONG> (Thumb, 26 bytes, Stack size 8 bytes, relay.o(.text))
<BR><BR>[Stack]<UL><LI>Max Depth = 24<LI>Call Chain = RelayPulse_cb &rArr; RelayLogicCtrl &rArr; stm32_gpio_set_value
</UL>
<BR>[Calls]<UL><LI><a href="#[d4]">&gt;&gt;</a>&nbsp;&nbsp;&nbsp;RelayLogicCtrl
</UL>
<BR>[Address Reference Count : 1]<UL><LI> relay.o(.text)
</UL>
<P><STRONG><a name="[da]"></a>RelayPulse</STRONG> (Thumb, 40 bytes, Stack size 24 bytes, relay.o(.text), UNUSED)
<BR><BR>[Calls]<UL><LI><a href="#[db]">&gt;&gt;</a>&nbsp;&nbsp;&nbsp;sys_timeout
<LI><a href="#[d4]">&gt;&gt;</a>&nbsp;&nbsp;&nbsp;RelayLogicCtrl
</UL>

<P><STRONG><a name="[70]"></a>Ioctrl_input_init</STRONG> (Thumb, 34 bytes, Stack size 16 bytes, dica.o(.text))
<BR><BR>[Stack]<UL><LI>Max Depth = 36<LI>Call Chain = Ioctrl_input_init &rArr; GPIO_PinRemapConfig
</UL>
<BR>[Calls]<UL><LI><a href="#[dc]">&gt;&gt;</a>&nbsp;&nbsp;&nbsp;GPIO_PinRemapConfig
<LI><a href="#[d2]">&gt;&gt;</a>&nbsp;&nbsp;&nbsp;stm32_gpio_cfgpin
</UL>
<BR>[Called By]<UL><LI><a href="#[6c]">&gt;&gt;</a>&nbsp;&nbsp;&nbsp;MainInit
</UL>

<P><STRONG><a name="[dd]"></a>GetInputLogicStatus</STRONG> (Thumb, 14 bytes, Stack size 8 bytes, dica.o(.text))
<BR><BR>[Stack]<UL><LI>Max Depth = 16<LI>Call Chain = GetInputLogicStatus &rArr; stm32_gpio_get_value
</UL>
<BR>[Calls]<UL><LI><a href="#[d6]">&gt;&gt;</a>&nbsp;&nbsp;&nbsp;stm32_gpio_get_value
</UL>
<BR>[Called By]<UL><LI><a href="#[10f]">&gt;&gt;</a>&nbsp;&nbsp;&nbsp;Disp_ModbusReadInputStatus
</UL>

<P><STRONG><a name="[74]"></a>AlarmInit</STRONG> (Thumb, 24 bytes, Stack size 8 bytes, beep.o(.text))
<BR><BR>[Stack]<UL><LI>Max Depth = 24<LI>Call Chain = AlarmInit &rArr; stm32_gpio_set_value
</UL>
<BR>[Calls]<UL><LI><a href="#[d3]">&gt;&gt;</a>&nbsp;&nbsp;&nbsp;stm32_gpio_set_value
<LI><a href="#[d2]">&gt;&gt;</a>&nbsp;&nbsp;&nbsp;stm32_gpio_cfgpin
</UL>
<BR>[Called By]<UL><LI><a href="#[6c]">&gt;&gt;</a>&nbsp;&nbsp;&nbsp;MainInit
</UL>

<P><STRONG><a name="[64]"></a>Alarm</STRONG> (Thumb, 14 bytes, Stack size 0 bytes, beep.o(.text))
<BR><BR>[Stack]<UL><LI>Max Depth = 16<LI>Call Chain = Alarm &rArr; stm32_gpio_set_value
</UL>
<BR>[Calls]<UL><LI><a href="#[d3]">&gt;&gt;</a>&nbsp;&nbsp;&nbsp;stm32_gpio_set_value
</UL>
<BR>[Called By]<UL><LI><a href="#[67]">&gt;&gt;</a>&nbsp;&nbsp;&nbsp;MainAlarmWithDuration
<LI><a href="#[63]">&gt;&gt;</a>&nbsp;&nbsp;&nbsp;PidTimerProcess
</UL>

<P><STRONG><a name="[de]"></a>AlarmToggle</STRONG> (Thumb, 6 bytes, Stack size 0 bytes, beep.o(.text), UNUSED)
<BR><BR>[Calls]<UL><LI><a href="#[d8]">&gt;&gt;</a>&nbsp;&nbsp;&nbsp;stm32_gpio_toggle_value
</UL>

<P><STRONG><a name="[67]"></a>MainAlarmWithDuration</STRONG> (Thumb, 44 bytes, Stack size 8 bytes, beep.o(.text))
<BR><BR>[Stack]<UL><LI>Max Depth = 48 + Unknown Stack Size
<LI>Call Chain = MainAlarmWithDuration &rArr; AddTimer &rArr; ModTimer
</UL>
<BR>[Calls]<UL><LI><a href="#[64]">&gt;&gt;</a>&nbsp;&nbsp;&nbsp;Alarm
<LI><a href="#[84]">&gt;&gt;</a>&nbsp;&nbsp;&nbsp;AddTimer
</UL>
<BR>[Called By]<UL><LI><a href="#[d0]">&gt;&gt;</a>&nbsp;&nbsp;&nbsp;Config_Entry
<LI><a href="#[66]">&gt;&gt;</a>&nbsp;&nbsp;&nbsp;MainSappProc
<LI><a href="#[179]">&gt;&gt;</a>&nbsp;&nbsp;&nbsp;Modbus_MsgHandler
<LI><a href="#[153]">&gt;&gt;</a>&nbsp;&nbsp;&nbsp;CanRcvFrame
</UL>

<P><STRONG><a name="[75]"></a>BeepInit</STRONG> (Thumb, 2 bytes, Stack size 0 bytes, beep.o(.text))
<BR><BR>[Called By]<UL><LI><a href="#[6c]">&gt;&gt;</a>&nbsp;&nbsp;&nbsp;MainInit
</UL>

<P><STRONG><a name="[65]"></a>Beep</STRONG> (Thumb, 2 bytes, Stack size 0 bytes, beep.o(.text))
<BR><BR>[Called By]<UL><LI><a href="#[63]">&gt;&gt;</a>&nbsp;&nbsp;&nbsp;PidTimerProcess
</UL>

<P><STRONG><a name="[2cf]"></a>BeepToggle</STRONG> (Thumb, 2 bytes, Stack size 0 bytes, beep.o(.text), UNUSED)

<P><STRONG><a name="[85]"></a>MainBeepWithDuration</STRONG> (Thumb, 26 bytes, Stack size 0 bytes, beep.o(.text))
<BR><BR>[Stack]<UL><LI>Max Depth = 40 + Unknown Stack Size
<LI>Call Chain = MainBeepWithDuration &rArr; AddTimer &rArr; ModTimer
</UL>
<BR>[Calls]<UL><LI><a href="#[84]">&gt;&gt;</a>&nbsp;&nbsp;&nbsp;AddTimer
</UL>
<BR>[Called By]<UL><LI><a href="#[d0]">&gt;&gt;</a>&nbsp;&nbsp;&nbsp;Config_Entry
<LI><a href="#[6c]">&gt;&gt;</a>&nbsp;&nbsp;&nbsp;MainInit
</UL>

<P><STRONG><a name="[72]"></a>RunInit</STRONG> (Thumb, 24 bytes, Stack size 8 bytes, beep.o(.text))
<BR><BR>[Stack]<UL><LI>Max Depth = 24<LI>Call Chain = RunInit &rArr; stm32_gpio_set_value
</UL>
<BR>[Calls]<UL><LI><a href="#[d3]">&gt;&gt;</a>&nbsp;&nbsp;&nbsp;stm32_gpio_set_value
<LI><a href="#[d2]">&gt;&gt;</a>&nbsp;&nbsp;&nbsp;stm32_gpio_cfgpin
</UL>
<BR>[Called By]<UL><LI><a href="#[6c]">&gt;&gt;</a>&nbsp;&nbsp;&nbsp;MainInit
</UL>

<P><STRONG><a name="[73]"></a>Run</STRONG> (Thumb, 14 bytes, Stack size 0 bytes, beep.o(.text))
<BR><BR>[Stack]<UL><LI>Max Depth = 16<LI>Call Chain = Run &rArr; stm32_gpio_set_value
</UL>
<BR>[Calls]<UL><LI><a href="#[d3]">&gt;&gt;</a>&nbsp;&nbsp;&nbsp;stm32_gpio_set_value
</UL>
<BR>[Called By]<UL><LI><a href="#[6c]">&gt;&gt;</a>&nbsp;&nbsp;&nbsp;MainInit
</UL>

<P><STRONG><a name="[61]"></a>RunToggle</STRONG> (Thumb, 6 bytes, Stack size 0 bytes, beep.o(.text))
<BR><BR>[Stack]<UL><LI>Max Depth = 8<LI>Call Chain = RunToggle &rArr; stm32_gpio_toggle_value
</UL>
<BR>[Calls]<UL><LI><a href="#[d8]">&gt;&gt;</a>&nbsp;&nbsp;&nbsp;stm32_gpio_toggle_value
</UL>
<BR>[Called By]<UL><LI><a href="#[60]">&gt;&gt;</a>&nbsp;&nbsp;&nbsp;SecondTimer
</UL>

<P><STRONG><a name="[df]"></a>Serial_SetDriverType</STRONG> (Thumb, 64 bytes, Stack size 16 bytes, serial.o(.text))
<BR><BR>[Stack]<UL><LI>Max Depth = 60 + Unknown Stack Size
<LI>Call Chain = Serial_SetDriverType &rArr; OSMboxPendAbort &rArr; OS_EventTaskRdy
</UL>
<BR>[Calls]<UL><LI><a href="#[e1]">&gt;&gt;</a>&nbsp;&nbsp;&nbsp;OSMboxPendAbort
<LI><a href="#[e0]">&gt;&gt;</a>&nbsp;&nbsp;&nbsp;OSMboxCreate
</UL>
<BR>[Called By]<UL><LI><a href="#[e2]">&gt;&gt;</a>&nbsp;&nbsp;&nbsp;SerialInitPort
</UL>

<P><STRONG><a name="[e2]"></a>SerialInitPort</STRONG> (Thumb, 222 bytes, Stack size 40 bytes, serial.o(.text))
<BR><BR>[Stack]<UL><LI>Max Depth = 108 + Unknown Stack Size
<LI>Call Chain = SerialInitPort &rArr; STM_EVAL_COMInit &rArr; USART_Init &rArr; RCC_GetClocksFreq
</UL>
<BR>[Calls]<UL><LI><a href="#[e4]">&gt;&gt;</a>&nbsp;&nbsp;&nbsp;STM_EVAL_COMInit
<LI><a href="#[e3]">&gt;&gt;</a>&nbsp;&nbsp;&nbsp;NVIC_Init
<LI><a href="#[df]">&gt;&gt;</a>&nbsp;&nbsp;&nbsp;Serial_SetDriverType
<LI><a href="#[d3]">&gt;&gt;</a>&nbsp;&nbsp;&nbsp;stm32_gpio_set_value
<LI><a href="#[d2]">&gt;&gt;</a>&nbsp;&nbsp;&nbsp;stm32_gpio_cfgpin
<LI><a href="#[a6]">&gt;&gt;</a>&nbsp;&nbsp;&nbsp;USART_ITConfig
</UL>
<BR>[Called By]<UL><LI><a href="#[ee]">&gt;&gt;</a>&nbsp;&nbsp;&nbsp;Serial_ReInit
<LI><a href="#[c7]">&gt;&gt;</a>&nbsp;&nbsp;&nbsp;SerialInit
<LI><a href="#[83]">&gt;&gt;</a>&nbsp;&nbsp;&nbsp;appQmiInit
</UL>

<P><STRONG><a name="[a7]"></a>SerialEnableTx</STRONG> (Thumb, 40 bytes, Stack size 0 bytes, serial.o(.text))
<BR><BR>[Stack]<UL><LI>Max Depth = 16<LI>Call Chain = SerialEnableTx &rArr; stm32_gpio_set_value
</UL>
<BR>[Calls]<UL><LI><a href="#[d3]">&gt;&gt;</a>&nbsp;&nbsp;&nbsp;stm32_gpio_set_value
</UL>
<BR>[Called By]<UL><LI><a href="#[e5]">&gt;&gt;</a>&nbsp;&nbsp;&nbsp;Serial_FillSndBuf
<LI><a href="#[a1]">&gt;&gt;</a>&nbsp;&nbsp;&nbsp;USART_IRQCommHandler
</UL>

<P><STRONG><a name="[c7]"></a>SerialInit</STRONG> (Thumb, 18 bytes, Stack size 8 bytes, serial.o(.text))
<BR><BR>[Stack]<UL><LI>Max Depth = 116 + Unknown Stack Size
<LI>Call Chain = SerialInit &rArr; SerialInitPort &rArr; STM_EVAL_COMInit &rArr; USART_Init &rArr; RCC_GetClocksFreq
</UL>
<BR>[Calls]<UL><LI><a href="#[e2]">&gt;&gt;</a>&nbsp;&nbsp;&nbsp;SerialInitPort
</UL>
<BR>[Called By]<UL><LI><a href="#[c4]">&gt;&gt;</a>&nbsp;&nbsp;&nbsp;ConfigSetParam
</UL>

<P><STRONG><a name="[e5]"></a>Serial_FillSndBuf</STRONG> (Thumb, 170 bytes, Stack size 16 bytes, serial.o(.text))
<BR><BR>[Stack]<UL><LI>Max Depth = 32<LI>Call Chain = Serial_FillSndBuf &rArr; SerialEnableTx &rArr; stm32_gpio_set_value
</UL>
<BR>[Calls]<UL><LI><a href="#[a6]">&gt;&gt;</a>&nbsp;&nbsp;&nbsp;USART_ITConfig
<LI><a href="#[a7]">&gt;&gt;</a>&nbsp;&nbsp;&nbsp;SerialEnableTx
<LI><a href="#[bc]">&gt;&gt;</a>&nbsp;&nbsp;&nbsp;__aeabi_memcpy
</UL>
<BR>[Called By]<UL><LI><a href="#[ca]">&gt;&gt;</a>&nbsp;&nbsp;&nbsp;Serial_SndTest
<LI><a href="#[17f]">&gt;&gt;</a>&nbsp;&nbsp;&nbsp;appQmi_FillSndBuf
<LI><a href="#[178]">&gt;&gt;</a>&nbsp;&nbsp;&nbsp;Modbus_Action4Qm
</UL>

<P><STRONG><a name="[ca]"></a>Serial_SndTest</STRONG> (Thumb, 14 bytes, Stack size 8 bytes, serial.o(.text))
<BR><BR>[Stack]<UL><LI>Max Depth = 40<LI>Call Chain = Serial_SndTest &rArr; Serial_FillSndBuf &rArr; SerialEnableTx &rArr; stm32_gpio_set_value
</UL>
<BR>[Calls]<UL><LI><a href="#[e5]">&gt;&gt;</a>&nbsp;&nbsp;&nbsp;Serial_FillSndBuf
</UL>
<BR>[Called By]<UL><LI><a href="#[c9]">&gt;&gt;</a>&nbsp;&nbsp;&nbsp;ConfigRs485Ctrl
</UL>

<P><STRONG><a name="[e6]"></a>Serial_ResetRcvIdleTime</STRONG> (Thumb, 22 bytes, Stack size 0 bytes, serial.o(.text))
<BR><BR>[Called By]<UL><LI><a href="#[a4]">&gt;&gt;</a>&nbsp;&nbsp;&nbsp;Serial_FillRcvBuf
</UL>

<P><STRONG><a name="[a4]"></a>Serial_FillRcvBuf</STRONG> (Thumb, 176 bytes, Stack size 24 bytes, serial.o(.text))
<BR><BR>[Stack]<UL><LI>Max Depth = 24<LI>Call Chain = Serial_FillRcvBuf
</UL>
<BR>[Calls]<UL><LI><a href="#[e6]">&gt;&gt;</a>&nbsp;&nbsp;&nbsp;Serial_ResetRcvIdleTime
<LI><a href="#[bc]">&gt;&gt;</a>&nbsp;&nbsp;&nbsp;__aeabi_memcpy
</UL>
<BR>[Called By]<UL><LI><a href="#[a1]">&gt;&gt;</a>&nbsp;&nbsp;&nbsp;USART_IRQCommHandler
</UL>

<P><STRONG><a name="[2d0]"></a>Serial_SetRcvIdleTime</STRONG> (Thumb, 24 bytes, Stack size 0 bytes, serial.o(.text), UNUSED)

<P><STRONG><a name="[e7]"></a>Serial_MoveData</STRONG> (Thumb, 188 bytes, Stack size 32 bytes, serial.o(.text))
<BR><BR>[Stack]<UL><LI>Max Depth = 32 + Unknown Stack Size
<LI>Call Chain = Serial_MoveData
</UL>
<BR>[Calls]<UL><LI><a href="#[9a]">&gt;&gt;</a>&nbsp;&nbsp;&nbsp;OS_CPU_SR_Save
<LI><a href="#[9b]">&gt;&gt;</a>&nbsp;&nbsp;&nbsp;OS_CPU_SR_Restore
<LI><a href="#[bc]">&gt;&gt;</a>&nbsp;&nbsp;&nbsp;__aeabi_memcpy
</UL>
<BR>[Called By]<UL><LI><a href="#[eb]">&gt;&gt;</a>&nbsp;&nbsp;&nbsp;Serial_Read
<LI><a href="#[5f]">&gt;&gt;</a>&nbsp;&nbsp;&nbsp;Serial_CheckRcvIdleTime
</UL>

<P><STRONG><a name="[5f]"></a>Serial_CheckRcvIdleTime</STRONG> (Thumb, 142 bytes, Stack size 16 bytes, serial.o(.text))
<BR><BR>[Stack]<UL><LI>Max Depth = 92 + Unknown Stack Size
<LI>Call Chain = Serial_CheckRcvIdleTime &rArr; MessageSend &rArr; queueMessage &rArr; VOS_SemP &rArr; OSSemPost &rArr; OS_EventTaskRdy
</UL>
<BR>[Calls]<UL><LI><a href="#[e8]">&gt;&gt;</a>&nbsp;&nbsp;&nbsp;OSMboxPost
<LI><a href="#[e7]">&gt;&gt;</a>&nbsp;&nbsp;&nbsp;Serial_MoveData
<LI><a href="#[8a]">&gt;&gt;</a>&nbsp;&nbsp;&nbsp;MessageSend
<LI><a href="#[89]">&gt;&gt;</a>&nbsp;&nbsp;&nbsp;MessageAlloc
</UL>
<BR>[Called By]<UL><LI><a href="#[5c]">&gt;&gt;</a>&nbsp;&nbsp;&nbsp;App_TimeTickHook
</UL>

<P><STRONG><a name="[e9]"></a>Serial_RetriveConfig</STRONG> (Thumb, 122 bytes, Stack size 16 bytes, serial.o(.text))
<BR><BR>[Stack]<UL><LI>Max Depth = 64<LI>Call Chain = Serial_RetriveConfig &rArr; osal_snv_read &rArr; findItem &rArr; HalFlashRead
</UL>
<BR>[Calls]<UL><LI><a href="#[b9]">&gt;&gt;</a>&nbsp;&nbsp;&nbsp;osal_snv_read
<LI><a href="#[ea]">&gt;&gt;</a>&nbsp;&nbsp;&nbsp;__aeabi_memset
</UL>
<BR>[Called By]<UL><LI><a href="#[170]">&gt;&gt;</a>&nbsp;&nbsp;&nbsp;appQmi_config_cb
</UL>

<P><STRONG><a name="[2d1]"></a>Serial_GetDrvMode</STRONG> (Thumb, 20 bytes, Stack size 0 bytes, serial.o(.text), UNUSED)

<P><STRONG><a name="[ec]"></a>Serial_Rcv_Empty</STRONG> (Thumb, 34 bytes, Stack size 0 bytes, serial.o(.text), UNUSED)
<BR><BR>[Called By]<UL><LI><a href="#[eb]">&gt;&gt;</a>&nbsp;&nbsp;&nbsp;Serial_Read
</UL>

<P><STRONG><a name="[eb]"></a>Serial_Read</STRONG> (Thumb, 76 bytes, Stack size 24 bytes, serial.o(.text), UNUSED)
<BR><BR>[Calls]<UL><LI><a href="#[ed]">&gt;&gt;</a>&nbsp;&nbsp;&nbsp;OSMboxPend
<LI><a href="#[ec]">&gt;&gt;</a>&nbsp;&nbsp;&nbsp;Serial_Rcv_Empty
<LI><a href="#[e7]">&gt;&gt;</a>&nbsp;&nbsp;&nbsp;Serial_MoveData
</UL>

<P><STRONG><a name="[ee]"></a>Serial_ReInit</STRONG> (Thumb, 34 bytes, Stack size 8 bytes, serial.o(.text), UNUSED)
<BR><BR>[Calls]<UL><LI><a href="#[ef]">&gt;&gt;</a>&nbsp;&nbsp;&nbsp;USART_DeInit
<LI><a href="#[e2]">&gt;&gt;</a>&nbsp;&nbsp;&nbsp;SerialInitPort
</UL>

<P><STRONG><a name="[2d2]"></a>Serial_GetSndBufferSpace</STRONG> (Thumb, 40 bytes, Stack size 0 bytes, serial.o(.text), UNUSED)

<P><STRONG><a name="[8c]"></a>PidSerialProcess</STRONG> (Thumb, 68 bytes, Stack size 8 bytes, serial.o(.text))
<BR><BR>[Stack]<UL><LI>Max Depth = 72<LI>Call Chain = PidSerialProcess &rArr; UartCmdRs485Report &rArr; UartCmdSerialWrite &rArr; SHZNAPP_SerialResp &rArr; HalUARTWrite &rArr; UartCmdSendMsg &rArr; UartCmdSendData
</UL>
<BR>[Calls]<UL><LI><a href="#[f0]">&gt;&gt;</a>&nbsp;&nbsp;&nbsp;UartCmdRs485Report
</UL>
<BR>[Called By]<UL><LI><a href="#[8b]">&gt;&gt;</a>&nbsp;&nbsp;&nbsp;Msg_proc
</UL>

<P><STRONG><a name="[f1]"></a>UartCmdCallback</STRONG> (Thumb, 40 bytes, Stack size 8 bytes, uartcmd.o(.text))
<BR><BR>[Stack]<UL><LI>Max Depth = 108 + Unknown Stack Size
<LI>Call Chain = UartCmdCallback &rArr; SHZNAPP_SerialParse &rArr; MessageSend &rArr; queueMessage &rArr; VOS_SemP &rArr; OSSemPost &rArr; OS_EventTaskRdy
</UL>
<BR>[Calls]<UL><LI><a href="#[f2]">&gt;&gt;</a>&nbsp;&nbsp;&nbsp;SHZNAPP_SerialParse
<LI><a href="#[f3]">&gt;&gt;</a>&nbsp;&nbsp;&nbsp;HAL_SYSTEM_RESET
</UL>
<BR>[Address Reference Count : 1]<UL><LI> uartcmd.o(.text)
</UL>
<P><STRONG><a name="[76]"></a>UartCmdInit</STRONG> (Thumb, 110 bytes, Stack size 32 bytes, uartcmd.o(.text))
<BR><BR>[Stack]<UL><LI>Max Depth = 100<LI>Call Chain = UartCmdInit &rArr; STM_EVAL_COMInit &rArr; USART_Init &rArr; RCC_GetClocksFreq
</UL>
<BR>[Calls]<UL><LI><a href="#[f4]">&gt;&gt;</a>&nbsp;&nbsp;&nbsp;SHZNAPP_SerialInit
<LI><a href="#[e4]">&gt;&gt;</a>&nbsp;&nbsp;&nbsp;STM_EVAL_COMInit
<LI><a href="#[e3]">&gt;&gt;</a>&nbsp;&nbsp;&nbsp;NVIC_Init
<LI><a href="#[a6]">&gt;&gt;</a>&nbsp;&nbsp;&nbsp;USART_ITConfig
<LI><a href="#[b8]">&gt;&gt;</a>&nbsp;&nbsp;&nbsp;__aeabi_memclr4
</UL>
<BR>[Called By]<UL><LI><a href="#[6c]">&gt;&gt;</a>&nbsp;&nbsp;&nbsp;MainInit
</UL>

<P><STRONG><a name="[a8]"></a>UartCmdPutData</STRONG> (Thumb, 26 bytes, Stack size 0 bytes, uartcmd.o(.text))
<BR><BR>[Called By]<UL><LI><a href="#[34]">&gt;&gt;</a>&nbsp;&nbsp;&nbsp;USART1_IRQHandler
</UL>

<P><STRONG><a name="[f5]"></a>UartCmdSendData</STRONG> (Thumb, 26 bytes, Stack size 8 bytes, uartcmd.o(.text))
<BR><BR>[Stack]<UL><LI>Max Depth = 8<LI>Call Chain = UartCmdSendData
</UL>
<BR>[Calls]<UL><LI><a href="#[f6]">&gt;&gt;</a>&nbsp;&nbsp;&nbsp;USART_GetFlagStatus
<LI><a href="#[a5]">&gt;&gt;</a>&nbsp;&nbsp;&nbsp;USART_SendData
</UL>
<BR>[Called By]<UL><LI><a href="#[f7]">&gt;&gt;</a>&nbsp;&nbsp;&nbsp;UartCmdSendMsg
</UL>

<P><STRONG><a name="[f7]"></a>UartCmdSendMsg</STRONG> (Thumb, 40 bytes, Stack size 16 bytes, uartcmd.o(.text))
<BR><BR>[Stack]<UL><LI>Max Depth = 24<LI>Call Chain = UartCmdSendMsg &rArr; UartCmdSendData
</UL>
<BR>[Calls]<UL><LI><a href="#[f5]">&gt;&gt;</a>&nbsp;&nbsp;&nbsp;UartCmdSendData
</UL>
<BR>[Called By]<UL><LI><a href="#[f9]">&gt;&gt;</a>&nbsp;&nbsp;&nbsp;HalUARTWrite
</UL>

<P><STRONG><a name="[f8]"></a>UartCmdSerialWrite</STRONG> (Thumb, 44 bytes, Stack size 16 bytes, uartcmd.o(.text))
<BR><BR>[Stack]<UL><LI>Max Depth = 64<LI>Call Chain = UartCmdSerialWrite &rArr; SHZNAPP_SerialResp &rArr; HalUARTWrite &rArr; UartCmdSendMsg &rArr; UartCmdSendData
</UL>
<BR>[Calls]<UL><LI><a href="#[69]">&gt;&gt;</a>&nbsp;&nbsp;&nbsp;SHZNAPP_SerialResp
<LI><a href="#[bc]">&gt;&gt;</a>&nbsp;&nbsp;&nbsp;__aeabi_memcpy
</UL>
<BR>[Called By]<UL><LI><a href="#[fa]">&gt;&gt;</a>&nbsp;&nbsp;&nbsp;UartCmdPrintString
<LI><a href="#[f0]">&gt;&gt;</a>&nbsp;&nbsp;&nbsp;UartCmdRs485Report
</UL>

<P><STRONG><a name="[f0]"></a>UartCmdRs485Report</STRONG> (Thumb, 6 bytes, Stack size 0 bytes, uartcmd.o(.text))
<BR><BR>[Stack]<UL><LI>Max Depth = 64<LI>Call Chain = UartCmdRs485Report &rArr; UartCmdSerialWrite &rArr; SHZNAPP_SerialResp &rArr; HalUARTWrite &rArr; UartCmdSendMsg &rArr; UartCmdSendData
</UL>
<BR>[Calls]<UL><LI><a href="#[f8]">&gt;&gt;</a>&nbsp;&nbsp;&nbsp;UartCmdSerialWrite
</UL>
<BR>[Called By]<UL><LI><a href="#[8c]">&gt;&gt;</a>&nbsp;&nbsp;&nbsp;PidSerialProcess
</UL>

<P><STRONG><a name="[f9]"></a>HalUARTWrite</STRONG> (Thumb, 24 bytes, Stack size 8 bytes, uartcmd.o(.text))
<BR><BR>[Stack]<UL><LI>Max Depth = 32<LI>Call Chain = HalUARTWrite &rArr; UartCmdSendMsg &rArr; UartCmdSendData
</UL>
<BR>[Calls]<UL><LI><a href="#[f7]">&gt;&gt;</a>&nbsp;&nbsp;&nbsp;UartCmdSendMsg
</UL>
<BR>[Called By]<UL><LI><a href="#[69]">&gt;&gt;</a>&nbsp;&nbsp;&nbsp;SHZNAPP_SerialResp
</UL>

<P><STRONG><a name="[10b]"></a>HalUARTRead</STRONG> (Thumb, 38 bytes, Stack size 0 bytes, uartcmd.o(.text))
<BR><BR>[Called By]<UL><LI><a href="#[f2]">&gt;&gt;</a>&nbsp;&nbsp;&nbsp;SHZNAPP_SerialParse
</UL>

<P><STRONG><a name="[fa]"></a>UartCmdPrintString</STRONG> (Thumb, 20 bytes, Stack size 8 bytes, uartcmd.o(.text))
<BR><BR>[Stack]<UL><LI>Max Depth = 72<LI>Call Chain = UartCmdPrintString &rArr; UartCmdSerialWrite &rArr; SHZNAPP_SerialResp &rArr; HalUARTWrite &rArr; UartCmdSendMsg &rArr; UartCmdSendData
</UL>
<BR>[Calls]<UL><LI><a href="#[f8]">&gt;&gt;</a>&nbsp;&nbsp;&nbsp;UartCmdSerialWrite
<LI><a href="#[fb]">&gt;&gt;</a>&nbsp;&nbsp;&nbsp;strlen
</UL>
<BR>[Called By]<UL><LI><a href="#[7a]">&gt;&gt;</a>&nbsp;&nbsp;&nbsp;UartCmdPrintf
</UL>

<P><STRONG><a name="[7a]"></a>UartCmdPrintf</STRONG> (Thumb, 36 bytes, Stack size 88 bytes, uartcmd.o(.text))
<BR><BR>[Stack]<UL><LI>Max Depth = 160<LI>Call Chain = UartCmdPrintf &rArr; UartCmdPrintString &rArr; UartCmdSerialWrite &rArr; SHZNAPP_SerialResp &rArr; HalUARTWrite &rArr; UartCmdSendMsg &rArr; UartCmdSendData
</UL>
<BR>[Calls]<UL><LI><a href="#[fa]">&gt;&gt;</a>&nbsp;&nbsp;&nbsp;UartCmdPrintString
<LI><a href="#[fc]">&gt;&gt;</a>&nbsp;&nbsp;&nbsp;__c89vsprintf
</UL>
<BR>[Called By]<UL><LI><a href="#[6c]">&gt;&gt;</a>&nbsp;&nbsp;&nbsp;MainInit
</UL>

<P><STRONG><a name="[6e]"></a>UartCmdSetLogLevel</STRONG> (Thumb, 10 bytes, Stack size 0 bytes, uartcmd.o(.text))
<BR><BR>[Called By]<UL><LI><a href="#[6c]">&gt;&gt;</a>&nbsp;&nbsp;&nbsp;MainInit
</UL>

<P><STRONG><a name="[fd]"></a>Att_value_split</STRONG> (Thumb, 28 bytes, Stack size 16 bytes, at.o(.text))
<BR><BR>[Stack]<UL><LI>Max Depth = 16<LI>Call Chain = Att_value_split
</UL>
<BR>[Calls]<UL><LI><a href="#[fe]">&gt;&gt;</a>&nbsp;&nbsp;&nbsp;strchr
</UL>
<BR>[Called By]<UL><LI><a href="#[102]">&gt;&gt;</a>&nbsp;&nbsp;&nbsp;appAtCmd
</UL>

<P><STRONG><a name="[ff]"></a>att_helper_trim</STRONG> (Thumb, 76 bytes, Stack size 16 bytes, at.o(.text))
<BR><BR>[Stack]<UL><LI>Max Depth = 16<LI>Call Chain = att_helper_trim
</UL>
<BR>[Calls]<UL><LI><a href="#[fb]">&gt;&gt;</a>&nbsp;&nbsp;&nbsp;strlen
<LI><a href="#[100]">&gt;&gt;</a>&nbsp;&nbsp;&nbsp;__rt_ctype_table
</UL>
<BR>[Called By]<UL><LI><a href="#[102]">&gt;&gt;</a>&nbsp;&nbsp;&nbsp;appAtCmd
<LI><a href="#[101]">&gt;&gt;</a>&nbsp;&nbsp;&nbsp;Att_value_parse
</UL>

<P><STRONG><a name="[101]"></a>Att_value_parse</STRONG> (Thumb, 44 bytes, Stack size 16 bytes, at.o(.text))
<BR><BR>[Stack]<UL><LI>Max Depth = 32<LI>Call Chain = Att_value_parse &rArr; att_helper_trim
</UL>
<BR>[Calls]<UL><LI><a href="#[ff]">&gt;&gt;</a>&nbsp;&nbsp;&nbsp;att_helper_trim
<LI><a href="#[fe]">&gt;&gt;</a>&nbsp;&nbsp;&nbsp;strchr
</UL>
<BR>[Called By]<UL><LI><a href="#[102]">&gt;&gt;</a>&nbsp;&nbsp;&nbsp;appAtCmd
</UL>

<P><STRONG><a name="[102]"></a>appAtCmd</STRONG> (Thumb, 512 bytes, Stack size 40 bytes, at.o(.text))
<BR><BR>[Stack]<UL><LI>Max Depth = 212<LI>Call Chain = appAtCmd &rArr; Config_SetItem &rArr; osal_snv_write &rArr; compactPage &rArr; setActivePage &rArr; writeWord &rArr; HalFlashWrite &rArr; FLASH_ProgramWord &rArr; FLASH_WaitForLastOperation
</UL>
<BR>[Calls]<UL><LI><a href="#[101]">&gt;&gt;</a>&nbsp;&nbsp;&nbsp;Att_value_parse
<LI><a href="#[ff]">&gt;&gt;</a>&nbsp;&nbsp;&nbsp;att_helper_trim
<LI><a href="#[fd]">&gt;&gt;</a>&nbsp;&nbsp;&nbsp;Att_value_split
<LI><a href="#[b6]">&gt;&gt;</a>&nbsp;&nbsp;&nbsp;Config_SetItem
<LI><a href="#[105]">&gt;&gt;</a>&nbsp;&nbsp;&nbsp;__2sprintf
<LI><a href="#[103]">&gt;&gt;</a>&nbsp;&nbsp;&nbsp;strncmp
<LI><a href="#[ba]">&gt;&gt;</a>&nbsp;&nbsp;&nbsp;strcpy
<LI><a href="#[104]">&gt;&gt;</a>&nbsp;&nbsp;&nbsp;strcmp
<LI><a href="#[fb]">&gt;&gt;</a>&nbsp;&nbsp;&nbsp;strlen
<LI><a href="#[bc]">&gt;&gt;</a>&nbsp;&nbsp;&nbsp;__aeabi_memcpy
<LI><a href="#[106]">&gt;&gt;</a>&nbsp;&nbsp;&nbsp;atoi
</UL>
<BR>[Called By]<UL><LI><a href="#[6a]">&gt;&gt;</a>&nbsp;&nbsp;&nbsp;SHZNAPP_SerialAppProc
</UL>

<P><STRONG><a name="[6a]"></a>SHZNAPP_SerialAppProc</STRONG> (Thumb, 152 bytes, Stack size 24 bytes, sapp.o(.text))
<BR><BR>[Stack]<UL><LI>Max Depth = 236 + Unknown Stack Size
<LI>Call Chain = SHZNAPP_SerialAppProc &rArr; appAtCmd &rArr; Config_SetItem &rArr; osal_snv_write &rArr; compactPage &rArr; setActivePage &rArr; writeWord &rArr; HalFlashWrite &rArr; FLASH_ProgramWord &rArr; FLASH_WaitForLastOperation
</UL>
<BR>[Calls]<UL><LI><a href="#[102]">&gt;&gt;</a>&nbsp;&nbsp;&nbsp;appAtCmd
<LI><a href="#[d1]">&gt;&gt;</a>&nbsp;&nbsp;&nbsp;Config_Sapp_Entry
<LI><a href="#[107]">&gt;&gt;</a>&nbsp;&nbsp;&nbsp;osal_snv_reset
<LI><a href="#[bc]">&gt;&gt;</a>&nbsp;&nbsp;&nbsp;__aeabi_memcpy
</UL>
<BR>[Called By]<UL><LI><a href="#[66]">&gt;&gt;</a>&nbsp;&nbsp;&nbsp;MainSappProc
<LI><a href="#[153]">&gt;&gt;</a>&nbsp;&nbsp;&nbsp;CanRcvFrame
</UL>

<P><STRONG><a name="[6b]"></a>SHZNAPP_SerialBootProc</STRONG> (Thumb, 144 bytes, Stack size 16 bytes, sapp.o(.text))
<BR><BR>[Stack]<UL><LI>Max Depth = 76<LI>Call Chain = SHZNAPP_SerialBootProc &rArr; appForceBoot &rArr; HalFlashWrite &rArr; FLASH_ProgramWord &rArr; FLASH_WaitForLastOperation
</UL>
<BR>[Calls]<UL><LI><a href="#[10a]">&gt;&gt;</a>&nbsp;&nbsp;&nbsp;Config_GetVersion
<LI><a href="#[108]">&gt;&gt;</a>&nbsp;&nbsp;&nbsp;appForceBoot
<LI><a href="#[109]">&gt;&gt;</a>&nbsp;&nbsp;&nbsp;GetDeviceElecId
<LI><a href="#[fb]">&gt;&gt;</a>&nbsp;&nbsp;&nbsp;strlen
<LI><a href="#[bc]">&gt;&gt;</a>&nbsp;&nbsp;&nbsp;__aeabi_memcpy
</UL>
<BR>[Called By]<UL><LI><a href="#[66]">&gt;&gt;</a>&nbsp;&nbsp;&nbsp;MainSappProc
<LI><a href="#[153]">&gt;&gt;</a>&nbsp;&nbsp;&nbsp;CanRcvFrame
</UL>

<P><STRONG><a name="[68]"></a>SHZNAPP_SerialUnknowProc</STRONG> (Thumb, 30 bytes, Stack size 0 bytes, sapp.o(.text))
<BR><BR>[Called By]<UL><LI><a href="#[66]">&gt;&gt;</a>&nbsp;&nbsp;&nbsp;MainSappProc
<LI><a href="#[153]">&gt;&gt;</a>&nbsp;&nbsp;&nbsp;CanRcvFrame
</UL>

<P><STRONG><a name="[69]"></a>SHZNAPP_SerialResp</STRONG> (Thumb, 64 bytes, Stack size 16 bytes, sapp.o(.text))
<BR><BR>[Stack]<UL><LI>Max Depth = 48<LI>Call Chain = SHZNAPP_SerialResp &rArr; HalUARTWrite &rArr; UartCmdSendMsg &rArr; UartCmdSendData
</UL>
<BR>[Calls]<UL><LI><a href="#[f9]">&gt;&gt;</a>&nbsp;&nbsp;&nbsp;HalUARTWrite
</UL>
<BR>[Called By]<UL><LI><a href="#[f8]">&gt;&gt;</a>&nbsp;&nbsp;&nbsp;UartCmdSerialWrite
<LI><a href="#[bb]">&gt;&gt;</a>&nbsp;&nbsp;&nbsp;Config_Sapp_Cmd
<LI><a href="#[66]">&gt;&gt;</a>&nbsp;&nbsp;&nbsp;MainSappProc
</UL>

<P><STRONG><a name="[f2]"></a>SHZNAPP_SerialParse</STRONG> (Thumb, 150 bytes, Stack size 24 bytes, sapp.o(.text))
<BR><BR>[Stack]<UL><LI>Max Depth = 100 + Unknown Stack Size
<LI>Call Chain = SHZNAPP_SerialParse &rArr; MessageSend &rArr; queueMessage &rArr; VOS_SemP &rArr; OSSemPost &rArr; OS_EventTaskRdy
</UL>
<BR>[Calls]<UL><LI><a href="#[10b]">&gt;&gt;</a>&nbsp;&nbsp;&nbsp;HalUARTRead
<LI><a href="#[8a]">&gt;&gt;</a>&nbsp;&nbsp;&nbsp;MessageSend
<LI><a href="#[89]">&gt;&gt;</a>&nbsp;&nbsp;&nbsp;MessageAlloc
</UL>
<BR>[Called By]<UL><LI><a href="#[f1]">&gt;&gt;</a>&nbsp;&nbsp;&nbsp;UartCmdCallback
</UL>

<P><STRONG><a name="[154]"></a>SHZNAPP_CanParse</STRONG> (Thumb, 118 bytes, Stack size 16 bytes, sapp.o(.text))
<BR><BR>[Stack]<UL><LI>Max Depth = 16<LI>Call Chain = SHZNAPP_CanParse
</UL>
<BR>[Called By]<UL><LI><a href="#[153]">&gt;&gt;</a>&nbsp;&nbsp;&nbsp;CanRcvFrame
</UL>

<P><STRONG><a name="[2d3]"></a>SHZNAPP_SetTgtType</STRONG> (Thumb, 6 bytes, Stack size 0 bytes, sapp.o(.text), UNUSED)

<P><STRONG><a name="[f4]"></a>SHZNAPP_SerialInit</STRONG> (Thumb, 18 bytes, Stack size 0 bytes, sapp.o(.text))
<BR><BR>[Called By]<UL><LI><a href="#[76]">&gt;&gt;</a>&nbsp;&nbsp;&nbsp;UartCmdInit
</UL>

<P><STRONG><a name="[10c]"></a>Printf_Init</STRONG> (Thumb, 8 bytes, Stack size 0 bytes, printf.o(.text), UNUSED)
<BR><BR>[Calls]<UL><LI><a href="#[b5]">&gt;&gt;</a>&nbsp;&nbsp;&nbsp;__2printf
</UL>

<P><STRONG><a name="[55]"></a>fputc</STRONG> (Thumb, 30 bytes, Stack size 16 bytes, printf.o(.text))
<BR><BR>[Stack]<UL><LI>Max Depth = 16<LI>Call Chain = fputc
</UL>
<BR>[Calls]<UL><LI><a href="#[f6]">&gt;&gt;</a>&nbsp;&nbsp;&nbsp;USART_GetFlagStatus
<LI><a href="#[a5]">&gt;&gt;</a>&nbsp;&nbsp;&nbsp;USART_SendData
</UL>
<BR>[Address Reference Count : 2]<UL><LI> printf8.o(i.__0printf$8)
<LI> printfa.o(i.__0vprintf)
</UL>
<P><STRONG><a name="[10d]"></a>Disp_EcoReport</STRONG> (Thumb, 148 bytes, Stack size 24 bytes, display.o(.text))
<BR><BR>[Stack]<UL><LI>Max Depth = 176 + Unknown Stack Size
<LI>Call Chain = Disp_EcoReport &rArr; CanSndSappCmd2 &rArr; SHZNAPP_CanResp &rArr; CanSndBufPush &rArr; SndCanData &rArr; CanMsgSndCb &rArr; sys_timeout &rArr; __sys_timeout
</UL>
<BR>[Calls]<UL><LI><a href="#[10e]">&gt;&gt;</a>&nbsp;&nbsp;&nbsp;CanSndSappCmd2
</UL>
<BR>[Called By]<UL><LI><a href="#[62]">&gt;&gt;</a>&nbsp;&nbsp;&nbsp;Disp_SecondTask
</UL>

<P><STRONG><a name="[62]"></a>Disp_SecondTask</STRONG> (Thumb, 2 bytes, Stack size 0 bytes, display.o(.text))
<BR><BR>[Stack]<UL><LI>Max Depth = 176 + Unknown Stack Size
<LI>Call Chain = Disp_SecondTask &rArr; Disp_EcoReport &rArr; CanSndSappCmd2 &rArr; SHZNAPP_CanResp &rArr; CanSndBufPush &rArr; SndCanData &rArr; CanMsgSndCb &rArr; sys_timeout &rArr; __sys_timeout
</UL>
<BR>[Calls]<UL><LI><a href="#[10d]">&gt;&gt;</a>&nbsp;&nbsp;&nbsp;Disp_EcoReport
</UL>
<BR>[Called By]<UL><LI><a href="#[60]">&gt;&gt;</a>&nbsp;&nbsp;&nbsp;SecondTimer
</UL>

<P><STRONG><a name="[140]"></a>Disp_ModbusReadInputRegister</STRONG> (Thumb, 58 bytes, Stack size 20 bytes, display.o(.text))
<BR><BR>[Stack]<UL><LI>Max Depth = 20<LI>Call Chain = Disp_ModbusReadInputRegister
</UL>
<BR>[Called By]<UL><LI><a href="#[13f]">&gt;&gt;</a>&nbsp;&nbsp;&nbsp;CanCcbAfModbusReadInputRegister
</UL>

<P><STRONG><a name="[10f]"></a>Disp_ModbusReadInputStatus</STRONG> (Thumb, 106 bytes, Stack size 32 bytes, display.o(.text))
<BR><BR>[Stack]<UL><LI>Max Depth = 48<LI>Call Chain = Disp_ModbusReadInputStatus &rArr; GetInputLogicStatus &rArr; stm32_gpio_get_value
</UL>
<BR>[Calls]<UL><LI><a href="#[dd]">&gt;&gt;</a>&nbsp;&nbsp;&nbsp;GetInputLogicStatus
</UL>
<BR>[Called By]<UL><LI><a href="#[13e]">&gt;&gt;</a>&nbsp;&nbsp;&nbsp;CanCcbAfModbusReadInputStatus
</UL>

<P><STRONG><a name="[110]"></a>Disp_ModbusForceSingleCoil</STRONG> (Thumb, 50 bytes, Stack size 16 bytes, display.o(.text))
<BR><BR>[Stack]<UL><LI>Max Depth = 88<LI>Call Chain = Disp_ModbusForceSingleCoil &rArr; ValveCtrl &rArr; PCA9502_SetGpio &rArr; PCA9502_Write &rArr; stm32_gpio_set_value
</UL>
<BR>[Calls]<UL><LI><a href="#[111]">&gt;&gt;</a>&nbsp;&nbsp;&nbsp;ValveCtrl
</UL>
<BR>[Called By]<UL><LI><a href="#[13c]">&gt;&gt;</a>&nbsp;&nbsp;&nbsp;CanCcbAfModbusForceSingleCoil
</UL>

<P><STRONG><a name="[112]"></a>Disp_ModbusForceMultipleCoils</STRONG> (Thumb, 108 bytes, Stack size 32 bytes, display.o(.text))
<BR><BR>[Stack]<UL><LI>Max Depth = 104<LI>Call Chain = Disp_ModbusForceMultipleCoils &rArr; ValveCtrl &rArr; PCA9502_SetGpio &rArr; PCA9502_Write &rArr; stm32_gpio_set_value
</UL>
<BR>[Calls]<UL><LI><a href="#[111]">&gt;&gt;</a>&nbsp;&nbsp;&nbsp;ValveCtrl
</UL>
<BR>[Called By]<UL><LI><a href="#[13b]">&gt;&gt;</a>&nbsp;&nbsp;&nbsp;CanCcbAfModbusForceMultipleCoils
</UL>

<P><STRONG><a name="[113]"></a>Disp_ModbusReadCoilStatus</STRONG> (Thumb, 104 bytes, Stack size 32 bytes, display.o(.text))
<BR><BR>[Stack]<UL><LI>Max Depth = 32<LI>Call Chain = Disp_ModbusReadCoilStatus
</UL>
<BR>[Calls]<UL><LI><a href="#[114]">&gt;&gt;</a>&nbsp;&nbsp;&nbsp;ValveGetStatus
</UL>
<BR>[Called By]<UL><LI><a href="#[13d]">&gt;&gt;</a>&nbsp;&nbsp;&nbsp;CanCcbAfModbusReadCoilStatus
</UL>

[...]
<BR><BR>[Calls]<UL><LI><a href="#[2b8]">&gt;&gt;</a>&nbsp;&nbsp;&nbsp;_printf_core
</UL>

<P><STRONG><a name="[3c2]"></a>__1vprintf</STRONG> (Thumb, 0 bytes, Stack size 0 bytes, printfa.o(i.__0vprintf), UNUSED)

<P><STRONG><a name="[3c3]"></a>__2vprintf</STRONG> (Thumb, 0 bytes, Stack size 0 bytes, printfa.o(i.__0vprintf), UNUSED)

<P><STRONG><a name="[1ce]"></a>__c89vprintf</STRONG> (Thumb, 0 bytes, Stack size 0 bytes, printfa.o(i.__0vprintf))
<BR><BR>[Called By]<UL><LI><a href="#[142]">&gt;&gt;</a>&nbsp;&nbsp;&nbsp;VOS_logger
</UL>

<P><STRONG><a name="[3c4]"></a>vprintf</STRONG> (Thumb, 0 bytes, Stack size 0 bytes, printfa.o(i.__0vprintf), UNUSED)

<P><STRONG><a name="[2b9]"></a>__0vsprintf</STRONG> (Thumb, 30 bytes, Stack size 24 bytes, printfa.o(i.__0vsprintf), UNUSED)
<BR><BR>[Calls]<UL><LI><a href="#[57]">&gt;&gt;</a>&nbsp;&nbsp;&nbsp;_sputc
<LI><a href="#[2b8]">&gt;&gt;</a>&nbsp;&nbsp;&nbsp;_printf_core
</UL>

<P><STRONG><a name="[3c5]"></a>__1vsprintf</STRONG> (Thumb, 0 bytes, Stack size 24 bytes, printfa.o(i.__0vsprintf), UNUSED)

<P><STRONG><a name="[3c6]"></a>__2vsprintf</STRONG> (Thumb, 0 bytes, Stack size 24 bytes, printfa.o(i.__0vsprintf), UNUSED)

<P><STRONG><a name="[fc]"></a>__c89vsprintf</STRONG> (Thumb, 0 bytes, Stack size 24 bytes, printfa.o(i.__0vsprintf))
<BR><BR>[Stack]<UL><LI>Max Depth = 24<LI>Call Chain = __c89vsprintf
</UL>
<BR>[Called By]<UL><LI><a href="#[7a]">&gt;&gt;</a>&nbsp;&nbsp;&nbsp;UartCmdPrintf
</UL>

<P><STRONG><a name="[3c7]"></a>vsprintf</STRONG> (Thumb, 0 bytes, Stack size 24 bytes, printfa.o(i.__0vsprintf), UNUSED)

<P><STRONG><a name="[2a3]"></a>__aeabi_errno_addr</STRONG> (Thumb, 4 bytes, Stack size 0 bytes, errno.o(i.__aeabi_errno_addr))
<BR><BR>[Called By]<UL><LI><a href="#[2a8]">&gt;&gt;</a>&nbsp;&nbsp;&nbsp;_strtoul
<LI><a href="#[2a4]">&gt;&gt;</a>&nbsp;&nbsp;&nbsp;strtol
<LI><a href="#[106]">&gt;&gt;</a>&nbsp;&nbsp;&nbsp;atoi
</UL>

<P><STRONG><a name="[3c8]"></a>__rt_errno_addr</STRONG> (Thumb, 0 bytes, Stack size 0 bytes, errno.o(i.__aeabi_errno_addr), UNUSED)

<P><STRONG><a name="[3c9]"></a>__scatterload_copy</STRONG> (Thumb, 14 bytes, Stack size unknown bytes, handlers.o(i.__scatterload_copy), UNUSED)

<P><STRONG><a name="[3ca]"></a>__scatterload_null</STRONG> (Thumb, 2 bytes, Stack size unknown bytes, handlers.o(i.__scatterload_null), UNUSED)

<P><STRONG><a name="[3cb]"></a>__scatterload_zeroinit</STRONG> (Thumb, 14 bytes, Stack size unknown bytes, handlers.o(i.__scatterload_zeroinit), UNUSED)
<P>
<H3>
Local Symbols
</H3>
<P><STRONG><a name="[4c]"></a>AppTaskRoot</STRONG> (Thumb, 50 bytes, Stack size 8 bytes, app.o(.text))
<BR><BR>[Stack]<UL><LI>Max Depth = 168 + Unknown Stack Size
<LI>Call Chain = AppTaskRoot &rArr; VOS_CreateTask &rArr; OSTaskCreateExt &rArr; OS_TCBInit
</UL>
<BR>[Calls]<UL><LI><a href="#[91]">&gt;&gt;</a>&nbsp;&nbsp;&nbsp;VOS_CreateTask
<LI><a href="#[93]">&gt;&gt;</a>&nbsp;&nbsp;&nbsp;OSTimeDlyHMSM
<LI><a href="#[92]">&gt;&gt;</a>&nbsp;&nbsp;&nbsp;OSTaskNameSet
<LI><a href="#[90]">&gt;&gt;</a>&nbsp;&nbsp;&nbsp;BSP_Init
<LI><a href="#[88]">&gt;&gt;</a>&nbsp;&nbsp;&nbsp;MainKickoff
</UL>
<BR>[Address Reference Count : 1]<UL><LI> app.o(.text)
</UL>
<P><STRONG><a name="[a1]"></a>USART_IRQCommHandler</STRONG> (Thumb, 208 bytes, Stack size 24 bytes, stm32f10x_it.o(.text))
<BR><BR>[Stack]<UL><LI>Max Depth = 48<LI>Call Chain = USART_IRQCommHandler &rArr; Serial_FillRcvBuf
</UL>
<BR>[Calls]<UL><LI><a href="#[a5]">&gt;&gt;</a>&nbsp;&nbsp;&nbsp;USART_SendData
<LI><a href="#[a3]">&gt;&gt;</a>&nbsp;&nbsp;&nbsp;USART_ReceiveData
<LI><a href="#[a6]">&gt;&gt;</a>&nbsp;&nbsp;&nbsp;USART_ITConfig
<LI><a href="#[a2]">&gt;&gt;</a>&nbsp;&nbsp;&nbsp;USART_GetITStatus
<LI><a href="#[a4]">&gt;&gt;</a>&nbsp;&nbsp;&nbsp;Serial_FillRcvBuf
<LI><a href="#[a7]">&gt;&gt;</a>&nbsp;&nbsp;&nbsp;SerialEnableTx
</UL>
<BR>[Called By]<UL><LI><a href="#[44]">&gt;&gt;</a>&nbsp;&nbsp;&nbsp;UART5_IRQHandler
<LI><a href="#[43]">&gt;&gt;</a>&nbsp;&nbsp;&nbsp;UART4_IRQHandler
<LI><a href="#[36]">&gt;&gt;</a>&nbsp;&nbsp;&nbsp;USART3_IRQHandler
<LI><a href="#[35]">&gt;&gt;</a>&nbsp;&nbsp;&nbsp;USART2_IRQHandler
</UL>

<P><STRONG><a name="[4d]"></a>Disp_PressureAdcCb</STRONG> (Thumb, 32 bytes, Stack size 8 bytes, display.o(.text))
<BR><BR>[Stack]<UL><LI>Max Depth = 8<LI>Call Chain = Disp_PressureAdcCb
</UL>
<BR>[Calls]<UL><LI><a href="#[11b]">&gt;&gt;</a>&nbsp;&nbsp;&nbsp;GetAdcData
</UL>
<BR>[Address Reference Count : 1]<UL><LI> display.o(.text)
</UL>
<P><STRONG><a name="[4f]"></a>ADC_TIM2Handler</STRONG> (Thumb, 28 bytes, Stack size 8 bytes, adc.o(.text))
<BR><BR>[Stack]<UL><LI>Max Depth = 84 + Unknown Stack Size
<LI>Call Chain = ADC_TIM2Handler &rArr; MessageSend &rArr; queueMessage &rArr; VOS_SemP &rArr; OSSemPost &rArr; OS_EventTaskRdy
</UL>
<BR>[Calls]<UL><LI><a href="#[8a]">&gt;&gt;</a>&nbsp;&nbsp;&nbsp;MessageSend
<LI><a href="#[89]">&gt;&gt;</a>&nbsp;&nbsp;&nbsp;MessageAlloc
</UL>
<BR>[Address Reference Count : 1]<UL><LI> adc.o(.text)
</UL>
<P><STRONG><a name="[16d]"></a>Oversampling_GetConversion</STRONG> (Thumb, 94 bytes, Stack size 20 bytes, adc.o(.text))
<BR><BR>[Stack]<UL><LI>Max Depth = 20<LI>Call Chain = Oversampling_GetConversion
</UL>
<BR>[Called By]<UL><LI><a href="#[8e]">&gt;&gt;</a>&nbsp;&nbsp;&nbsp;PidAdcProcess
</UL>

<P><STRONG><a name="[181]"></a>__list_add</STRONG> (Thumb, 10 bytes, Stack size 0 bytes, list.o(.text))
<BR><BR>[Called By]<UL><LI><a href="#[182]">&gt;&gt;</a>&nbsp;&nbsp;&nbsp;list_add_tail
<LI><a href="#[180]">&gt;&gt;</a>&nbsp;&nbsp;&nbsp;list_add
</UL>

<P><STRONG><a name="[50]"></a>ValveSwitchMeasChl</STRONG> (Thumb, 158 bytes, Stack size 24 bytes, valve.o(.text))
<BR><BR>[Stack]<UL><LI>Max Depth = 72<LI>Call Chain = ValveSwitchMeasChl &rArr; PCA9502_UpdateGpios &rArr; PCA9502_Write &rArr; stm32_gpio_set_value
</UL>
<BR>[Calls]<UL><LI><a href="#[188]">&gt;&gt;</a>&nbsp;&nbsp;&nbsp;list_empty
<LI><a href="#[186]">&gt;&gt;</a>&nbsp;&nbsp;&nbsp;list_del_init
<LI><a href="#[182]">&gt;&gt;</a>&nbsp;&nbsp;&nbsp;list_add_tail
<LI><a href="#[164]">&gt;&gt;</a>&nbsp;&nbsp;&nbsp;PCA9502_UpdateGpios
<LI><a href="#[11b]">&gt;&gt;</a>&nbsp;&nbsp;&nbsp;GetAdcData
<LI><a href="#[b5]">&gt;&gt;</a>&nbsp;&nbsp;&nbsp;__2printf
</UL>
<BR>[Address Reference Count : 1]<UL><LI> valve.o(.text)
</UL>
<P><STRONG><a name="[19b]"></a>TI2_Config</STRONG> (Thumb, 54 bytes, Stack size 20 bytes, stm32f10x_tim.o(.text), UNUSED)
<BR><BR>[Called By]<UL><LI><a href="#[1a1]">&gt;&gt;</a>&nbsp;&nbsp;&nbsp;TIM_TIxExternalClockConfig
<LI><a href="#[19e]">&gt;&gt;</a>&nbsp;&nbsp;&nbsp;TIM_PWMIConfig
<LI><a href="#[197]">&gt;&gt;</a>&nbsp;&nbsp;&nbsp;TIM_ICInit
</UL>

<P><STRONG><a name="[199]"></a>TI1_Config</STRONG> (Thumb, 46 bytes, Stack size 16 bytes, stm32f10x_tim.o(.text), UNUSED)
<BR><BR>[Called By]<UL><LI><a href="#[1a1]">&gt;&gt;</a>&nbsp;&nbsp;&nbsp;TIM_TIxExternalClockConfig
<LI><a href="#[19e]">&gt;&gt;</a>&nbsp;&nbsp;&nbsp;TIM_PWMIConfig
<LI><a href="#[197]">&gt;&gt;</a>&nbsp;&nbsp;&nbsp;TIM_ICInit
</UL>

<P><STRONG><a name="[1b8]"></a>CheckITStatus</STRONG> (Thumb, 12 bytes, Stack size 0 bytes, stm32f10x_can.o(.text))
<BR><BR>[Called By]<UL><LI><a href="#[9d]">&gt;&gt;</a>&nbsp;&nbsp;&nbsp;CAN_GetITStatus
</UL>

<P><STRONG><a name="[1ba]"></a>SetSysClockTo72</STRONG> (Thumb, 168 bytes, Stack size 12 bytes, system_stm32f10x.o(.text))
<BR><BR>[Stack]<UL><LI>Max Depth = 12<LI>Call Chain = SetSysClockTo72
</UL>
<BR>[Called By]<UL><LI><a href="#[51]">&gt;&gt;</a>&nbsp;&nbsp;&nbsp;SystemInit
</UL>

<P><STRONG><a name="[3]"></a>stm32_gpiolib_set</STRONG> (Thumb, 16 bytes, Stack size 0 bytes, gpio.o(.text))
<BR>[Address Reference Count : 1]<UL><LI> gpio.o(.data)
</UL>
<P><STRONG><a name="[2]"></a>stm32_gpiolib_get</STRONG> (Thumb, 12 bytes, Stack size 0 bytes, gpio.o(.text))
<BR>[Address Reference Count : 1]<UL><LI> gpio.o(.data)
</UL>
<P><STRONG><a name="[4]"></a>stm32_gpiolib_toggle</STRONG> (Thumb, 14 bytes, Stack size 0 bytes, gpio.o(.text))
<BR>[Address Reference Count : 1]<UL><LI> gpio.o(.data)
</UL>
<P><STRONG><a name="[1]"></a>stm32_gpiolib_setcfg</STRONG> (Thumb, 58 bytes, Stack size 24 bytes, gpio.o(.text))
<BR><BR>[Stack]<UL><LI>Max Depth = 44<LI>Call Chain = stm32_gpiolib_setcfg &rArr; GPIO_Init
</UL>
<BR>[Calls]<UL><LI><a href="#[1d9]">&gt;&gt;</a>&nbsp;&nbsp;&nbsp;GPIO_StructInit
<LI><a href="#[168]">&gt;&gt;</a>&nbsp;&nbsp;&nbsp;RCC_APB2PeriphClockCmd
<LI><a href="#[169]">&gt;&gt;</a>&nbsp;&nbsp;&nbsp;GPIO_Init
</UL>
<BR>[Address Reference Count : 1]<UL><LI> gpio.o(.data)
</UL>
<P><STRONG><a name="[0]"></a>stm32_gpiolib_getcfg</STRONG> (Thumb, 126 bytes, Stack size 16 bytes, gpio.o(.text))
<BR><BR>[Stack]<UL><LI>Max Depth = 16<LI>Call Chain = stm32_gpiolib_getcfg
</UL>
<BR>[Address Reference Count : 1]<UL><LI> gpio.o(.data)
</UL>
<P><STRONG><a name="[1da]"></a>stm32_gpiolib_getchip</STRONG> (Thumb, 22 bytes, Stack size 0 bytes, gpio.o(.text))
<BR><BR>[Called By]<UL><LI><a href="#[d8]">&gt;&gt;</a>&nbsp;&nbsp;&nbsp;stm32_gpio_toggle_value
<LI><a href="#[d3]">&gt;&gt;</a>&nbsp;&nbsp;&nbsp;stm32_gpio_set_value
<LI><a href="#[d6]">&gt;&gt;</a>&nbsp;&nbsp;&nbsp;stm32_gpio_get_value
<LI><a href="#[d2]">&gt;&gt;</a>&nbsp;&nbsp;&nbsp;stm32_gpio_cfgpin
<LI><a href="#[1db]">&gt;&gt;</a>&nbsp;&nbsp;&nbsp;stm32_gpio_getcfg
<LI><a href="#[1d4]">&gt;&gt;</a>&nbsp;&nbsp;&nbsp;stm32_gpio_get_ext_line
<LI><a href="#[1d7]">&gt;&gt;</a>&nbsp;&nbsp;&nbsp;stm32_gpio_disable_irq
<LI><a href="#[1d3]">&gt;&gt;</a>&nbsp;&nbsp;&nbsp;stm32_gpio_cfg_irq
</UL>

<P><STRONG><a name="[1e2]"></a>NVIC_SetPriority</STRONG> (Thumb, 22 bytes, Stack size 0 bytes, bsp.o(.text))
<BR><BR>[Called By]<UL><LI><a href="#[1e1]">&gt;&gt;</a>&nbsp;&nbsp;&nbsp;SysTick_Configuration
</UL>

<P><STRONG><a name="[228]"></a>findOffset</STRONG> (Thumb, 40 bytes, Stack size 16 bytes, osal_snv.o(.text))
<BR><BR>[Stack]<UL><LI>Max Depth = 24<LI>Call Chain = findOffset &rArr; HalFlashRead
</UL>
<BR>[Calls]<UL><LI><a href="#[229]">&gt;&gt;</a>&nbsp;&nbsp;&nbsp;HalFlashRead
</UL>
<BR>[Called By]<UL><LI><a href="#[233]">&gt;&gt;</a>&nbsp;&nbsp;&nbsp;initNV
</UL>

<P><STRONG><a name="[22a]"></a>erasePage</STRONG> (Thumb, 60 bytes, Stack size 32 bytes, osal_snv.o(.text))
<BR><BR>[Stack]<UL><LI>Max Depth = 60<LI>Call Chain = erasePage &rArr; HalFlashErase &rArr; FLASH_ErasePage &rArr; FLASH_WaitForLastOperation
</UL>
<BR>[Calls]<UL><LI><a href="#[229]">&gt;&gt;</a>&nbsp;&nbsp;&nbsp;HalFlashRead
<LI><a href="#[22b]">&gt;&gt;</a>&nbsp;&nbsp;&nbsp;HalFlashErase
</UL>
<BR>[Called By]<UL><LI><a href="#[234]">&gt;&gt;</a>&nbsp;&nbsp;&nbsp;cleanErasedPage
<LI><a href="#[233]">&gt;&gt;</a>&nbsp;&nbsp;&nbsp;initNV
<LI><a href="#[230]">&gt;&gt;</a>&nbsp;&nbsp;&nbsp;compactPage
</UL>

<P><STRONG><a name="[22c]"></a>verifyWordM</STRONG> (Thumb, 62 bytes, Stack size 24 bytes, osal_snv.o(.text))
<BR><BR>[Stack]<UL><LI>Max Depth = 36<LI>Call Chain = verifyWordM &rArr; memcmp
</UL>
<BR>[Calls]<UL><LI><a href="#[229]">&gt;&gt;</a>&nbsp;&nbsp;&nbsp;HalFlashRead
<LI><a href="#[22d]">&gt;&gt;</a>&nbsp;&nbsp;&nbsp;memcmp
</UL>
<BR>[Called By]<UL><LI><a href="#[b7]">&gt;&gt;</a>&nbsp;&nbsp;&nbsp;osal_snv_write
<LI><a href="#[232]">&gt;&gt;</a>&nbsp;&nbsp;&nbsp;writeWord
</UL>

<P><STRONG><a name="[22e]"></a>findItem</STRONG> (Thumb, 86 bytes, Stack size 24 bytes, osal_snv.o(.text))
<BR><BR>[Stack]<UL><LI>Max Depth = 32<LI>Call Chain = findItem &rArr; HalFlashRead
</UL>
<BR>[Calls]<UL><LI><a href="#[22f]">&gt;&gt;</a>&nbsp;&nbsp;&nbsp;halAssertHandler
<LI><a href="#[229]">&gt;&gt;</a>&nbsp;&nbsp;&nbsp;HalFlashRead
</UL>
<BR>[Called By]<UL><LI><a href="#[b7]">&gt;&gt;</a>&nbsp;&nbsp;&nbsp;osal_snv_write
<LI><a href="#[b9]">&gt;&gt;</a>&nbsp;&nbsp;&nbsp;osal_snv_read
<LI><a href="#[230]">&gt;&gt;</a>&nbsp;&nbsp;&nbsp;compactPage
</UL>

<P><STRONG><a name="[230]"></a>compactPage</STRONG> (Thumb, 228 bytes, Stack size 48 bytes, osal_snv.o(.text))
<BR><BR>[Stack]<UL><LI>Max Depth = 132<LI>Call Chain = compactPage &rArr; setActivePage &rArr; writeWord &rArr; HalFlashWrite &rArr; FLASH_ProgramWord &rArr; FLASH_WaitForLastOperation
</UL>
<BR>[Calls]<UL><LI><a href="#[22f]">&gt;&gt;</a>&nbsp;&nbsp;&nbsp;halAssertHandler
<LI><a href="#[229]">&gt;&gt;</a>&nbsp;&nbsp;&nbsp;HalFlashRead
<LI><a href="#[231]">&gt;&gt;</a>&nbsp;&nbsp;&nbsp;setActivePage
<LI><a href="#[232]">&gt;&gt;</a>&nbsp;&nbsp;&nbsp;writeWord
<LI><a href="#[22e]">&gt;&gt;</a>&nbsp;&nbsp;&nbsp;findItem
<LI><a href="#[22a]">&gt;&gt;</a>&nbsp;&nbsp;&nbsp;erasePage
</UL>
<BR>[Called By]<UL><LI><a href="#[b7]">&gt;&gt;</a>&nbsp;&nbsp;&nbsp;osal_snv_write
<LI><a href="#[237]">&gt;&gt;</a>&nbsp;&nbsp;&nbsp;osal_snv_compact
<LI><a href="#[233]">&gt;&gt;</a>&nbsp;&nbsp;&nbsp;initNV
</UL>

<P><STRONG><a name="[233]"></a>initNV</STRONG> (Thumb, 136 bytes, Stack size 32 bytes, osal_snv.o(.text))
<BR><BR>[Stack]<UL><LI>Max Depth = 164<LI>Call Chain = initNV &rArr; compactPage &rArr; setActivePage &rArr; writeWord &rArr; HalFlashWrite &rArr; FLASH_ProgramWord &rArr; FLASH_WaitForLastOperation
</UL>
<BR>[Calls]<UL><LI><a href="#[229]">&gt;&gt;</a>&nbsp;&nbsp;&nbsp;HalFlashRead
<LI><a href="#[234]">&gt;&gt;</a>&nbsp;&nbsp;&nbsp;cleanErasedPage
<LI><a href="#[231]">&gt;&gt;</a>&nbsp;&nbsp;&nbsp;setActivePage
<LI><a href="#[230]">&gt;&gt;</a>&nbsp;&nbsp;&nbsp;compactPage
<LI><a href="#[22a]">&gt;&gt;</a>&nbsp;&nbsp;&nbsp;erasePage
<LI><a href="#[228]">&gt;&gt;</a>&nbsp;&nbsp;&nbsp;findOffset
</UL>
<BR>[Called By]<UL><LI><a href="#[79]">&gt;&gt;</a>&nbsp;&nbsp;&nbsp;osal_snv_init
<LI><a href="#[107]">&gt;&gt;</a>&nbsp;&nbsp;&nbsp;osal_snv_reset
</UL>

<P><STRONG><a name="[232]"></a>writeWord</STRONG> (Thumb, 52 bytes, Stack size 16 bytes, osal_snv.o(.text))
<BR><BR>[Stack]<UL><LI>Max Depth = 68<LI>Call Chain = writeWord &rArr; HalFlashWrite &rArr; FLASH_ProgramWord &rArr; FLASH_WaitForLastOperation
</UL>
<BR>[Calls]<UL><LI><a href="#[236]">&gt;&gt;</a>&nbsp;&nbsp;&nbsp;HalFlashWrite
<LI><a href="#[22c]">&gt;&gt;</a>&nbsp;&nbsp;&nbsp;verifyWordM
</UL>
<BR>[Called By]<UL><LI><a href="#[b7]">&gt;&gt;</a>&nbsp;&nbsp;&nbsp;osal_snv_write
<LI><a href="#[235]">&gt;&gt;</a>&nbsp;&nbsp;&nbsp;setXferPage
<LI><a href="#[231]">&gt;&gt;</a>&nbsp;&nbsp;&nbsp;setActivePage
<LI><a href="#[230]">&gt;&gt;</a>&nbsp;&nbsp;&nbsp;compactPage
</UL>

<P><STRONG><a name="[231]"></a>setActivePage</STRONG> (Thumb, 32 bytes, Stack size 16 bytes, osal_snv.o(.text))
<BR><BR>[Stack]<UL><LI>Max Depth = 84<LI>Call Chain = setActivePage &rArr; writeWord &rArr; HalFlashWrite &rArr; FLASH_ProgramWord &rArr; FLASH_WaitForLastOperation
</UL>
<BR>[Calls]<UL><LI><a href="#[232]">&gt;&gt;</a>&nbsp;&nbsp;&nbsp;writeWord
</UL>
<BR>[Called By]<UL><LI><a href="#[233]">&gt;&gt;</a>&nbsp;&nbsp;&nbsp;initNV
<LI><a href="#[230]">&gt;&gt;</a>&nbsp;&nbsp;&nbsp;compactPage
</UL>

<P><STRONG><a name="[234]"></a>cleanErasedPage</STRONG> (Thumb, 48 bytes, Stack size 24 bytes, osal_snv.o(.text))
<BR><BR>[Stack]<UL><LI>Max Depth = 84<LI>Call Chain = cleanErasedPage &rArr; erasePage &rArr; HalFlashErase &rArr; FLASH_ErasePage &rArr; FLASH_WaitForLastOperation
</UL>
<BR>[Calls]<UL><LI><a href="#[229]">&gt;&gt;</a>&nbsp;&nbsp;&nbsp;HalFlashRead
<LI><a href="#[22a]">&gt;&gt;</a>&nbsp;&nbsp;&nbsp;erasePage
</UL>
<BR>[Called By]<UL><LI><a href="#[233]">&gt;&gt;</a>&nbsp;&nbsp;&nbsp;initNV
</UL>

<P><STRONG><a name="[235]"></a>setXferPage</STRONG> (Thumb, 20 bytes, Stack size 8 bytes, osal_snv.o(.text))
<BR><BR>[Stack]<UL><LI>Max Depth = 76<LI>Call Chain = setXferPage &rArr; writeWord &rArr; HalFlashWrite &rArr; FLASH_ProgramWord &rArr; FLASH_WaitForLastOperation
</UL>
<BR>[Calls]<UL><LI><a href="#[232]">&gt;&gt;</a>&nbsp;&nbsp;&nbsp;writeWord
</UL>
<BR>[Called By]<UL><LI><a href="#[b7]">&gt;&gt;</a>&nbsp;&nbsp;&nbsp;osal_snv_write
<LI><a href="#[237]">&gt;&gt;</a>&nbsp;&nbsp;&nbsp;osal_snv_compact
</UL>

<P><STRONG><a name="[262]"></a>OS_SchedNew</STRONG> (Thumb, 34 bytes, Stack size 0 bytes, os_core.o(.text))
<BR><BR>[Called By]<UL><LI><a href="#[54]">&gt;&gt;</a>&nbsp;&nbsp;&nbsp;OSIntExit
<LI><a href="#[99]">&gt;&gt;</a>&nbsp;&nbsp;&nbsp;OSStart
<LI><a href="#[265]">&gt;&gt;</a>&nbsp;&nbsp;&nbsp;OS_Sched
</UL>

<P><STRONG><a name="[294]"></a>OS_FlagTaskRdy</STRONG> (Thumb, 70 bytes, Stack size 8 bytes, os_flag.o(.text), UNUSED)
<BR><BR>[Calls]<UL><LI><a href="#[27b]">&gt;&gt;</a>&nbsp;&nbsp;&nbsp;OS_FlagUnlink
</UL>
<BR>[Called By]<UL><LI><a href="#[29b]">&gt;&gt;</a>&nbsp;&nbsp;&nbsp;OSFlagPost
<LI><a href="#[295]">&gt;&gt;</a>&nbsp;&nbsp;&nbsp;OSFlagDel
</UL>

<P><STRONG><a name="[299]"></a>OS_FlagBlock</STRONG> (Thumb, 84 bytes, Stack size 20 bytes, os_flag.o(.text), UNUSED)
<BR><BR>[Called By]<UL><LI><a href="#[298]">&gt;&gt;</a>&nbsp;&nbsp;&nbsp;OSFlagPend
</UL>

<P><STRONG><a name="[2b5]"></a>_printf_core</STRONG> (Thumb, 988 bytes, Stack size 104 bytes, printf8.o(i._printf_core), UNUSED)
<BR><BR>[Calls]<UL><LI><a href="#[2bc]">&gt;&gt;</a>&nbsp;&nbsp;&nbsp;_printf_pre_padding
<LI><a href="#[2bd]">&gt;&gt;</a>&nbsp;&nbsp;&nbsp;_printf_post_padding
<LI><a href="#[2a5]">&gt;&gt;</a>&nbsp;&nbsp;&nbsp;__aeabi_uldivmod
</UL>
<BR>[Called By]<UL><LI><a href="#[2b6]">&gt;&gt;</a>&nbsp;&nbsp;&nbsp;__0sprintf$8
<LI><a href="#[2b4]">&gt;&gt;</a>&nbsp;&nbsp;&nbsp;__0printf$8
</UL>

<P><STRONG><a name="[2bd]"></a>_printf_post_padding</STRONG> (Thumb, 38 bytes, Stack size 24 bytes, printf8.o(i._printf_post_padding), UNUSED)
<BR><BR>[Called By]<UL><LI><a href="#[2b5]">&gt;&gt;</a>&nbsp;&nbsp;&nbsp;_printf_core
</UL>

<P><STRONG><a name="[2bc]"></a>_printf_pre_padding</STRONG> (Thumb, 48 bytes, Stack size 24 bytes, printf8.o(i._printf_pre_padding), UNUSED)
<BR><BR>[Called By]<UL><LI><a href="#[2b5]">&gt;&gt;</a>&nbsp;&nbsp;&nbsp;_printf_core
</UL>

<P><STRONG><a name="[56]"></a>_sputc</STRONG> (Thumb, 10 bytes, Stack size 0 bytes, printf8.o(i._sputc))
<BR><BR>[Called By]<UL><LI><a href="#[2b6]">&gt;&gt;</a>&nbsp;&nbsp;&nbsp;__0sprintf$8
</UL>
<BR>[Address Reference Count : 1]<UL><LI> printf8.o(i.__0sprintf$8)
</UL>
<P><STRONG><a name="[2ba]"></a>_fp_digits</STRONG> (Thumb, 326 bytes, Stack size 56 bytes, printfa.o(i._fp_digits), UNUSED)
<BR><BR>[Calls]<UL><LI><a href="#[2a5]">&gt;&gt;</a>&nbsp;&nbsp;&nbsp;__aeabi_uldivmod
<LI><a href="#[2af]">&gt;&gt;</a>&nbsp;&nbsp;&nbsp;__aeabi_dmul
<LI><a href="#[2b0]">&gt;&gt;</a>&nbsp;&nbsp;&nbsp;__aeabi_ddiv
<LI><a href="#[2a9]">&gt;&gt;</a>&nbsp;&nbsp;&nbsp;__aeabi_dadd
<LI><a href="#[2b1]">&gt;&gt;</a>&nbsp;&nbsp;&nbsp;__aeabi_d2ulz
<LI><a href="#[2bb]">&gt;&gt;</a>&nbsp;&nbsp;&nbsp;__aeabi_cdrcmple
</UL>
<BR>[Called By]<UL><LI><a href="#[2b8]">&gt;&gt;</a>&nbsp;&nbsp;&nbsp;_printf_core
</UL>

<P><STRONG><a name="[2b8]"></a>_printf_core</STRONG> (Thumb, 1762 bytes, Stack size 136 bytes, printfa.o(i._printf_core), UNUSED)
<BR><BR>[Calls]<UL><LI><a href="#[2a5]">&gt;&gt;</a>&nbsp;&nbsp;&nbsp;__aeabi_uldivmod
<LI><a href="#[2c0]">&gt;&gt;</a>&nbsp;&nbsp;&nbsp;__aeabi_uidivmod
<LI><a href="#[2be]">&gt;&gt;</a>&nbsp;&nbsp;&nbsp;_printf_pre_padding
<LI><a href="#[2bf]">&gt;&gt;</a>&nbsp;&nbsp;&nbsp;_printf_post_padding
<LI><a href="#[2ba]">&gt;&gt;</a>&nbsp;&nbsp;&nbsp;_fp_digits
</UL>
<BR>[Called By]<UL><LI><a href="#[2b9]">&gt;&gt;</a>&nbsp;&nbsp;&nbsp;__0vsprintf
<LI><a href="#[2b7]">&gt;&gt;</a>&nbsp;&nbsp;&nbsp;__0vprintf
</UL>

<P><STRONG><a name="[2bf]"></a>_printf_post_padding</STRONG> (Thumb, 38 bytes, Stack size 24 bytes, printfa.o(i._printf_post_padding), UNUSED)
<BR><BR>[Called By]<UL><LI><a href="#[2b8]">&gt;&gt;</a>&nbsp;&nbsp;&nbsp;_printf_core
</UL>

<P><STRONG><a name="[2be]"></a>_printf_pre_padding</STRONG> (Thumb, 48 bytes, Stack size 24 bytes, printfa.o(i._printf_pre_padding), UNUSED)
<BR><BR>[Called By]<UL><LI><a href="#[2b8]">&gt;&gt;</a>&nbsp;&nbsp;&nbsp;_printf_core
</UL>

<P><STRONG><a name="[57]"></a>_sputc</STRONG> (Thumb, 10 bytes, Stack size 0 bytes, printfa.o(i._sputc))
<BR><BR>[Called By]<UL><LI><a href="#[2b9]">&gt;&gt;</a>&nbsp;&nbsp;&nbsp;__0vsprintf
</UL>
<BR>[Address Reference Count : 1]<UL><LI> printfa.o(i.__0vsprintf)
</UL><P>
<H3>
Undefined Global Symbols
</H3><HR></body></html>
